Archive member included to satisfy reference by file (symbol)

c:/mounriver/mounriver_studio/toolchain/risc-v embedded gcc/bin/../lib/gcc/riscv-none-embed/8.2.0/rv32imacxw/ilp32\libgcc.a(save-restore.o)
                              ./User/USB_Host/app_km.o (__riscv_save_12)
c:/mounriver/mounriver_studio/toolchain/risc-v embedded gcc/bin/../lib/gcc/riscv-none-embed/8.2.0/../../../../riscv-none-embed/lib/rv32imacxw/ilp32\libg_nano.a(lib_a-memchr.o)
                              ./User/USB_Host/app_km.o (memchr)
c:/mounriver/mounriver_studio/toolchain/risc-v embedded gcc/bin/../lib/gcc/riscv-none-embed/8.2.0/../../../../riscv-none-embed/lib/rv32imacxw/ilp32\libg_nano.a(lib_a-memcpy.o)
                              ./User/USB_Host/ch32v20x_usbfs_host.o (memcpy)
c:/mounriver/mounriver_studio/toolchain/risc-v embedded gcc/bin/../lib/gcc/riscv-none-embed/8.2.0/../../../../riscv-none-embed/lib/rv32imacxw/ilp32\libg_nano.a(lib_a-memset.o)
                              ./User/USB_Host/app_km.o (memset)
c:/mounriver/mounriver_studio/toolchain/risc-v embedded gcc/bin/../lib/gcc/riscv-none-embed/8.2.0/../../../../riscv-none-embed/lib/rv32imacxw/ilp32\libg_nano.a(lib_a-printf.o)
                              ./User/USB_Host/app_km.o (printf)
c:/mounriver/mounriver_studio/toolchain/risc-v embedded gcc/bin/../lib/gcc/riscv-none-embed/8.2.0/../../../../riscv-none-embed/lib/rv32imacxw/ilp32\libg_nano.a(lib_a-puts.o)
                              ./User/USB_Host/app_km.o (puts)
c:/mounriver/mounriver_studio/toolchain/risc-v embedded gcc/bin/../lib/gcc/riscv-none-embed/8.2.0/../../../../riscv-none-embed/lib/rv32imacxw/ilp32\libg_nano.a(lib_a-strlen.o)
                              ./User/lcd.o (strlen)
c:/mounriver/mounriver_studio/toolchain/risc-v embedded gcc/bin/../lib/gcc/riscv-none-embed/8.2.0/../../../../riscv-none-embed/lib/rv32imacxw/ilp32\libg_nano.a(lib_a-wbuf.o)
                              c:/mounriver/mounriver_studio/toolchain/risc-v embedded gcc/bin/../lib/gcc/riscv-none-embed/8.2.0/../../../../riscv-none-embed/lib/rv32imacxw/ilp32\libg_nano.a(lib_a-puts.o) (__swbuf_r)
c:/mounriver/mounriver_studio/toolchain/risc-v embedded gcc/bin/../lib/gcc/riscv-none-embed/8.2.0/../../../../riscv-none-embed/lib/rv32imacxw/ilp32\libg_nano.a(lib_a-wsetup.o)
                              c:/mounriver/mounriver_studio/toolchain/risc-v embedded gcc/bin/../lib/gcc/riscv-none-embed/8.2.0/../../../../riscv-none-embed/lib/rv32imacxw/ilp32\libg_nano.a(lib_a-puts.o) (__swsetup_r)
c:/mounriver/mounriver_studio/toolchain/risc-v embedded gcc/bin/../lib/gcc/riscv-none-embed/8.2.0/../../../../riscv-none-embed/lib/rv32imacxw/ilp32\libg_nano.a(lib_a-fflush.o)
                              c:/mounriver/mounriver_studio/toolchain/risc-v embedded gcc/bin/../lib/gcc/riscv-none-embed/8.2.0/../../../../riscv-none-embed/lib/rv32imacxw/ilp32\libg_nano.a(lib_a-wbuf.o) (_fflush_r)
c:/mounriver/mounriver_studio/toolchain/risc-v embedded gcc/bin/../lib/gcc/riscv-none-embed/8.2.0/../../../../riscv-none-embed/lib/rv32imacxw/ilp32\libg_nano.a(lib_a-findfp.o)
                              c:/mounriver/mounriver_studio/toolchain/risc-v embedded gcc/bin/../lib/gcc/riscv-none-embed/8.2.0/../../../../riscv-none-embed/lib/rv32imacxw/ilp32\libg_nano.a(lib_a-printf.o) (__sinit)
c:/mounriver/mounriver_studio/toolchain/risc-v embedded gcc/bin/../lib/gcc/riscv-none-embed/8.2.0/../../../../riscv-none-embed/lib/rv32imacxw/ilp32\libg_nano.a(lib_a-fwalk.o)
                              c:/mounriver/mounriver_studio/toolchain/risc-v embedded gcc/bin/../lib/gcc/riscv-none-embed/8.2.0/../../../../riscv-none-embed/lib/rv32imacxw/ilp32\libg_nano.a(lib_a-findfp.o) (_fwalk)
c:/mounriver/mounriver_studio/toolchain/risc-v embedded gcc/bin/../lib/gcc/riscv-none-embed/8.2.0/../../../../riscv-none-embed/lib/rv32imacxw/ilp32\libg_nano.a(lib_a-impure.o)
                              c:/mounriver/mounriver_studio/toolchain/risc-v embedded gcc/bin/../lib/gcc/riscv-none-embed/8.2.0/../../../../riscv-none-embed/lib/rv32imacxw/ilp32\libg_nano.a(lib_a-fflush.o) (_global_impure_ptr)
c:/mounriver/mounriver_studio/toolchain/risc-v embedded gcc/bin/../lib/gcc/riscv-none-embed/8.2.0/../../../../riscv-none-embed/lib/rv32imacxw/ilp32\libg_nano.a(lib_a-makebuf.o)
                              c:/mounriver/mounriver_studio/toolchain/risc-v embedded gcc/bin/../lib/gcc/riscv-none-embed/8.2.0/../../../../riscv-none-embed/lib/rv32imacxw/ilp32\libg_nano.a(lib_a-wsetup.o) (__smakebuf_r)
c:/mounriver/mounriver_studio/toolchain/risc-v embedded gcc/bin/../lib/gcc/riscv-none-embed/8.2.0/../../../../riscv-none-embed/lib/rv32imacxw/ilp32\libg_nano.a(lib_a-nano-freer.o)
                              c:/mounriver/mounriver_studio/toolchain/risc-v embedded gcc/bin/../lib/gcc/riscv-none-embed/8.2.0/../../../../riscv-none-embed/lib/rv32imacxw/ilp32\libg_nano.a(lib_a-wsetup.o) (_free_r)
[...]
Memory Configuration

Name             Origin             Length             Attributes
FLASH            0x0000000000000000 0x0000000000010000 xr
RAM              0x0000000020000000 0x0000000000005000 xrw
*default*        0x0000000000000000 0xffffffffffffffff

Linker script and memory map

LOAD ./User/USB_Host/app_km.o
LOAD ./User/USB_Host/ch32v20x_usbfs_host.o
LOAD ./User/USB_Host/usb_host_hid.o
LOAD ./User/USB_Host/usb_host_hub.o
LOAD ./User/ch32v20x_it.o
LOAD ./User/lcd.o
LOAD ./User/main.o
LOAD ./User/mousecontrol.o
LOAD ./User/system_ch32v20x.o
LOAD ./Startup/startup_ch32v20x_D6.o
LOAD ./Peripheral/src/ch32v20x_adc.o
LOAD ./Peripheral/src/ch32v20x_bkp.o
LOAD ./Peripheral/src/ch32v20x_can.o
LOAD ./Peripheral/src/ch32v20x_crc.o
LOAD ./Peripheral/src/ch32v20x_dbgmcu.o
LOAD ./Peripheral/src/ch32v20x_dma.o
LOAD ./Peripheral/src/ch32v20x_exti.o
LOAD ./Peripheral/src/ch32v20x_flash.o
LOAD ./Peripheral/src/ch32v20x_gpio.o
LOAD ./Peripheral/src/ch32v20x_i2c.o
LOAD ./Peripheral/src/ch32v20x_iwdg.o
LOAD ./Peripheral/src/ch32v20x_misc.o
LOAD ./Peripheral/src/ch32v20x_opa.o
LOAD ./Peripheral/src/ch32v20x_pwr.o
LOAD ./Peripheral/src/ch32v20x_rcc.o
LOAD ./Peripheral/src/ch32v20x_rtc.o
LOAD ./Peripheral/src/ch32v20x_spi.o
LOAD ./Peripheral/src/ch32v20x_tim.o
LOAD ./Peripheral/src/ch32v20x_usart.o
LOAD ./Peripheral/src/ch32v20x_wwdg.o
LOAD ./Debug/debug.o
LOAD ./Core/core_riscv.o
LOAD c:/mounriver/mounriver_studio/toolchain/risc-v embedded gcc/bin/../lib/gcc/riscv-none-embed/8.2.0/rv32imacxw/ilp32\libgcc.a
LOAD c:/mounriver/mounriver_studio/toolchain/risc-v embedded gcc/bin/../lib/gcc/riscv-none-embed/8.2.0/../../../../riscv-none-embed/lib/rv32imacxw/ilp32\libg_nano.a
LOAD c:/mounriver/mounriver_studio/toolchain/risc-v embedded gcc/bin/../lib/gcc/riscv-none-embed/8.2.0/../../../../riscv-none-embed/lib/rv32imacxw/ilp32\libc_nano.a
LOAD c:/mounriver/mounriver_studio/toolchain/risc-v embedded gcc/bin/../lib/gcc/riscv-none-embed/8.2.0/rv32imacxw/ilp32\libgcc.a
START GROUP
LOAD c:/mounriver/mounriver_studio/toolchain/risc-v embedded gcc/bin/../lib/gcc/riscv-none-embed/8.2.0/rv32imacxw/ilp32\libgcc.a
LOAD c:/mounriver/mounriver_studio/toolchain/risc-v embedded gcc/bin/../lib/gcc/riscv-none-embed/8.2.0/../../../../riscv-none-embed/lib/rv32imacxw/ilp32\libc_nano.a
LOAD c:/mounriver/mounriver_studio/toolchain/risc-v embedded gcc/bin/../lib/gcc/riscv-none-embed/8.2.0/../../../../riscv-none-embed/lib/rv32imacxw/ilp32\libnosys.a
END GROUP
START GROUP
LOAD c:/mounriver/mounriver_studio/toolchain/risc-v embedded gcc/bin/../lib/gcc/riscv-none-embed/8.2.0/rv32imacxw/ilp32\libgcc.a
LOAD c:/mounriver/mounriver_studio/toolchain/risc-v embedded gcc/bin/../lib/gcc/riscv-none-embed/8.2.0/../../../../riscv-none-embed/lib/rv32imacxw/ilp32\libc_nano.a
LOAD c:/mounriver/mounriver_studio/toolchain/risc-v embedded gcc/bin/../lib/gcc/riscv-none-embed/8.2.0/../../../../riscv-none-embed/lib/rv32imacxw/ilp32\libnosys.a
END GROUP
                0x0000000000000800                __stack_size = 0x800
                [!provide]                        PROVIDE (_stack_size = __stack_size)

.init           0x0000000000000000       0x38
                0x0000000000000000                _sinit = .
                0x0000000000000000                . = ALIGN (0x4)
 *(SORT_NONE(.init))
 .init          0x0000000000000000       0x38 ./Startup/startup_ch32v20x_D6.o
                0x0000000000000000                _start
                0x0000000000000038                . = ALIGN (0x4)
                0x0000000000000038                _einit = .

.vector         0x0000000000000038      0x108
 *(.vector)
 .vector        0x0000000000000038       0xfc ./Startup/startup_ch32v20x_D6.o
                0x0000000000000140                . = ALIGN (0x40)
 *fill*         0x0000000000000134        0xc 

.text           0x0000000000000140     0x4780
                0x0000000000000140                . = ALIGN (0x4)
 *(.text)
 .text          0x0000000000000140       0x60 c:/mounriver/mounriver_studio/toolchain/risc-v embedded gcc/bin/../lib/gcc/riscv-none-embed/8.2.0/rv32imacxw/ilp32\libgcc.a(save-restore.o)
                0x0000000000000140                __riscv_save_12
                0x0000000000000148                __riscv_save_9
                0x0000000000000148                __riscv_save_11
                0x0000000000000148                __riscv_save_10
                0x0000000000000148                __riscv_save_8
                0x0000000000000156                __riscv_save_4
                0x0000000000000156                __riscv_save_6
                0x0000000000000156                __riscv_save_5
                0x0000000000000156                __riscv_save_7
                0x0000000000000170                __riscv_save_3
                0x0000000000000170                __riscv_save_2
                0x0000000000000170                __riscv_save_1
                0x0000000000000170                __riscv_save_0
                0x000000000000017c                __riscv_restore_12
                0x0000000000000180                __riscv_restore_11
                0x0000000000000180                __riscv_restore_9
                0x0000000000000180                __riscv_restore_10
                0x0000000000000180                __riscv_restore_8
                0x000000000000018a                __riscv_restore_5
                0x000000000000018a                __riscv_restore_7
                0x000000000000018a                __riscv_restore_6
                0x000000000000018a                __riscv_restore_4
                0x0000000000000194                __riscv_restore_3
                0x0000000000000194                __riscv_restore_0
                0x0000000000000194                __riscv_restore_2
                0x0000000000000194                __riscv_restore_1
 .text          0x00000000000001a0       0xa8 c:/mounriver/mounriver_studio/toolchain/risc-v embedded gcc/bin/../lib/gcc/riscv-none-embed/8.2.0/../../../../riscv-none-embed/lib/rv32imacxw/ilp32\libg_nano.a(lib_a-memset.o)
                0x00000000000001a0                memset
 *(.text.*)
 .text.TIM3_Init
                0x0000000000000248       0x70 ./User/USB_Host/app_km.o
                0x0000000000000248                TIM3_Init
 .text.TIM3_IRQHandler
                0x00000000000002b8      0x10a ./User/USB_Host/app_km.o
                0x00000000000002b8                TIM3_IRQHandler
 .text.USBH_AnalyseType
                0x00000000000003c2       0x42 ./User/USB_Host/app_km.o
                0x00000000000003c2                USBH_AnalyseType
 .text.USBH_EnumRootDevice
                0x0000000000000404      0x1ec ./User/USB_Host/app_km.o
                0x0000000000000404                USBH_EnumRootDevice
 .text.KM_AnalyzeConfigDesc
                0x00000000000005f0      0x1ea ./User/USB_Host/app_km.o
                0x00000000000005f0                KM_AnalyzeConfigDesc
 .text.KM_AnalyzeHidReportDesc
                0x00000000000007da      0x192 ./User/USB_Host/app_km.o
                0x00000000000007da                KM_AnalyzeHidReportDesc
 .text.KM_DealHidReportDesc
                0x000000000000096c       0xdc ./User/USB_Host/app_km.o
                0x000000000000096c                KM_DealHidReportDesc
 .text.HUB_AnalyzeConfigDesc
                0x0000000000000a48       0xaa ./User/USB_Host/app_km.o
                0x0000000000000a48                HUB_AnalyzeConfigDesc
 .text.USBH_EnumHubDevice
                0x0000000000000af2      0x2ac ./User/USB_Host/app_km.o
                0x0000000000000af2                USBH_EnumHubDevice
 .text.HUB_Port_PreEnum1
                0x0000000000000d9e       0xba ./User/USB_Host/app_km.o
                0x0000000000000d9e                HUB_Port_PreEnum1
 .text.HUB_Port_PreEnum2
                0x0000000000000e58       0xe0 ./User/USB_Host/app_km.o
                0x0000000000000e58                HUB_Port_PreEnum2
 .text.HUB_CheckPortSpeed
                0x0000000000000f38       0x2a ./User/USB_Host/app_km.o
                0x0000000000000f38                HUB_CheckPortSpeed
 .text.USBH_EnumHubPortDevice
                0x0000000000000f62      0x1aa ./User/USB_Host/app_km.o
                0x0000000000000f62                USBH_EnumHubPortDevice
 .text.KB_AnalyzeKeyValue
                0x000000000000110c       0x9e ./User/USB_Host/app_km.o
                0x000000000000110c                KB_AnalyzeKeyValue
 .text.KB_SetReport
                0x00000000000011aa       0x98 ./User/USB_Host/app_km.o
                0x00000000000011aa                KB_SetReport
 .text.USBH_EnumHidDevice
                0x0000000000001242      0x220 ./User/USB_Host/app_km.o
                0x0000000000001242                USBH_EnumHidDevice
 .text.USBH_MainDeal
                0x0000000000001462      0x65c ./User/USB_Host/app_km.o
                0x0000000000001462                USBH_MainDeal
 .text.USBFSH_SetSelfSpeed.part.0
                0x0000000000001abe       0x26 ./User/USB_Host/ch32v20x_usbfs_host.o
 .text.USBFS_RCC_Init
                0x0000000000001ae4       0x46 ./User/USB_Host/ch32v20x_usbfs_host.o
                0x0000000000001ae4                USBFS_RCC_Init
 .text.USBFS_Host_Init
                0x0000000000001b2a       0x48 ./User/USB_Host/ch32v20x_usbfs_host.o
                0x0000000000001b2a                USBFS_Host_Init
 .text.USBFSH_CheckRootHubPortStatus
                0x0000000000001b72       0x2e ./User/USB_Host/ch32v20x_usbfs_host.o
                0x0000000000001b72                USBFSH_CheckRootHubPortStatus
 .text.USBFSH_CheckRootHubPortSpeed
                0x0000000000001ba0       0x10 ./User/USB_Host/ch32v20x_usbfs_host.o
                0x0000000000001ba0                USBFSH_CheckRootHubPortSpeed
 .text.USBFSH_SetSelfAddr
                0x0000000000001bb0       0x14 ./User/USB_Host/ch32v20x_usbfs_host.o
                0x0000000000001bb0                USBFSH_SetSelfAddr
 .text.USBFSH_SetSelfSpeed
                0x0000000000001bc4       0x2e ./User/USB_Host/ch32v20x_usbfs_host.o
                0x0000000000001bc4                USBFSH_SetSelfSpeed
 .text.USBFSH_ResetRootHubPort
                0x0000000000001bf2       0x50 ./User/USB_Host/ch32v20x_usbfs_host.o
                0x0000000000001bf2                USBFSH_ResetRootHubPort
 .text.USBFSH_EnableRootHubPort
                0x0000000000001c42       0x3c ./User/USB_Host/ch32v20x_usbfs_host.o
                0x0000000000001c42                USBFSH_EnableRootHubPort
 .text.USBFSH_Transact
                0x0000000000001c7e       0xf4 ./User/USB_Host/ch32v20x_usbfs_host.o
                0x0000000000001c7e                USBFSH_Transact
 .text.USBFSH_CtrlTransfer
                0x0000000000001d72      0x196 ./User/USB_Host/ch32v20x_usbfs_host.o
                0x0000000000001d72                USBFSH_CtrlTransfer
 .text.USBFSH_GetDeviceDescr
                0x0000000000001f08       0x3e ./User/USB_Host/ch32v20x_usbfs_host.o
                0x0000000000001f08                USBFSH_GetDeviceDescr
 .text.USBFSH_GetConfigDescr
                0x0000000000001f46       0x68 ./User/USB_Host/ch32v20x_usbfs_host.o
                0x0000000000001f46                USBFSH_GetConfigDescr
 .text.USBFSH_GetStrDescr
                0x0000000000001fae       0x56 ./User/USB_Host/ch32v20x_usbfs_host.o
                0x0000000000001fae                USBFSH_GetStrDescr
 .text.USBFSH_SetUsbAddress
                0x0000000000002004       0x34 ./User/USB_Host/ch32v20x_usbfs_host.o
                0x0000000000002004                USBFSH_SetUsbAddress
 .text.USBFSH_SetUsbConfig
                0x0000000000002038       0x22 ./User/USB_Host/ch32v20x_usbfs_host.o
                0x0000000000002038                USBFSH_SetUsbConfig
 .text.USBFSH_ClearEndpStall
                0x000000000000205a       0x22 ./User/USB_Host/ch32v20x_usbfs_host.o
                0x000000000000205a                USBFSH_ClearEndpStall
 .text.USBFSH_GetEndpData
                0x000000000000207c       0x44 ./User/USB_Host/ch32v20x_usbfs_host.o
                0x000000000000207c                USBFSH_GetEndpData
 .text.USBFSH_SendEndpData
                0x00000000000020c0       0x3c ./User/USB_Host/ch32v20x_usbfs_host.o
                0x00000000000020c0                USBFSH_SendEndpData
 .text.HID_GetHidDesr
                0x00000000000020fc       0x2a ./User/USB_Host/usb_host_hid.o
                0x00000000000020fc                HID_GetHidDesr
 .text.HID_SetReport
                0x0000000000002126       0x26 ./User/USB_Host/usb_host_hid.o
                0x0000000000002126                HID_SetReport
 .text.HID_SetIdle
                0x000000000000214c       0x2c ./User/USB_Host/usb_host_hid.o
                0x000000000000214c                HID_SetIdle
 .text.HUB_GetPortStatus
                0x0000000000002178       0x2c ./User/USB_Host/usb_host_hub.o
                0x0000000000002178                HUB_GetPortStatus
 .text.HUB_ClearPortFeature
                0x00000000000021a4       0x26 ./User/USB_Host/usb_host_hub.o
                0x00000000000021a4                HUB_ClearPortFeature
 .text.HUB_SetPortFeature
                0x00000000000021ca       0x26 ./User/USB_Host/usb_host_hub.o
                0x00000000000021ca                HUB_SetPortFeature
 .text.HUB_GetClassDevDescr
                0x00000000000021f0       0x38 ./User/USB_Host/usb_host_hub.o
                0x00000000000021f0                HUB_GetClassDevDescr
 .text.NMI_Handler
                0x0000000000002228        0x4 ./User/ch32v20x_it.o
                0x0000000000002228                NMI_Handler
 .text.HardFault_Handler
                0x000000000000222c        0x2 ./User/ch32v20x_it.o
                0x000000000000222c                HardFault_Handler
 .text.LCD_Writ_Bus
                0x000000000000222e       0x48 ./User/lcd.o
                0x000000000000222e                LCD_Writ_Bus
 .text.LCD_WR_DATA
                0x0000000000002276       0x14 ./User/lcd.o
                0x0000000000002276                LCD_WR_DATA
 .text.LCD_WR_REG
                0x000000000000228a       0x2a ./User/lcd.o
                0x000000000000228a                LCD_WR_REG
 .text.LCD_Address_Set
                0x00000000000022b4       0x3c ./User/lcd.o
                0x00000000000022b4                LCD_Address_Set
 .text.lcd_gpio_init
                0x00000000000022f0       0xba ./User/lcd.o
                0x00000000000022f0                lcd_gpio_init
 .text.LCD_Fill_Fast
                0x00000000000023aa       0x88 ./User/lcd.o
                0x00000000000023aa                LCD_Fill_Fast
 .text.lcd_init
                0x0000000000002432      0x204 ./User/lcd.o
                0x0000000000002432                lcd_init
 .text.startup.main
                0x0000000000002636      0x22a ./User/main.o
                0x0000000000002636                main
 .text.mousepresent
                0x0000000000002860        0x2 ./User/mousecontrol.o
                0x0000000000002860                mousepresent
 .text.mousehandledata
                0x0000000000002862       0x24 ./User/mousecontrol.o
                0x0000000000002862                mousehandledata
 .text.getMouseButtons
                0x0000000000002886        0xe ./User/mousecontrol.o
                0x0000000000002886                getMouseButtons
 .text.SystemInit
                0x0000000000002894       0xea ./User/system_ch32v20x.o
                0x0000000000002894                SystemInit
 .text.SystemCoreClockUpdate
                0x000000000000297e       0x92 ./User/system_ch32v20x.o
                0x000000000000297e                SystemCoreClockUpdate
 .text.vector_handler
                0x0000000000002a10       0x6c ./Startup/startup_ch32v20x_D6.o
                0x0000000000002a14                Ecall_M_Mode_Handler
                0x0000000000002a16                Ecall_U_Mode_Handler
                0x0000000000002a18                Break_Point_Handler
                0x0000000000002a1a                SysTick_Handler
                0x0000000000002a1c                SW_Handler
                0x0000000000002a1e                WWDG_IRQHandler
                0x0000000000002a20                PVD_IRQHandler
                0x0000000000002a22                TAMPER_IRQHandler
                0x0000000000002a24                RTC_IRQHandler
                0x0000000000002a26                FLASH_IRQHandler
                0x0000000000002a28                RCC_IRQHandler
                0x0000000000002a2a                EXTI0_IRQHandler
                0x0000000000002a2c                EXTI1_IRQHandler
                0x0000000000002a2e                EXTI2_IRQHandler
                0x0000000000002a30                EXTI3_IRQHandler
                0x0000000000002a32                EXTI4_IRQHandler
                0x0000000000002a34                DMA1_Channel1_IRQHandler
                0x0000000000002a36                DMA1_Channel2_IRQHandler
                0x0000000000002a38                DMA1_Channel3_IRQHandler
                0x0000000000002a3a                DMA1_Channel4_IRQHandler
                0x0000000000002a3c                DMA1_Channel5_IRQHandler
                0x0000000000002a3e                DMA1_Channel6_IRQHandler
                0x0000000000002a40                DMA1_Channel7_IRQHandler
                0x0000000000002a42                ADC1_2_IRQHandler
                0x0000000000002a44                USB_HP_CAN1_TX_IRQHandler
                0x0000000000002a46                USB_LP_CAN1_RX0_IRQHandler
                0x0000000000002a48                CAN1_RX1_IRQHandler
                0x0000000000002a4a                CAN1_SCE_IRQHandler
                0x0000000000002a4c                EXTI9_5_IRQHandler
                0x0000000000002a4e                TIM1_BRK_IRQHandler
                0x0000000000002a50                TIM1_UP_IRQHandler
                0x0000000000002a52                TIM1_TRG_COM_IRQHandler
                0x0000000000002a54                TIM1_CC_IRQHandler
                0x0000000000002a56                TIM2_IRQHandler
                0x0000000000002a5a                TIM4_IRQHandler
                0x0000000000002a5c                I2C1_EV_IRQHandler
                0x0000000000002a5e                I2C1_ER_IRQHandler
                0x0000000000002a60                I2C2_EV_IRQHandler
                0x0000000000002a62                I2C2_ER_IRQHandler
                0x0000000000002a64                SPI1_IRQHandler
                0x0000000000002a66                SPI2_IRQHandler
                0x0000000000002a68                USART1_IRQHandler
                0x0000000000002a6a                USART2_IRQHandler
                0x0000000000002a6c                USART3_IRQHandler
                0x0000000000002a6e                EXTI15_10_IRQHandler
                0x0000000000002a70                RTCAlarm_IRQHandler
                0x0000000000002a72                USBWakeUp_IRQHandler
                0x0000000000002a74                USBHD_IRQHandler
                0x0000000000002a76                USBHDWakeUp_IRQHandler
                0x0000000000002a78                UART4_IRQHandler
                0x0000000000002a7a                DMA1_Channel8_IRQHandler
 .text.handle_reset
                0x0000000000002a7c       0x86 ./Startup/startup_ch32v20x_D6.o
                0x0000000000002a7c                handle_reset
 .text.GPIO_Init
                0x0000000000002b02       0xf2 ./Peripheral/src/ch32v20x_gpio.o
                0x0000000000002b02                GPIO_Init
 .text.GPIO_SetBits
                0x0000000000002bf4       0x14 ./Peripheral/src/ch32v20x_gpio.o
                0x0000000000002bf4                GPIO_SetBits
 .text.GPIO_ResetBits
                0x0000000000002c08       0x14 ./Peripheral/src/ch32v20x_gpio.o
                0x0000000000002c08                GPIO_ResetBits
 .text.NVIC_PriorityGroupConfig
                0x0000000000002c1c        0x6 ./Peripheral/src/ch32v20x_misc.o
                0x0000000000002c1c                NVIC_PriorityGroupConfig
 .text.NVIC_Init
                0x0000000000002c22       0xa6 ./Peripheral/src/ch32v20x_misc.o
                0x0000000000002c22                NVIC_Init
 .text.RCC_USBCLKConfig
                0x0000000000002cc8       0x1a ./Peripheral/src/ch32v20x_rcc.o
                0x0000000000002cc8                RCC_USBCLKConfig
 .text.RCC_GetClocksFreq
                0x0000000000002ce2       0xbe ./Peripheral/src/ch32v20x_rcc.o
                0x0000000000002ce2                RCC_GetClocksFreq
 .text.RCC_AHBPeriphClockCmd
                0x0000000000002da0       0x1e ./Peripheral/src/ch32v20x_rcc.o
                0x0000000000002da0                RCC_AHBPeriphClockCmd
 .text.RCC_APB2PeriphClockCmd
                0x0000000000002dbe       0x1e ./Peripheral/src/ch32v20x_rcc.o
                0x0000000000002dbe                RCC_APB2PeriphClockCmd
 .text.RCC_APB1PeriphClockCmd
                0x0000000000002ddc       0x1e ./Peripheral/src/ch32v20x_rcc.o
                0x0000000000002ddc                RCC_APB1PeriphClockCmd
 .text.SPI_Init
                0x0000000000002dfa       0x3e ./Peripheral/src/ch32v20x_spi.o
                0x0000000000002dfa                SPI_Init
 .text.SPI_Cmd  0x0000000000002e38       0x1a ./Peripheral/src/ch32v20x_spi.o
                0x0000000000002e38                SPI_Cmd
 .text.SPI_I2S_SendData
                0x0000000000002e52        0x4 ./Peripheral/src/ch32v20x_spi.o
                0x0000000000002e52                SPI_I2S_SendData
 .text.SPI_I2S_GetFlagStatus
                0x0000000000002e56        0xa ./Peripheral/src/ch32v20x_spi.o
                0x0000000000002e56                SPI_I2S_GetFlagStatus
 .text.TIM_TimeBaseInit
                0x0000000000002e60       0x6a ./Peripheral/src/ch32v20x_tim.o
                0x0000000000002e60                TIM_TimeBaseInit
 .text.TIM_Cmd  0x0000000000002eca       0x18 ./Peripheral/src/ch32v20x_tim.o
                0x0000000000002eca                TIM_Cmd
 .text.TIM_ITConfig
                0x0000000000002ee2       0x12 ./Peripheral/src/ch32v20x_tim.o
                0x0000000000002ee2                TIM_ITConfig
 .text.TIM_GetITStatus
                0x0000000000002ef4       0x18 ./Peripheral/src/ch32v20x_tim.o
                0x0000000000002ef4                TIM_GetITStatus
 .text.TIM_ClearITPendingBit
                0x0000000000002f0c        0xc ./Peripheral/src/ch32v20x_tim.o
                0x0000000000002f0c                TIM_ClearITPendingBit
 .text.USART_Init
                0x0000000000002f18       0xbc ./Peripheral/src/ch32v20x_usart.o
                0x0000000000002f18                USART_Init
 .text.USART_Cmd
                0x0000000000002fd4       0x16 ./Peripheral/src/ch32v20x_usart.o
                0x0000000000002fd4                USART_Cmd
 .text.USART_SendData
                0x0000000000002fea        0x8 ./Peripheral/src/ch32v20x_usart.o
                0x0000000000002fea                USART_SendData
 .text.USART_GetFlagStatus
                0x0000000000002ff2        0xa ./Peripheral/src/ch32v20x_usart.o
                0x0000000000002ff2                USART_GetFlagStatus
 .text.Delay_Init
                0x0000000000002ffc       0x2a ./Debug/debug.o
                0x0000000000002ffc                Delay_Init
 .text.Delay_Us
                0x0000000000003026       0x36 ./Debug/debug.o
                0x0000000000003026                Delay_Us
 .text.Delay_Ms
                0x000000000000305c       0x36 ./Debug/debug.o
                0x000000000000305c                Delay_Ms
 .text.USART_Printf_Init
                0x0000000000003092       0x5a ./Debug/debug.o
                0x0000000000003092                USART_Printf_Init
 .text._write   0x00000000000030ec       0x3e ./Debug/debug.o
                0x00000000000030ec                _write
 .text._sbrk    0x000000000000312a       0x26 ./Debug/debug.o
                0x000000000000312a                _sbrk
 .text.memchr   0x0000000000003150       0x18 c:/mounriver/mounriver_studio/toolchain/risc-v embedded gcc/bin/../lib/gcc/riscv-none-embed/8.2.0/../../../../riscv-none-embed/lib/rv32imacxw/ilp32\libg_nano.a(lib_a-memchr.o)
                0x0000000000003150                memchr
 .text.memcpy   0x0000000000003168       0xb2 c:/mounriver/mounriver_studio/toolchain/risc-v embedded gcc/bin/../lib/gcc/riscv-none-embed/8.2.0/../../../../riscv-none-embed/lib/rv32imacxw/ilp32\libg_nano.a(lib_a-memcpy.o)
                0x0000000000003168                memcpy
 .text.printf   0x000000000000321a       0x40 c:/mounriver/mounriver_studio/toolchain/risc-v embedded gcc/bin/../lib/gcc/riscv-none-embed/8.2.0/../../../../riscv-none-embed/lib/rv32imacxw/ilp32\libg_nano.a(lib_a-printf.o)
                0x000000000000321a                iprintf
                0x000000000000321a                printf
 .text._puts_r  0x000000000000325a       0xd4 c:/mounriver/mounriver_studio/toolchain/risc-v embedded gcc/bin/../lib/gcc/riscv-none-embed/8.2.0/../../../../riscv-none-embed/lib/rv32imacxw/ilp32\libg_nano.a(lib_a-puts.o)
                0x000000000000325a                _puts_r
 .text.puts     0x000000000000332e        0xc c:/mounriver/mounriver_studio/toolchain/risc-v embedded gcc/bin/../lib/gcc/riscv-none-embed/8.2.0/../../../../riscv-none-embed/lib/rv32imacxw/ilp32\libg_nano.a(lib_a-puts.o)
                0x000000000000332e                puts
 .text.__swbuf_r
                0x000000000000333a       0xbc c:/mounriver/mounriver_studio/toolchain/risc-v embedded gcc/bin/../lib/gcc/riscv-none-embed/8.2.0/../../../../riscv-none-embed/lib/rv32imacxw/ilp32\libg_nano.a(lib_a-wbuf.o)
                0x000000000000333a                __swbuf_r
 .text.__swsetup_r
                0x00000000000033f6       0xfc c:/mounriver/mounriver_studio/toolchain/risc-v embedded gcc/bin/../lib/gcc/riscv-none-embed/8.2.0/../../../../riscv-none-embed/lib/rv32imacxw/ilp32\libg_nano.a(lib_a-wsetup.o)
                0x00000000000033f6                __swsetup_r
 .text.__sflush_r
                0x00000000000034f2      0x130 c:/mounriver/mounriver_studio/toolchain/risc-v embedded gcc/bin/../lib/gcc/riscv-none-embed/8.2.0/../../../../riscv-none-embed/lib/rv32imacxw/ilp32\libg_nano.a(lib_a-fflush.o)
                0x00000000000034f2                __sflush_r
 .text._fflush_r
                0x0000000000003622       0x66 c:/mounriver/mounriver_studio/toolchain/risc-v embedded gcc/bin/../lib/gcc/riscv-none-embed/8.2.0/../../../../riscv-none-embed/lib/rv32imacxw/ilp32\libg_nano.a(lib_a-fflush.o)
                0x0000000000003622                _fflush_r
 .text.std      0x0000000000003688       0x66 c:/mounriver/mounriver_studio/toolchain/risc-v embedded gcc/bin/../lib/gcc/riscv-none-embed/8.2.0/../../../../riscv-none-embed/lib/rv32imacxw/ilp32\libg_nano.a(lib_a-findfp.o)
 .text._cleanup_r
                0x00000000000036ee        0xa c:/mounriver/mounriver_studio/toolchain/risc-v embedded gcc/bin/../lib/gcc/riscv-none-embed/8.2.0/../../../../riscv-none-embed/lib/rv32imacxw/ilp32\libg_nano.a(lib_a-findfp.o)
                0x00000000000036ee                _cleanup_r
 .text.__sfmoreglue
                0x00000000000036f8       0x46 c:/mounriver/mounriver_studio/toolchain/risc-v embedded gcc/bin/../lib/gcc/riscv-none-embed/8.2.0/../../../../riscv-none-embed/lib/rv32imacxw/ilp32\libg_nano.a(lib_a-findfp.o)
                0x00000000000036f8                __sfmoreglue
 .text.__sinit  0x000000000000373e       0x6c c:/mounriver/mounriver_studio/toolchain/risc-v embedded gcc/bin/../lib/gcc/riscv-none-embed/8.2.0/../../../../riscv-none-embed/lib/rv32imacxw/ilp32\libg_nano.a(lib_a-findfp.o)
                0x000000000000373e                __sinit
 .text.__sfp    0x00000000000037aa       0xa0 c:/mounriver/mounriver_studio/toolchain/risc-v embedded gcc/bin/../lib/gcc/riscv-none-embed/8.2.0/../../../../riscv-none-embed/lib/rv32imacxw/ilp32\libg_nano.a(lib_a-findfp.o)
                0x00000000000037aa                __sfp
 .text._fwalk_reent
                0x000000000000384a       0x6a c:/mounriver/mounriver_studio/toolchain/risc-v embedded gcc/bin/../lib/gcc/riscv-none-embed/8.2.0/../../../../riscv-none-embed/lib/rv32imacxw/ilp32\libg_nano.a(lib_a-fwalk.o)
                0x000000000000384a                _fwalk_reent
 .text.__swhatbuf_r
                0x00000000000038b4       0x58 c:/mounriver/mounriver_studio/toolchain/risc-v embedded gcc/bin/../lib/gcc/riscv-none-embed/8.2.0/../../../../riscv-none-embed/lib/rv32imacxw/ilp32\libg_nano.a(lib_a-makebuf.o)
                0x00000000000038b4                __swhatbuf_r
 .text.__smakebuf_r
                0x000000000000390c       0x92 c:/mounriver/mounriver_studio/toolchain/risc-v embedded gcc/bin/../lib/gcc/riscv-none-embed/8.2.0/../../../../riscv-none-embed/lib/rv32imacxw/ilp32\libg_nano.a(lib_a-makebuf.o)
                0x000000000000390c                __smakebuf_r
 .text._free_r  0x000000000000399e       0xa8 c:/mounriver/mounriver_studio/toolchain/risc-v embedded gcc/bin/../lib/gcc/riscv-none-embed/8.2.0/../../../../riscv-none-embed/lib/rv32imacxw/ilp32\libg_nano.a(lib_a-nano-freer.o)
                0x000000000000399e                _free_r
 .text._malloc_r
                0x0000000000003a46       0xd4 c:/mounriver/mounriver_studio/toolchain/risc-v embedded gcc/bin/../lib/gcc/riscv-none-embed/8.2.0/../../../../riscv-none-embed/lib/rv32imacxw/ilp32\libg_nano.a(lib_a-nano-mallocr.o)
                0x0000000000003a46                _malloc_r
 .text.__sfputc_r
                0x0000000000003b1a       0x28 c:/mounriver/mounriver_studio/toolchain/risc-v embedded gcc/bin/../lib/gcc/riscv-none-embed/8.2.0/../../../../riscv-none-embed/lib/rv32imacxw/ilp32\libg_nano.a(lib_a-nano-vfprintf.o)
 .text.__sfputs_r
                0x0000000000003b42       0x42 c:/mounriver/mounriver_studio/toolchain/risc-v embedded gcc/bin/../lib/gcc/riscv-none-embed/8.2.0/../../../../riscv-none-embed/lib/rv32imacxw/ilp32\libg_nano.a(lib_a-nano-vfprintf.o)
                0x0000000000003b42                __sfputs_r
 .text._vfprintf_r
                0x0000000000003b84      0x28e c:/mounriver/mounriver_studio/toolchain/risc-v embedded gcc/bin/../lib/gcc/riscv-none-embed/8.2.0/../../../../riscv-none-embed/lib/rv32imacxw/ilp32\libg_nano.a(lib_a-nano-vfprintf.o)
                0x0000000000003b84                _vfprintf_r
                0x0000000000003b84                _vfiprintf_r
 .text._printf_common
                0x0000000000003e12      0x10c c:/mounriver/mounriver_studio/toolchain/risc-v embedded gcc/bin/../lib/gcc/riscv-none-embed/8.2.0/../../../../riscv-none-embed/lib/rv32imacxw/ilp32\libg_nano.a(lib_a-nano-vfprintf_i.o)
                0x0000000000003e12                _printf_common
 .text._printf_i
                0x0000000000003f1e      0x2a4 c:/mounriver/mounriver_studio/toolchain/risc-v embedded gcc/bin/../lib/gcc/riscv-none-embed/8.2.0/../../../../riscv-none-embed/lib/rv32imacxw/ilp32\libg_nano.a(lib_a-nano-vfprintf_i.o)
                0x0000000000003f1e                _printf_i
 .text._sbrk_r  0x00000000000041c2       0x2a c:/mounriver/mounriver_studio/toolchain/risc-v embedded gcc/bin/../lib/gcc/riscv-none-embed/8.2.0/../../../../riscv-none-embed/lib/rv32imacxw/ilp32\libg_nano.a(lib_a-sbrkr.o)
                0x00000000000041c2                _sbrk_r
 .text.__sread  0x00000000000041ec       0x2c c:/mounriver/mounriver_studio/toolchain/risc-v embedded gcc/bin/../lib/gcc/riscv-none-embed/8.2.0/../../../../riscv-none-embed/lib/rv32imacxw/ilp32\libg_nano.a(lib_a-stdio.o)
                0x00000000000041ec                __sread
 .text.__swrite
                0x0000000000004218       0x48 c:/mounriver/mounriver_studio/toolchain/risc-v embedded gcc/bin/../lib/gcc/riscv-none-embed/8.2.0/../../../../riscv-none-embed/lib/rv32imacxw/ilp32\libg_nano.a(lib_a-stdio.o)
                0x0000000000004218                __swrite
 .text.__sseek  0x0000000000004260       0x30 c:/mounriver/mounriver_studio/toolchain/risc-v embedded gcc/bin/../lib/gcc/riscv-none-embed/8.2.0/../../../../riscv-none-embed/lib/rv32imacxw/ilp32\libg_nano.a(lib_a-stdio.o)
                0x0000000000004260                __sseek
 .text.__sclose
                0x0000000000004290        0x6 c:/mounriver/mounriver_studio/toolchain/risc-v embedded gcc/bin/../lib/gcc/riscv-none-embed/8.2.0/../../../../riscv-none-embed/lib/rv32imacxw/ilp32\libg_nano.a(lib_a-stdio.o)
                0x0000000000004290                __sclose
 .text._write_r
                0x0000000000004296       0x2e c:/mounriver/mounriver_studio/toolchain/risc-v embedded gcc/bin/../lib/gcc/riscv-none-embed/8.2.0/../../../../riscv-none-embed/lib/rv32imacxw/ilp32\libg_nano.a(lib_a-writer.o)
                0x0000000000004296                _write_r
 .text._close_r
                0x00000000000042c4       0x28 c:/mounriver/mounriver_studio/toolchain/risc-v embedded gcc/bin/../lib/gcc/riscv-none-embed/8.2.0/../../../../riscv-none-embed/lib/rv32imacxw/ilp32\libg_nano.a(lib_a-closer.o)
                0x00000000000042c4                _close_r
 .text._fstat_r
                0x00000000000042ec       0x2a c:/mounriver/mounriver_studio/toolchain/risc-v embedded gcc/bin/../lib/gcc/riscv-none-embed/8.2.0/../../../../riscv-none-embed/lib/rv32imacxw/ilp32\libg_nano.a(lib_a-fstatr.o)
                0x00000000000042ec                _fstat_r
 .text._isatty_r
                0x0000000000004316       0x28 c:/mounriver/mounriver_studio/toolchain/risc-v embedded gcc/bin/../lib/gcc/riscv-none-embed/8.2.0/../../../../riscv-none-embed/lib/rv32imacxw/ilp32\libg_nano.a(lib_a-isattyr.o)
                0x0000000000004316                _isatty_r
 .text._lseek_r
                0x000000000000433e       0x2c c:/mounriver/mounriver_studio/toolchain/risc-v embedded gcc/bin/../lib/gcc/riscv-none-embed/8.2.0/../../../../riscv-none-embed/lib/rv32imacxw/ilp32\libg_nano.a(lib_a-lseekr.o)
                0x000000000000433e                _lseek_r
 .text.__malloc_lock
                0x000000000000436a        0x2 c:/mounriver/mounriver_studio/toolchain/risc-v embedded gcc/bin/../lib/gcc/riscv-none-embed/8.2.0/../../../../riscv-none-embed/lib/rv32imacxw/ilp32\libg_nano.a(lib_a-mlock.o)
                0x000000000000436a                __malloc_lock
 .text.__malloc_unlock
                0x000000000000436c        0x2 c:/mounriver/mounriver_studio/toolchain/risc-v embedded gcc/bin/../lib/gcc/riscv-none-embed/8.2.0/../../../../riscv-none-embed/lib/rv32imacxw/ilp32\libg_nano.a(lib_a-mlock.o)
                0x000000000000436c                __malloc_unlock
 .text._read_r  0x000000000000436e       0x2c c:/mounriver/mounriver_studio/toolchain/risc-v embedded gcc/bin/../lib/gcc/riscv-none-embed/8.2.0/../../../../riscv-none-embed/lib/rv32imacxw/ilp32\libg_nano.a(lib_a-readr.o)
                0x000000000000436e                _read_r
 .text._close   0x000000000000439a        0xc c:/mounriver/mounriver_studio/toolchain/risc-v embedded gcc/bin/../lib/gcc/riscv-none-embed/8.2.0/../../../../riscv-none-embed/lib/rv32imacxw/ilp32\libnosys.a(close.o)
                0x000000000000439a                _close
 .text._fstat   0x00000000000043a6        0xc c:/mounriver/mounriver_studio/toolchain/risc-v embedded gcc/bin/../lib/gcc/riscv-none-embed/8.2.0/../../../../riscv-none-embed/lib/rv32imacxw/ilp32\libnosys.a(fstat.o)
                0x00000000000043a6                _fstat
 .text._isatty  0x00000000000043b2        0xc c:/mounriver/mounriver_studio/toolchain/risc-v embedded gcc/bin/../lib/gcc/riscv-none-embed/8.2.0/../../../../riscv-none-embed/lib/rv32imacxw/ilp32\libnosys.a(isatty.o)
                0x00000000000043b2                _isatty
 .text._lseek   0x00000000000043be        0xc c:/mounriver/mounriver_studio/toolchain/risc-v embedded gcc/bin/../lib/gcc/riscv-none-embed/8.2.0/../../../../riscv-none-embed/lib/rv32imacxw/ilp32\libnosys.a(lseek.o)
                0x00000000000043be                _lseek
 .text._read    0x00000000000043ca        0xc c:/mounriver/mounriver_studio/toolchain/risc-v embedded gcc/bin/../lib/gcc/riscv-none-embed/8.2.0/../../../../riscv-none-embed/lib/rv32imacxw/ilp32\libnosys.a(read.o)
                0x00000000000043ca                _read
 *(.rodata)
 *(.rodata*)
 *fill*         0x00000000000043d6        0x2 
 .rodata.HUB_Port_PreEnum1.str1.4
                0x00000000000043d8       0x4d ./User/USB_Host/app_km.o
 *fill*         0x0000000000004425        0x3 
 .rodata.HUB_Port_PreEnum2.str1.4
                0x0000000000004428       0x4c ./User/USB_Host/app_km.o
 .rodata.KM_DealHidReportDesc.str1.4
                0x0000000000004474       0x1a ./User/USB_Host/app_km.o
 *fill*         0x000000000000448e        0x2 
 .rodata.USBH_EnumHidDevice.str1.4
                0x0000000000004490        0xb ./User/USB_Host/app_km.o
 *fill*         0x000000000000449b        0x1 
 .rodata.USBH_EnumHubDevice.str1.4
                0x000000000000449c       0x9c ./User/USB_Host/app_km.o
 .rodata.USBH_EnumHubPortDevice.str1.4
                0x0000000000004538       0x48 ./User/USB_Host/app_km.o
 .rodata.USBH_EnumRootDevice.str1.4
                0x0000000000004580       0x6a ./User/USB_Host/app_km.o
                                         0x6e (size before relaxing)
 *fill*         0x00000000000045ea        0x2 
 .rodata.USBH_MainDeal.str1.4
                0x00000000000045ec      0x197 ./User/USB_Host/app_km.o
 *fill*         0x0000000000004783        0x1 
 .rodata.main.str1.4
                0x0000000000004784       0x9d ./User/main.o
 *fill*         0x0000000000004821        0x3 
 .rodata.__sf_fake_stderr
                0x0000000000004824       0x20 c:/mounriver/mounriver_studio/toolchain/risc-v embedded gcc/bin/../lib/gcc/riscv-none-embed/8.2.0/../../../../riscv-none-embed/lib/rv32imacxw/ilp32\libg_nano.a(lib_a-findfp.o)
                0x0000000000004824                __sf_fake_stderr
 .rodata.__sf_fake_stdin
                0x0000000000004844       0x20 c:/mounriver/mounriver_studio/toolchain/risc-v embedded gcc/bin/../lib/gcc/riscv-none-embed/8.2.0/../../../../riscv-none-embed/lib/rv32imacxw/ilp32\libg_nano.a(lib_a-findfp.o)
                0x0000000000004844                __sf_fake_stdin
 .rodata.__sf_fake_stdout
                0x0000000000004864       0x20 c:/mounriver/mounriver_studio/toolchain/risc-v embedded gcc/bin/../lib/gcc/riscv-none-embed/8.2.0/../../../../riscv-none-embed/lib/rv32imacxw/ilp32\libg_nano.a(lib_a-findfp.o)
                0x0000000000004864                __sf_fake_stdout
 .rodata._vfprintf_r.str1.4
                0x0000000000004884       0x13 c:/mounriver/mounriver_studio/toolchain/risc-v embedded gcc/bin/../lib/gcc/riscv-none-embed/8.2.0/../../../../riscv-none-embed/lib/rv32imacxw/ilp32\libg_nano.a(lib_a-nano-vfprintf.o)
 *fill*         0x0000000000004897        0x1 
 .rodata._printf_i.str1.4
                0x0000000000004898       0x28 c:/mounriver/mounriver_studio/toolchain/risc-v embedded gcc/bin/../lib/gcc/riscv-none-embed/8.2.0/../../../../riscv-none-embed/lib/rv32imacxw/ilp32\libg_nano.a(lib_a-nano-vfprintf_i.o)
                                         0x25 (size before relaxing)
 *(.glue_7)
 *(.glue_7t)
 *(.gnu.linkonce.t.*)
                0x00000000000048c0                . = ALIGN (0x4)

.rela.dyn       0x00000000000048c0        0x0
 .rela.init     0x00000000000048c0        0x0 ./User/USB_Host/app_km.o
 .rela.vector   0x00000000000048c0        0x0 ./User/USB_Host/app_km.o
 .rela.text.handle_reset
                0x00000000000048c0        0x0 ./User/USB_Host/app_km.o
 .rela.text._sbrk
                0x00000000000048c0        0x0 ./User/USB_Host/app_km.o
 .rela.sdata.curbrk.4579
                0x00000000000048c0        0x0 ./User/USB_Host/app_km.o
 .rela.text._vfprintf_r
                0x00000000000048c0        0x0 ./User/USB_Host/app_km.o
 .rela.text._sbrk_r
                0x00000000000048c0        0x0 ./User/USB_Host/app_km.o
 .rela.text._write_r
                0x00000000000048c0        0x0 ./User/USB_Host/app_km.o
 .rela.text._close_r
                0x00000000000048c0        0x0 ./User/USB_Host/app_km.o
 .rela.text._fstat_r
                0x00000000000048c0        0x0 ./User/USB_Host/app_km.o
 .rela.text._isatty_r
                0x00000000000048c0        0x0 ./User/USB_Host/app_km.o
 .rela.text._lseek_r
                0x00000000000048c0        0x0 ./User/USB_Host/app_km.o
 .rela.text._read_r
                0x00000000000048c0        0x0 ./User/USB_Host/app_km.o
 .rela.text._close
                0x00000000000048c0        0x0 ./User/USB_Host/app_km.o
 .rela.text._fstat
                0x00000000000048c0        0x0 ./User/USB_Host/app_km.o
 .rela.text._isatty
                0x00000000000048c0        0x0 ./User/USB_Host/app_km.o
 .rela.text._lseek
                0x00000000000048c0        0x0 ./User/USB_Host/app_km.o
 .rela.text._read
                0x00000000000048c0        0x0 ./User/USB_Host/app_km.o

.fini           0x00000000000048c0        0x0
 *(SORT_NONE(.fini))
                0x00000000000048c0                . = ALIGN (0x4)
                [!provide]                        PROVIDE (_etext = .)
                [!provide]                        PROVIDE (_eitcm = .)

.preinit_array  0x00000000000048c0        0x0
                [!provide]                        PROVIDE (__preinit_array_start = .)
 *(.preinit_array)
                [!provide]                        PROVIDE (__preinit_array_end = .)

.init_array     0x00000000000048c0        0x0
                [!provide]                        PROVIDE (__init_array_start = .)
 *(SORT_BY_INIT_PRIORITY(.init_array.*) SORT_BY_INIT_PRIORITY(.ctors.*))
 *(.init_array EXCLUDE_FILE(*crtend?.o *crtend.o *crtbegin?.o *crtbegin.o) .ctors)
                [!provide]                        PROVIDE (__init_array_end = .)

.fini_array     0x00000000000048c0        0x0
                [!provide]                        PROVIDE (__fini_array_start = .)
 *(SORT_BY_INIT_PRIORITY(.fini_array.*) SORT_BY_INIT_PRIORITY(.dtors.*))
 *(.fini_array EXCLUDE_FILE(*crtend?.o *crtend.o *crtbegin?.o *crtbegin.o) .dtors)
                [!provide]                        PROVIDE (__fini_array_end = .)

.ctors
 *crtbegin.o(.ctors)
 *crtbegin?.o(.ctors)
 *(EXCLUDE_FILE(*crtend?.o *crtend.o) .ctors)
 *(SORT_BY_NAME(.ctors.*))
 *(.ctors)

.dtors
 *crtbegin.o(.dtors)
 *crtbegin?.o(.dtors)
 *(EXCLUDE_FILE(*crtend?.o *crtend.o) .dtors)
 *(SORT_BY_NAME(.dtors.*))
 *(.dtors)

.dalign         0x0000000020000000        0x0 load address 0x00000000000048c0
                0x0000000020000000                . = ALIGN (0x4)
                0x0000000020000000                PROVIDE (_data_vma = .)

.dlalign        0x00000000000048c0        0x0
                0x00000000000048c0                . = ALIGN (0x4)
                0x00000000000048c0                PROVIDE (_data_lma = .)

.data           0x0000000020000000      0x100 load address 0x00000000000048c0
 *(.gnu.linkonce.r.*)
 *(.data .data.*)
 .data.AHBPrescTable
                0x0000000020000000       0x10 ./User/system_ch32v20x.o
                0x0000000020000000                AHBPrescTable
 .data.APBAHBPrescTable
                0x0000000020000010       0x10 ./Peripheral/src/ch32v20x_rcc.o
 .data.impure_data
                0x0000000020000020       0x60 c:/mounriver/mounriver_studio/toolchain/risc-v embedded gcc/bin/../lib/gcc/riscv-none-embed/8.2.0/../../../../riscv-none-embed/lib/rv32imacxw/ilp32\libg_nano.a(lib_a-impure.o)
 *(.gnu.linkonce.d.*)
                0x0000000020000080                . = ALIGN (0x8)
                0x0000000020000880                PROVIDE (__global_pointer$ = (. + 0x800))
 *(.sdata .sdata.*)
 .sdata.SystemCoreClock
                0x0000000020000080        0x4 ./User/system_ch32v20x.o
                0x0000000020000080                SystemCoreClock
 .sdata.ADCPrescTable
                0x0000000020000084        0x4 ./Peripheral/src/ch32v20x_rcc.o
 .sdata.curbrk.4579
                0x0000000020000088        0x4 ./Debug/debug.o
 .sdata._impure_ptr
                0x000000002000008c        0x4 c:/mounriver/mounriver_studio/toolchain/risc-v embedded gcc/bin/../lib/gcc/riscv-none-embed/8.2.0/../../../../riscv-none-embed/lib/rv32imacxw/ilp32\libg_nano.a(lib_a-impure.o)
                0x000000002000008c                _impure_ptr
 *(.sdata2.*)
 .sdata2.SetupClearEndpStall
                0x0000000020000090        0x8 ./User/USB_Host/ch32v20x_usbfs_host.o
 .sdata2.SetupGetCfgDesc
                0x0000000020000098        0x8 ./User/USB_Host/ch32v20x_usbfs_host.o
 .sdata2.SetupGetDevDesc
                0x00000000200000a0        0x8 ./User/USB_Host/ch32v20x_usbfs_host.o
 .sdata2.SetupGetStrDesc
                0x00000000200000a8        0x8 ./User/USB_Host/ch32v20x_usbfs_host.o
 .sdata2.SetupSetAddr
                0x00000000200000b0        0x8 ./User/USB_Host/ch32v20x_usbfs_host.o
 .sdata2.SetupSetConfig
                0x00000000200000b8        0x8 ./User/USB_Host/ch32v20x_usbfs_host.o
 .sdata2.SetupGetHidDes
                0x00000000200000c0        0x8 ./User/USB_Host/usb_host_hid.o
 .sdata2.SetupSetReport
                0x00000000200000c8        0x8 ./User/USB_Host/usb_host_hid.o
 .sdata2.SetupSetidle
                0x00000000200000d0        0x8 ./User/USB_Host/usb_host_hid.o
 .sdata2.ClearPortFeature
                0x00000000200000d8        0x8 ./User/USB_Host/usb_host_hub.o
 .sdata2.GetHubDescr
                0x00000000200000e0        0x8 ./User/USB_Host/usb_host_hub.o
 .sdata2.GetPortStatus
                0x00000000200000e8        0x8 ./User/USB_Host/usb_host_hub.o
 .sdata2.SetPortFeature
                0x00000000200000f0        0x8 ./User/USB_Host/usb_host_hub.o
 .sdata2._global_impure_ptr
                0x00000000200000f8        0x4 c:/mounriver/mounriver_studio/toolchain/risc-v embedded gcc/bin/../lib/gcc/riscv-none-embed/8.2.0/../../../../riscv-none-embed/lib/rv32imacxw/ilp32\libg_nano.a(lib_a-impure.o)
                0x00000000200000f8                _global_impure_ptr
 *(.gnu.linkonce.s.*)
                0x0000000020000100                . = ALIGN (0x8)
 *fill*         0x00000000200000fc        0x4 
 *(.srodata.cst16)
 *(.srodata.cst8)
 *(.srodata.cst4)
 *(.srodata.cst2)
 *(.srodata .srodata.*)
                0x0000000020000100                . = ALIGN (0x4)
                0x0000000020000100                PROVIDE (_edata = .)

.bss            0x0000000020000100      0xa08 load address 0x00000000000049c0
                0x0000000020000100                . = ALIGN (0x4)
                0x0000000020000100                PROVIDE (_sbss = .)
 *(.sbss*)
 .sbss.mouse_button_L
                0x0000000020000100        0x4 ./User/mousecontrol.o
                0x0000000020000100                mouse_button_L
 .sbss.mouse_button_R
                0x0000000020000104        0x4 ./User/mousecontrol.o
                0x0000000020000104                mouse_button_R
 .sbss.MCU_Version
                0x0000000020000108        0x1 ./Peripheral/src/ch32v20x_gpio.o
                0x0000000020000108                MCU_Version
 *fill*         0x0000000020000109        0x3 
 .sbss.NVIC_Priority_Group
                0x000000002000010c        0x4 ./Peripheral/src/ch32v20x_misc.o
                0x000000002000010c                NVIC_Priority_Group
 .sbss.p_ms     0x0000000020000110        0x2 ./Debug/debug.o
 .sbss.p_us     0x0000000020000112        0x1 ./Debug/debug.o
 *fill*         0x0000000020000113        0x1 
 .sbss.__malloc_free_list
                0x0000000020000114        0x4 c:/mounriver/mounriver_studio/toolchain/risc-v embedded gcc/bin/../lib/gcc/riscv-none-embed/8.2.0/../../../../riscv-none-embed/lib/rv32imacxw/ilp32\libg_nano.a(lib_a-nano-mallocr.o)
                0x0000000020000114                __malloc_free_list
 .sbss.__malloc_sbrk_start
                0x0000000020000118        0x4 c:/mounriver/mounriver_studio/toolchain/risc-v embedded gcc/bin/../lib/gcc/riscv-none-embed/8.2.0/../../../../riscv-none-embed/lib/rv32imacxw/ilp32\libg_nano.a(lib_a-nano-mallocr.o)
                0x0000000020000118                __malloc_sbrk_start
 *(.gnu.linkonce.sb.*)
 *(.bss*)
 .bss.Com_Buf   0x000000002000011c      0x400 ./User/USB_Host/app_km.o
                0x000000002000011c                Com_Buf
 .bss.DevDesc_Buf
                0x000000002000051c       0x12 ./User/USB_Host/app_km.o
                0x000000002000051c                DevDesc_Buf
 *fill*         0x000000002000052e        0x2 
 .bss.HostCtl   0x0000000020000530      0x532 ./User/USB_Host/app_km.o
                0x0000000020000530                HostCtl
 *fill*         0x0000000020000a62        0x2 
 .bss.RootHubDev
                0x0000000020000a64       0x1f ./User/USB_Host/app_km.o
                0x0000000020000a64                RootHubDev
 *fill*         0x0000000020000a83        0x1 
 .bss.USBFS_RX_Buf
                0x0000000020000a84       0x40 ./User/USB_Host/ch32v20x_usbfs_host.o
                0x0000000020000a84                USBFS_RX_Buf
 .bss.USBFS_TX_Buf
                0x0000000020000ac4       0x40 ./User/USB_Host/ch32v20x_usbfs_host.o
                0x0000000020000ac4                USBFS_TX_Buf
 *(.gnu.linkonce.b.*)
 *(COMMON*)
 COMMON         0x0000000020000b04        0x4 c:/mounriver/mounriver_studio/toolchain/risc-v embedded gcc/bin/../lib/gcc/riscv-none-embed/8.2.0/../../../../riscv-none-embed/lib/rv32imacxw/ilp32\libg_nano.a(lib_a-reent.o)
                0x0000000020000b04                errno
                0x0000000020000b08                . = ALIGN (0x4)
                0x0000000020000b08                PROVIDE (_ebss = .)
                0x0000000020000b08                PROVIDE (_end = _ebss)
                [!provide]                        PROVIDE (end = .)

.stack          0x0000000020004800      0x800
                0x0000000020004800                PROVIDE (_heap_end = .)
                0x0000000020004800                . = ALIGN (0x4)
                [!provide]                        PROVIDE (_susrstack = .)
                0x0000000020005000                . = (. + __stack_size)
 *fill*         0x0000000020004800      0x800 
                0x0000000020005000                PROVIDE (_eusrstack = .)
OUTPUT(MouseTest.elf elf32-littleriscv)

.debug_info     0x0000000000000000    0x157a8
 .debug_info    0x0000000000000000     0x3857 ./User/USB_Host/app_km.o
 .debug_info    0x0000000000003857     0x1b7a ./User/USB_Host/ch32v20x_usbfs_host.o
 .debug_info    0x00000000000053d1      0xf8b ./User/USB_Host/usb_host_hid.o
 .debug_info    0x000000000000635c      0xff7 ./User/USB_Host/usb_host_hub.o
 .debug_info    0x0000000000007353      0x962 ./User/ch32v20x_it.o
 .debug_info    0x0000000000007cb5     0x21cb ./User/lcd.o
 .debug_info    0x0000000000009e80     0x12c7 ./User/main.o
 .debug_info    0x000000000000b147      0x9d6 ./User/mousecontrol.o
 .debug_info    0x000000000000bb1d      0xb89 ./User/system_ch32v20x.o
 .debug_info    0x000000000000c6a6       0x22 ./Startup/startup_ch32v20x_D6.o
 .debug_info    0x000000000000c6c8     0x10d9 ./Peripheral/src/ch32v20x_gpio.o
 .debug_info    0x000000000000d7a1      0xe7c ./Peripheral/src/ch32v20x_misc.o
 .debug_info    0x000000000000e61d     0x125c ./Peripheral/src/ch32v20x_rcc.o
 .debug_info    0x000000000000f879     0x12be ./Peripheral/src/ch32v20x_spi.o
 .debug_info    0x0000000000010b37     0x29a2 ./Peripheral/src/ch32v20x_tim.o
 .debug_info    0x00000000000134d9     0x13b4 ./Peripheral/src/ch32v20x_usart.o
 .debug_info    0x000000000001488d      0xf1b ./Debug/debug.o

.debug_abbrev   0x0000000000000000     0x3261
 .debug_abbrev  0x0000000000000000      0x53e ./User/USB_Host/app_km.o
 .debug_abbrev  0x000000000000053e      0x47c ./User/USB_Host/ch32v20x_usbfs_host.o
 .debug_abbrev  0x00000000000009ba      0x251 ./User/USB_Host/usb_host_hid.o
 .debug_abbrev  0x0000000000000c0b      0x280 ./User/USB_Host/usb_host_hub.o
 .debug_abbrev  0x0000000000000e8b      0x1cf ./User/ch32v20x_it.o
 .debug_abbrev  0x000000000000105a      0x3dd ./User/lcd.o
 .debug_abbrev  0x0000000000001437      0x2be ./User/main.o
 .debug_abbrev  0x00000000000016f5      0x20d ./User/mousecontrol.o
 .debug_abbrev  0x0000000000001902      0x2c0 ./User/system_ch32v20x.o
 .debug_abbrev  0x0000000000001bc2       0x12 ./Startup/startup_ch32v20x_D6.o
 .debug_abbrev  0x0000000000001bd4      0x33a ./Peripheral/src/ch32v20x_gpio.o
 .debug_abbrev  0x0000000000001f0e      0x2fb ./Peripheral/src/ch32v20x_misc.o
 .debug_abbrev  0x0000000000002209      0x351 ./Peripheral/src/ch32v20x_rcc.o
 .debug_abbrev  0x000000000000255a      0x307 ./Peripheral/src/ch32v20x_spi.o
 .debug_abbrev  0x0000000000002861      0x408 ./Peripheral/src/ch32v20x_tim.o
 .debug_abbrev  0x0000000000002c69      0x312 ./Peripheral/src/ch32v20x_usart.o
 .debug_abbrev  0x0000000000002f7b      0x2e6 ./Debug/debug.o

.debug_loc      0x0000000000000000     0x6161
 .debug_loc     0x0000000000000000     0x12ce ./User/USB_Host/app_km.o
 .debug_loc     0x00000000000012ce      0x7bd ./User/USB_Host/ch32v20x_usbfs_host.o
 .debug_loc     0x0000000000001a8b      0x1a2 ./User/USB_Host/usb_host_hid.o
 .debug_loc     0x0000000000001c2d      0x1af ./User/USB_Host/usb_host_hub.o
 .debug_loc     0x0000000000001ddc      0x9e8 ./User/lcd.o
 .debug_loc     0x00000000000027c4      0x12c ./User/main.o
 .debug_loc     0x00000000000028f0       0xac ./User/system_ch32v20x.o
 .debug_loc     0x000000000000299c      0x805 ./Peripheral/src/ch32v20x_gpio.o
 .debug_loc     0x00000000000031a1       0xce ./Peripheral/src/ch32v20x_misc.o
 .debug_loc     0x000000000000326f      0x797 ./Peripheral/src/ch32v20x_rcc.o
 .debug_loc     0x0000000000003a06      0x57f ./Peripheral/src/ch32v20x_spi.o
 .debug_loc     0x0000000000003f85     0x190e ./Peripheral/src/ch32v20x_tim.o
 .debug_loc     0x0000000000005893      0x757 ./Peripheral/src/ch32v20x_usart.o
 .debug_loc     0x0000000000005fea      0x177 ./Debug/debug.o

.debug_aranges  0x0000000000000000      0x9e8
 .debug_aranges
                0x0000000000000000       0xa0 ./User/USB_Host/app_km.o
 .debug_aranges
                0x00000000000000a0       0xb8 ./User/USB_Host/ch32v20x_usbfs_host.o
 .debug_aranges
                0x0000000000000158       0x30 ./User/USB_Host/usb_host_hid.o
 .debug_aranges
                0x0000000000000188       0x38 ./User/USB_Host/usb_host_hub.o
 .debug_aranges
                0x00000000000001c0       0x28 ./User/ch32v20x_it.o
 .debug_aranges
                0x00000000000001e8       0x78 ./User/lcd.o
 .debug_aranges
                0x0000000000000260       0x20 ./User/main.o
 .debug_aranges
                0x0000000000000280       0x30 ./User/mousecontrol.o
 .debug_aranges
                0x00000000000002b0       0x28 ./User/system_ch32v20x.o
 .debug_aranges
                0x00000000000002d8       0x30 ./Startup/startup_ch32v20x_D6.o
 .debug_aranges
                0x0000000000000308       0xa8 ./Peripheral/src/ch32v20x_gpio.o
 .debug_aranges
                0x00000000000003b0       0x28 ./Peripheral/src/ch32v20x_misc.o
 .debug_aranges
                0x00000000000003d8      0x128 ./Peripheral/src/ch32v20x_rcc.o
 .debug_aranges
                0x0000000000000500       0xd0 ./Peripheral/src/ch32v20x_spi.o
 .debug_aranges
                0x00000000000005d0      0x2d0 ./Peripheral/src/ch32v20x_tim.o
 .debug_aranges
                0x00000000000008a0      0x100 ./Peripheral/src/ch32v20x_usart.o
 .debug_aranges
                0x00000000000009a0       0x48 ./Debug/debug.o

.debug_ranges   0x0000000000000000      0xab8
 .debug_ranges  0x0000000000000000       0xd8 ./User/USB_Host/app_km.o
 .debug_ranges  0x00000000000000d8       0xc0 ./User/USB_Host/ch32v20x_usbfs_host.o
 .debug_ranges  0x0000000000000198       0x20 ./User/USB_Host/usb_host_hid.o
 .debug_ranges  0x00000000000001b8       0x28 ./User/USB_Host/usb_host_hub.o
 .debug_ranges  0x00000000000001e0       0x18 ./User/ch32v20x_it.o
 .debug_ranges  0x00000000000001f8      0x148 ./User/lcd.o
 .debug_ranges  0x0000000000000340       0x28 ./User/main.o
 .debug_ranges  0x0000000000000368       0x20 ./User/mousecontrol.o
 .debug_ranges  0x0000000000000388       0x38 ./User/system_ch32v20x.o
 .debug_ranges  0x00000000000003c0       0x28 ./Startup/startup_ch32v20x_D6.o
 .debug_ranges  0x00000000000003e8       0x98 ./Peripheral/src/ch32v20x_gpio.o
 .debug_ranges  0x0000000000000480       0x48 ./Peripheral/src/ch32v20x_misc.o
 .debug_ranges  0x00000000000004c8      0x118 ./Peripheral/src/ch32v20x_rcc.o
 .debug_ranges  0x00000000000005e0       0xc0 ./Peripheral/src/ch32v20x_spi.o
 .debug_ranges  0x00000000000006a0      0x2f0 ./Peripheral/src/ch32v20x_tim.o
 .debug_ranges  0x0000000000000990       0xf0 ./Peripheral/src/ch32v20x_usart.o
 .debug_ranges  0x0000000000000a80       0x38 ./Debug/debug.o

.debug_line     0x0000000000000000     0xef54
 .debug_line    0x0000000000000000     0x34cd ./User/USB_Host/app_km.o
 .debug_line    0x00000000000034cd     0x1467 ./User/USB_Host/ch32v20x_usbfs_host.o
 .debug_line    0x0000000000004934      0x390 ./User/USB_Host/usb_host_hid.o
 .debug_line    0x0000000000004cc4      0x410 ./User/USB_Host/usb_host_hub.o
 .debug_line    0x00000000000050d4      0x217 ./User/ch32v20x_it.o
 .debug_line    0x00000000000052eb     0x10ee ./User/lcd.o
 .debug_line    0x00000000000063d9      0x6e4 ./User/main.o
 .debug_line    0x0000000000006abd      0x270 ./User/mousecontrol.o
 .debug_line    0x0000000000006d2d      0x66f ./User/system_ch32v20x.o
 .debug_line    0x000000000000739c      0x25f ./Startup/startup_ch32v20x_D6.o
 .debug_line    0x00000000000075fb      0xfed ./Peripheral/src/ch32v20x_gpio.o
 .debug_line    0x00000000000085e8      0x493 ./Peripheral/src/ch32v20x_misc.o
 .debug_line    0x0000000000008a7b     0x1131 ./Peripheral/src/ch32v20x_rcc.o
 .debug_line    0x0000000000009bac      0xcc9 ./Peripheral/src/ch32v20x_spi.o
 .debug_line    0x000000000000a875     0x30b2 ./Peripheral/src/ch32v20x_tim.o
 .debug_line    0x000000000000d927      0xf69 ./Peripheral/src/ch32v20x_usart.o
 .debug_line    0x000000000000e890      0x6c4 ./Debug/debug.o

.debug_str      0x0000000000000000     0x3670
 .debug_str     0x0000000000000000     0x16e3 ./User/USB_Host/app_km.o
                                       0x183a (size before relaxing)
 .debug_str     0x00000000000016e3      0x1b4 ./User/USB_Host/ch32v20x_usbfs_host.o
                                        0xe66 (size before relaxing)
 .debug_str     0x0000000000001897       0x32 ./User/USB_Host/usb_host_hid.o
                                        0x942 (size before relaxing)
 .debug_str     0x00000000000018c9       0x36 ./User/USB_Host/usb_host_hub.o
                                        0x963 (size before relaxing)
 .debug_str     0x00000000000018ff       0x34 ./User/ch32v20x_it.o
                                        0x59e (size before relaxing)
 .debug_str     0x0000000000001933      0x3be ./User/lcd.o
                                        0xa08 (size before relaxing)
 .debug_str     0x0000000000001cf1      0x15e ./User/main.o
                                        0xa64 (size before relaxing)
 .debug_str     0x0000000000001e4f       0x3c ./User/mousecontrol.o
                                        0x5c8 (size before relaxing)
 .debug_str     0x0000000000001e8b       0xf5 ./User/system_ch32v20x.o
                                        0x6b4 (size before relaxing)
 .debug_str     0x0000000000001f80       0x2d ./Startup/startup_ch32v20x_D6.o
                                         0x51 (size before relaxing)
 .debug_str     0x0000000000001fad      0x252 ./Peripheral/src/ch32v20x_gpio.o
                                        0x965 (size before relaxing)
 .debug_str     0x00000000000021ff       0x8a ./Peripheral/src/ch32v20x_misc.o
                                        0xa6d (size before relaxing)
 .debug_str     0x0000000000002289      0x312 ./Peripheral/src/ch32v20x_rcc.o
                                        0xaa4 (size before relaxing)
 .debug_str     0x000000000000259b      0x274 ./Peripheral/src/ch32v20x_spi.o
                                        0xa77 (size before relaxing)
 .debug_str     0x000000000000280f      0x9f3 ./Peripheral/src/ch32v20x_tim.o
                                       0x1263 (size before relaxing)
 .debug_str     0x0000000000003202      0x3f8 ./Peripheral/src/ch32v20x_usart.o
                                        0xaff (size before relaxing)
 .debug_str     0x00000000000035fa       0x76 ./Debug/debug.o
                                        0x8e7 (size before relaxing)

.comment        0x0000000000000000       0x33
 .comment       0x0000000000000000       0x33 ./User/USB_Host/app_km.o
                                         0x34 (size before relaxing)
 .comment       0x0000000000000033       0x34 ./User/USB_Host/ch32v20x_usbfs_host.o
 .comment       0x0000000000000033       0x34 ./User/USB_Host/usb_host_hid.o
 .comment       0x0000000000000033       0x34 ./User/USB_Host/usb_host_hub.o
 .comment       0x0000000000000033       0x34 ./User/ch32v20x_it.o
 .comment       0x0000000000000033       0x34 ./User/lcd.o
 .comment       0x0000000000000033       0x34 ./User/main.o
 .comment       0x0000000000000033       0x34 ./User/mousecontrol.o
 .comment       0x0000000000000033       0x34 ./User/system_ch32v20x.o
 .comment       0x0000000000000033       0x34 ./Peripheral/src/ch32v20x_gpio.o
 .comment       0x0000000000000033       0x34 ./Peripheral/src/ch32v20x_misc.o
 .comment       0x0000000000000033       0x34 ./Peripheral/src/ch32v20x_rcc.o
 .comment       0x0000000000000033       0x34 ./Peripheral/src/ch32v20x_spi.o
 .comment       0x0000000000000033       0x34 ./Peripheral/src/ch32v20x_tim.o
 .comment       0x0000000000000033       0x34 ./Peripheral/src/ch32v20x_usart.o
 .comment       0x0000000000000033       0x34 ./Debug/debug.o

.debug_frame    0x0000000000000000     0x2138
 .debug_frame   0x0000000000000000      0x360 ./User/USB_Host/app_km.o
 .debug_frame   0x0000000000000360      0x2a4 ./User/USB_Host/ch32v20x_usbfs_host.o
 .debug_frame   0x0000000000000604       0x64 ./User/USB_Host/usb_host_hid.o
 .debug_frame   0x0000000000000668       0x90 ./User/USB_Host/usb_host_hub.o
 .debug_frame   0x00000000000006f8       0x30 ./User/ch32v20x_it.o
 .debug_frame   0x0000000000000728      0x20c ./User/lcd.o
 .debug_frame   0x0000000000000934       0x3c ./User/main.o
 .debug_frame   0x0000000000000970       0x40 ./User/mousecontrol.o
 .debug_frame   0x00000000000009b0       0x3c ./User/system_ch32v20x.o
 .debug_frame   0x00000000000009ec      0x148 ./Peripheral/src/ch32v20x_gpio.o
 .debug_frame   0x0000000000000b34       0x30 ./Peripheral/src/ch32v20x_misc.o
 .debug_frame   0x0000000000000b64      0x244 ./Peripheral/src/ch32v20x_rcc.o
 .debug_frame   0x0000000000000da8      0x1a8 ./Peripheral/src/ch32v20x_spi.o
 .debug_frame   0x0000000000000f50      0x614 ./Peripheral/src/ch32v20x_tim.o
 .debug_frame   0x0000000000001564      0x204 ./Peripheral/src/ch32v20x_usart.o
 .debug_frame   0x0000000000001768       0x9c ./Debug/debug.o
 .debug_frame   0x0000000000001804       0x20 c:/mounriver/mounriver_studio/toolchain/risc-v embedded gcc/bin/../lib/gcc/riscv-none-embed/8.2.0/../../../../riscv-none-embed/lib/rv32imacxw/ilp32\libg_nano.a(lib_a-memchr.o)
 .debug_frame   0x0000000000001824       0x20 c:/mounriver/mounriver_studio/toolchain/risc-v embedded gcc/bin/../lib/gcc/riscv-none-embed/8.2.0/../../../../riscv-none-embed/lib/rv32imacxw/ilp32\libg_nano.a(lib_a-memcpy.o)
 .debug_frame   0x0000000000001844       0x54 c:/mounriver/mounriver_studio/toolchain/risc-v embedded gcc/bin/../lib/gcc/riscv-none-embed/8.2.0/../../../../riscv-none-embed/lib/rv32imacxw/ilp32\libg_nano.a(lib_a-printf.o)
 .debug_frame   0x0000000000001898       0x54 c:/mounriver/mounriver_studio/toolchain/risc-v embedded gcc/bin/../lib/gcc/riscv-none-embed/8.2.0/../../../../riscv-none-embed/lib/rv32imacxw/ilp32\libg_nano.a(lib_a-puts.o)
 .debug_frame   0x00000000000018ec       0x50 c:/mounriver/mounriver_studio/toolchain/risc-v embedded gcc/bin/../lib/gcc/riscv-none-embed/8.2.0/../../../../riscv-none-embed/lib/rv32imacxw/ilp32\libg_nano.a(lib_a-wbuf.o)
 .debug_frame   0x000000000000193c       0x3c c:/mounriver/mounriver_studio/toolchain/risc-v embedded gcc/bin/../lib/gcc/riscv-none-embed/8.2.0/../../../../riscv-none-embed/lib/rv32imacxw/ilp32\libg_nano.a(lib_a-wsetup.o)
 .debug_frame   0x0000000000001978       0x7c c:/mounriver/mounriver_studio/toolchain/risc-v embedded gcc/bin/../lib/gcc/riscv-none-embed/8.2.0/../../../../riscv-none-embed/lib/rv32imacxw/ilp32\libg_nano.a(lib_a-fflush.o)
 .debug_frame   0x00000000000019f4      0x148 c:/mounriver/mounriver_studio/toolchain/risc-v embedded gcc/bin/../lib/gcc/riscv-none-embed/8.2.0/../../../../riscv-none-embed/lib/rv32imacxw/ilp32\libg_nano.a(lib_a-findfp.o)
 .debug_frame   0x0000000000001b3c       0x88 c:/mounriver/mounriver_studio/toolchain/risc-v embedded gcc/bin/../lib/gcc/riscv-none-embed/8.2.0/../../../../riscv-none-embed/lib/rv32imacxw/ilp32\libg_nano.a(lib_a-fwalk.o)
 .debug_frame   0x0000000000001bc4       0x64 c:/mounriver/mounriver_studio/toolchain/risc-v embedded gcc/bin/../lib/gcc/riscv-none-embed/8.2.0/../../../../riscv-none-embed/lib/rv32imacxw/ilp32\libg_nano.a(lib_a-makebuf.o)
 .debug_frame   0x0000000000001c28       0x40 c:/mounriver/mounriver_studio/toolchain/risc-v embedded gcc/bin/../lib/gcc/riscv-none-embed/8.2.0/../../../../riscv-none-embed/lib/rv32imacxw/ilp32\libg_nano.a(lib_a-nano-freer.o)
 .debug_frame   0x0000000000001c68       0x40 c:/mounriver/mounriver_studio/toolchain/risc-v embedded gcc/bin/../lib/gcc/riscv-none-embed/8.2.0/../../../../riscv-none-embed/lib/rv32imacxw/ilp32\libg_nano.a(lib_a-nano-mallocr.o)
 .debug_frame   0x0000000000001ca8       0xd0 c:/mounriver/mounriver_studio/toolchain/risc-v embedded gcc/bin/../lib/gcc/riscv-none-embed/8.2.0/../../../../riscv-none-embed/lib/rv32imacxw/ilp32\libg_nano.a(lib_a-nano-vfprintf.o)
 .debug_frame   0x0000000000001d78       0x8c c:/mounriver/mounriver_studio/toolchain/risc-v embedded gcc/bin/../lib/gcc/riscv-none-embed/8.2.0/../../../../riscv-none-embed/lib/rv32imacxw/ilp32\libg_nano.a(lib_a-nano-vfprintf_i.o)
 .debug_frame   0x0000000000001e04       0x30 c:/mounriver/mounriver_studio/toolchain/risc-v embedded gcc/bin/../lib/gcc/riscv-none-embed/8.2.0/../../../../riscv-none-embed/lib/rv32imacxw/ilp32\libg_nano.a(lib_a-sbrkr.o)
 .debug_frame   0x0000000000001e34       0xa4 c:/mounriver/mounriver_studio/toolchain/risc-v embedded gcc/bin/../lib/gcc/riscv-none-embed/8.2.0/../../../../riscv-none-embed/lib/rv32imacxw/ilp32\libg_nano.a(lib_a-stdio.o)
 .debug_frame   0x0000000000001ed8       0x30 c:/mounriver/mounriver_studio/toolchain/risc-v embedded gcc/bin/../lib/gcc/riscv-none-embed/8.2.0/../../../../riscv-none-embed/lib/rv32imacxw/ilp32\libg_nano.a(lib_a-writer.o)
 .debug_frame   0x0000000000001f08       0x30 c:/mounriver/mounriver_studio/toolchain/risc-v embedded gcc/bin/../lib/gcc/riscv-none-embed/8.2.0/../../../../riscv-none-embed/lib/rv32imacxw/ilp32\libg_nano.a(lib_a-closer.o)
 .debug_frame   0x0000000000001f38       0x30 c:/mounriver/mounriver_studio/toolchain/risc-v embedded gcc/bin/../lib/gcc/riscv-none-embed/8.2.0/../../../../riscv-none-embed/lib/rv32imacxw/ilp32\libg_nano.a(lib_a-fstatr.o)
 .debug_frame   0x0000000000001f68       0x30 c:/mounriver/mounriver_studio/toolchain/risc-v embedded gcc/bin/../lib/gcc/riscv-none-embed/8.2.0/../../../../riscv-none-embed/lib/rv32imacxw/ilp32\libg_nano.a(lib_a-isattyr.o)
 .debug_frame   0x0000000000001f98       0x30 c:/mounriver/mounriver_studio/toolchain/risc-v embedded gcc/bin/../lib/gcc/riscv-none-embed/8.2.0/../../../../riscv-none-embed/lib/rv32imacxw/ilp32\libg_nano.a(lib_a-lseekr.o)
 .debug_frame   0x0000000000001fc8       0x30 c:/mounriver/mounriver_studio/toolchain/risc-v embedded gcc/bin/../lib/gcc/riscv-none-embed/8.2.0/../../../../riscv-none-embed/lib/rv32imacxw/ilp32\libg_nano.a(lib_a-mlock.o)
 .debug_frame   0x0000000000001ff8       0x30 c:/mounriver/mounriver_studio/toolchain/risc-v embedded gcc/bin/../lib/gcc/riscv-none-embed/8.2.0/../../../../riscv-none-embed/lib/rv32imacxw/ilp32\libg_nano.a(lib_a-readr.o)
 .debug_frame   0x0000000000002028       0x70 c:/mounriver/mounriver_studio/toolchain/risc-v embedded gcc/bin/../lib/gcc/riscv-none-embed/8.2.0/../../../../riscv-none-embed/lib/rv32imacxw/ilp32\libg_nano.a(lib_a-reent.o)
 .debug_frame   0x0000000000002098       0x20 c:/mounriver/mounriver_studio/toolchain/risc-v embedded gcc/bin/../lib/gcc/riscv-none-embed/8.2.0/../../../../riscv-none-embed/lib/rv32imacxw/ilp32\libnosys.a(close.o)
 .debug_frame   0x00000000000020b8       0x20 c:/mounriver/mounriver_studio/toolchain/risc-v embedded gcc/bin/../lib/gcc/riscv-none-embed/8.2.0/../../../../riscv-none-embed/lib/rv32imacxw/ilp32\libnosys.a(fstat.o)
 .debug_frame   0x00000000000020d8       0x20 c:/mounriver/mounriver_studio/toolchain/risc-v embedded gcc/bin/../lib/gcc/riscv-none-embed/8.2.0/../../../../riscv-none-embed/lib/rv32imacxw/ilp32\libnosys.a(isatty.o)
 .debug_frame   0x00000000000020f8       0x20 c:/mounriver/mounriver_studio/toolchain/risc-v embedded gcc/bin/../lib/gcc/riscv-none-embed/8.2.0/../../../../riscv-none-embed/lib/rv32imacxw/ilp32\libnosys.a(lseek.o)
 .debug_frame   0x0000000000002118       0x20 c:/mounriver/mounriver_studio/toolchain/risc-v embedded gcc/bin/../lib/gcc/riscv-none-embed/8.2.0/../../../../riscv-none-embed/lib/rv32imacxw/ilp32\libnosys.a(read.o)

.stab           0x0000000000000000       0x84
 .stab          0x0000000000000000       0x24 c:/mounriver/mounriver_studio/toolchain/risc-v embedded gcc/bin/../lib/gcc/riscv-none-embed/8.2.0/../../../../riscv-none-embed/lib/rv32imacxw/ilp32\libnosys.a(close.o)
 .stab          0x0000000000000024       0x18 c:/mounriver/mounriver_studio/toolchain/risc-v embedded gcc/bin/../lib/gcc/riscv-none-embed/8.2.0/../../../../riscv-none-embed/lib/rv32imacxw/ilp32\libnosys.a(fstat.o)
                                         0x24 (size before relaxing)
 .stab          0x000000000000003c       0x18 c:/mounriver/mounriver_studio/toolchain/risc-v embedded gcc/bin/../lib/gcc/riscv-none-embed/8.2.0/../../../../riscv-none-embed/lib/rv32imacxw/ilp32\libnosys.a(isatty.o)
                                         0x24 (size before relaxing)
 .stab          0x0000000000000054       0x18 c:/mounriver/mounriver_studio/toolchain/risc-v embedded gcc/bin/../lib/gcc/riscv-none-embed/8.2.0/../../../../riscv-none-embed/lib/rv32imacxw/ilp32\libnosys.a(lseek.o)
                                         0x24 (size before relaxing)
 .stab          0x000000000000006c       0x18 c:/mounriver/mounriver_studio/toolchain/risc-v embedded gcc/bin/../lib/gcc/riscv-none-embed/8.2.0/../../../../riscv-none-embed/lib/rv32imacxw/ilp32\libnosys.a(read.o)
                                         0x24 (size before relaxing)

.stabstr        0x0000000000000000      0x117
 .stabstr       0x0000000000000000      0x117 c:/mounriver/mounriver_studio/toolchain/risc-v embedded gcc/bin/../lib/gcc/riscv-none-embed/8.2.0/../../../../riscv-none-embed/lib/rv32imacxw/ilp32\libnosys.a(close.o)
