Archive member included to satisfy reference by file (symbol)

c:/mounriver/mounriver_studio/toolchain/risc-v embedded gcc/bin/../lib/gcc/riscv-none-embed/8.2.0/rv32imacxw/ilp32\libgcc.a(adddf3.o)
                              ./User/main.o (__adddf3)
c:/mounriver/mounriver_studio/toolchain/risc-v embedded gcc/bin/../lib/gcc/riscv-none-embed/8.2.0/rv32imacxw/ilp32\libgcc.a(divdf3.o)
                              ./User/main.o (__divdf3)
c:/mounriver/mounriver_studio/toolchain/risc-v embedded gcc/bin/../lib/gcc/riscv-none-embed/8.2.0/rv32imacxw/ilp32\libgcc.a(gedf2.o)
                              ./User/main.o (__gtdf2)
c:/mounriver/mounriver_studio/toolchain/risc-v embedded gcc/bin/../lib/gcc/riscv-none-embed/8.2.0/rv32imacxw/ilp32\libgcc.a(ledf2.o)
                              ./User/main.o (__ltdf2)
c:/mounriver/mounriver_studio/toolchain/risc-v embedded gcc/bin/../lib/gcc/riscv-none-embed/8.2.0/rv32imacxw/ilp32\libgcc.a(muldf3.o)
                              ./User/main.o (__muldf3)
c:/mounriver/mounriver_studio/toolchain/risc-v embedded gcc/bin/../lib/gcc/riscv-none-embed/8.2.0/rv32imacxw/ilp32\libgcc.a(subdf3.o)
                              ./User/main.o (__subdf3)
c:/mounriver/mounriver_studio/toolchain/risc-v embedded gcc/bin/../lib/gcc/riscv-none-embed/8.2.0/rv32imacxw/ilp32\libgcc.a(addsf3.o)
                              ./User/main.o (__addsf3)
c:/mounriver/mounriver_studio/toolchain/risc-v embedded gcc/bin/../lib/gcc/riscv-none-embed/8.2.0/rv32imacxw/ilp32\libgcc.a(divsf3.o)
                              ./User/main.o (__divsf3)
c:/mounriver/mounriver_studio/toolchain/risc-v embedded gcc/bin/../lib/gcc/riscv-none-embed/8.2.0/rv32imacxw/ilp32\libgcc.a(gesf2.o)
                              ./User/main.o (__gtsf2)
c:/mounriver/mounriver_studio/toolchain/risc-v embedded gcc/bin/../lib/gcc/riscv-none-embed/8.2.0/rv32imacxw/ilp32\libgcc.a(mulsf3.o)
                              ./User/main.o (__mulsf3)
c:/mounriver/mounriver_studio/toolchain/risc-v embedded gcc/bin/../lib/gcc/riscv-none-embed/8.2.0/rv32imacxw/ilp32\libgcc.a(fixsfsi.o)
                              ./User/main.o (__fixsfsi)
c:/mounriver/mounriver_studio/toolchain/risc-v embedded gcc/bin/../lib/gcc/riscv-none-embed/8.2.0/rv32imacxw/ilp32\libgcc.a(floatsisf.o)
                              ./User/main.o (__floatsisf)
c:/mounriver/mounriver_studio/toolchain/risc-v embedded gcc/bin/../lib/gcc/riscv-none-embed/8.2.0/rv32imacxw/ilp32\libgcc.a(extendsfdf2.o)
                              ./User/main.o (__extendsfdf2)
c:/mounriver/mounriver_studio/toolchain/risc-v embedded gcc/bin/../lib/gcc/riscv-none-embed/8.2.0/rv32imacxw/ilp32\libgcc.a(truncdfsf2.o)
                              ./User/main.o (__truncdfsf2)
c:/mounriver/mounriver_studio/toolchain/risc-v embedded gcc/bin/../lib/gcc/riscv-none-embed/8.2.0/rv32imacxw/ilp32\libgcc.a(save-restore.o)
                              ./User/lcd.o (__riscv_save_12)
c:/mounriver/mounriver_studio/toolchain/risc-v embedded gcc/bin/../lib/gcc/riscv-none-embed/8.2.0/rv32imacxw/ilp32\libgcc.a(_clzsi2.o)
                              c:/mounriver/mounriver_studio/toolchain/risc-v embedded gcc/bin/../lib/gcc/riscv-none-embed/8.2.0/rv32imacxw/ilp32\libgcc.a(adddf3.o) (__clzsi2)
c:/mounriver/mounriver_studio/toolchain/risc-v embedded gcc/bin/../lib/gcc/riscv-none-embed/8.2.0/rv32imacxw/ilp32\libgcc.a(_clz.o)
                              c:/mounriver/mounriver_studio/toolchain/risc-v embedded gcc/bin/../lib/gcc/riscv-none-embed/8.2.0/rv32imacxw/ilp32\libgcc.a(_clzsi2.o) (__clz_tab)
c:/mounriver/mounriver_studio/toolchain/risc-v embedded gcc/bin/../lib/gcc/riscv-none-embed/8.2.0/../../../../riscv-none-embed/lib/rv32imacxw/ilp32\libg_nano.a(lib_a-memcpy.o)
                              ./User/main.o (memcpy)
c:/mounriver/mounriver_studio/toolchain/risc-v embedded gcc/bin/../lib/gcc/riscv-none-embed/8.2.0/../../../../riscv-none-embed/lib/rv32imacxw/ilp32\libg_nano.a(lib_a-sprintf.o)
                              ./User/main.o (sprintf)
c:/mounriver/mounriver_studio/toolchain/risc-v embedded gcc/bin/../lib/gcc/riscv-none-embed/8.2.0/../../../../riscv-none-embed/lib/rv32imacxw/ilp32\libg_nano.a(lib_a-strlen.o)
                              ./User/lcd.o (strlen)
c:/mounriver/mounriver_studio/toolchain/risc-v embedded gcc/bin/../lib/gcc/riscv-none-embed/8.2.0/../../../../riscv-none-embed/lib/rv32imacxw/ilp32\libg_nano.a(lib_a-impure.o)
                              c:/mounriver/mounriver_studio/toolchain/risc-v embedded gcc/bin/../lib/gcc/riscv-none-embed/8.2.0/../../../../riscv-none-embed/lib/rv32imacxw/ilp32\libg_nano.a(lib_a-sprintf.o) (_impure_ptr)
c:/mounriver/mounriver_studio/toolchain/risc-v embedded gcc/bin/../lib/gcc/riscv-none-embed/8.2.0/../../../../riscv-none-embed/lib/rv32imacxw/ilp32\libg_nano.a(lib_a-nano-svfprintf.o)
[...]
Memory Configuration

Name             Origin             Length             Attributes
FLASH            0x0000000000000000 0x0000000000010000 xr
RAM              0x0000000020000000 0x0000000000005000 xrw
*default*        0x0000000000000000 0xffffffffffffffff

Linker script and memory map

LOAD ./User/ch32v20x_it.o
LOAD ./User/lcd.o
LOAD ./User/main.o
LOAD ./User/system_ch32v20x.o
LOAD ./Startup/startup_ch32v20x_D6.o
LOAD ./Peripheral/src/ch32v20x_adc.o
LOAD ./Peripheral/src/ch32v20x_bkp.o
LOAD ./Peripheral/src/ch32v20x_can.o
LOAD ./Peripheral/src/ch32v20x_crc.o
LOAD ./Peripheral/src/ch32v20x_dbgmcu.o
LOAD ./Peripheral/src/ch32v20x_dma.o
LOAD ./Peripheral/src/ch32v20x_exti.o
LOAD ./Peripheral/src/ch32v20x_flash.o
LOAD ./Peripheral/src/ch32v20x_gpio.o
LOAD ./Peripheral/src/ch32v20x_i2c.o
LOAD ./Peripheral/src/ch32v20x_iwdg.o
LOAD ./Peripheral/src/ch32v20x_misc.o
LOAD ./Peripheral/src/ch32v20x_opa.o
LOAD ./Peripheral/src/ch32v20x_pwr.o
LOAD ./Peripheral/src/ch32v20x_rcc.o
LOAD ./Peripheral/src/ch32v20x_rtc.o
LOAD ./Peripheral/src/ch32v20x_spi.o
LOAD ./Peripheral/src/ch32v20x_tim.o
LOAD ./Peripheral/src/ch32v20x_usart.o
LOAD ./Peripheral/src/ch32v20x_wwdg.o
LOAD ./Debug/debug.o
LOAD ./Core/core_riscv.o
LOAD c:/mounriver/mounriver_studio/toolchain/risc-v embedded gcc/bin/../lib/gcc/riscv-none-embed/8.2.0/rv32imacxw/ilp32\libgcc.a
LOAD c:/mounriver/mounriver_studio/toolchain/risc-v embedded gcc/bin/../lib/gcc/riscv-none-embed/8.2.0/../../../../riscv-none-embed/lib/rv32imacxw/ilp32\libg_nano.a
LOAD c:/mounriver/mounriver_studio/toolchain/risc-v embedded gcc/bin/../lib/gcc/riscv-none-embed/8.2.0/../../../../riscv-none-embed/lib/rv32imacxw/ilp32\libc_nano.a
LOAD c:/mounriver/mounriver_studio/toolchain/risc-v embedded gcc/bin/../lib/gcc/riscv-none-embed/8.2.0/rv32imacxw/ilp32\libgcc.a
START GROUP
LOAD c:/mounriver/mounriver_studio/toolchain/risc-v embedded gcc/bin/../lib/gcc/riscv-none-embed/8.2.0/rv32imacxw/ilp32\libgcc.a
LOAD c:/mounriver/mounriver_studio/toolchain/risc-v embedded gcc/bin/../lib/gcc/riscv-none-embed/8.2.0/../../../../riscv-none-embed/lib/rv32imacxw/ilp32\libc_nano.a
LOAD c:/mounriver/mounriver_studio/toolchain/risc-v embedded gcc/bin/../lib/gcc/riscv-none-embed/8.2.0/../../../../riscv-none-embed/lib/rv32imacxw/ilp32\libnosys.a
END GROUP
START GROUP
LOAD c:/mounriver/mounriver_studio/toolchain/risc-v embedded gcc/bin/../lib/gcc/riscv-none-embed/8.2.0/rv32imacxw/ilp32\libgcc.a
LOAD c:/mounriver/mounriver_studio/toolchain/risc-v embedded gcc/bin/../lib/gcc/riscv-none-embed/8.2.0/../../../../riscv-none-embed/lib/rv32imacxw/ilp32\libc_nano.a
LOAD c:/mounriver/mounriver_studio/toolchain/risc-v embedded gcc/bin/../lib/gcc/riscv-none-embed/8.2.0/../../../../riscv-none-embed/lib/rv32imacxw/ilp32\libnosys.a
END GROUP
                0x0000000000000800                __stack_size = 0x800
                [!provide]                        PROVIDE (_stack_size = __stack_size)

.init           0x0000000000000000       0x38
                0x0000000000000000                _sinit = .
                0x0000000000000000                . = ALIGN (0x4)
 *(SORT_NONE(.init))
 .init          0x0000000000000000       0x38 ./Startup/startup_ch32v20x_D6.o
                0x0000000000000000                _start
                0x0000000000000038                . = ALIGN (0x4)
                0x0000000000000038                _einit = .

.vector         0x0000000000000038      0x108
 *(.vector)
 .vector        0x0000000000000038       0xfc ./Startup/startup_ch32v20x_D6.o
                0x0000000000000140                . = ALIGN (0x40)
 *fill*         0x0000000000000134        0xc 

.text           0x0000000000000140     0x4c24
                0x0000000000000140                . = ALIGN (0x4)
 *(.text)
 .text          0x0000000000000140       0x60 c:/mounriver/mounriver_studio/toolchain/risc-v embedded gcc/bin/../lib/gcc/riscv-none-embed/8.2.0/rv32imacxw/ilp32\libgcc.a(save-restore.o)
                0x0000000000000140                __riscv_save_12
                0x0000000000000148                __riscv_save_9
                0x0000000000000148                __riscv_save_11
                0x0000000000000148                __riscv_save_10
                0x0000000000000148                __riscv_save_8
                0x0000000000000156                __riscv_save_4
                0x0000000000000156                __riscv_save_6
                0x0000000000000156                __riscv_save_5
                0x0000000000000156                __riscv_save_7
                0x0000000000000170                __riscv_save_3
                0x0000000000000170                __riscv_save_2
                0x0000000000000170                __riscv_save_1
                0x0000000000000170                __riscv_save_0
                0x000000000000017c                __riscv_restore_12
                0x0000000000000180                __riscv_restore_11
                0x0000000000000180                __riscv_restore_9
                0x0000000000000180                __riscv_restore_10
                0x0000000000000180                __riscv_restore_8
                0x000000000000018a                __riscv_restore_5
                0x000000000000018a                __riscv_restore_7
                0x000000000000018a                __riscv_restore_6
                0x000000000000018a                __riscv_restore_4
                0x0000000000000194                __riscv_restore_3
                0x0000000000000194                __riscv_restore_0
                0x0000000000000194                __riscv_restore_2
                0x0000000000000194                __riscv_restore_1
 *(.text.*)
 .text.NMI_Handler
                0x00000000000001a0        0x4 ./User/ch32v20x_it.o
                0x00000000000001a0                NMI_Handler
 .text.HardFault_Handler
                0x00000000000001a4        0x2 ./User/ch32v20x_it.o
                0x00000000000001a4                HardFault_Handler
 .text.LCD_Writ_Bus
                0x00000000000001a6       0x46 ./User/lcd.o
                0x00000000000001a6                LCD_Writ_Bus
 .text.LCD_WR_DATA
                0x00000000000001ec       0x12 ./User/lcd.o
                0x00000000000001ec                LCD_WR_DATA
 .text.LCD_WR_REG
                0x00000000000001fe       0x28 ./User/lcd.o
                0x00000000000001fe                LCD_WR_REG
 .text.LCD_Address_Set
                0x0000000000000226       0x3a ./User/lcd.o
                0x0000000000000226                LCD_Address_Set
 .text.lcd_gpio_init
                0x0000000000000260       0xb8 ./User/lcd.o
                0x0000000000000260                lcd_gpio_init
 .text.LCD_Fill_Fast
                0x0000000000000318       0x86 ./User/lcd.o
                0x0000000000000318                LCD_Fill_Fast
 .text.lcd_init
                0x000000000000039e      0x18a ./User/lcd.o
                0x000000000000039e                lcd_init
 .text.LCDTextXY
                0x0000000000000528      0x22a ./User/lcd.o
                0x0000000000000528                LCDTextXY
 .text.LCDPutPixel
                0x0000000000000752       0x38 ./User/lcd.o
                0x0000000000000752                LCDPutPixel
 .text.LCDDrawLine
                0x000000000000078a       0x7a ./User/lcd.o
                0x000000000000078a                LCDDrawLine
 .text.TIM3_Init
                0x0000000000000804       0x72 ./User/main.o
                0x0000000000000804                TIM3_Init
 .text.GPIO_Toggle_init
                0x0000000000000876       0x34 ./User/main.o
                0x0000000000000876                GPIO_Toggle_init
 .text.toggleLED
                0x00000000000008aa       0x2c ./User/main.o
                0x00000000000008aa                toggleLED
 .text.TIM3_IRQHandler
                0x00000000000008d6       0x42 ./User/main.o
                0x00000000000008d6                TIM3_IRQHandler
 .text.projectCube
                0x0000000000000918       0x78 ./User/main.o
                0x0000000000000918                projectCube
 .text.drawCube
                0x0000000000000990      0x1f0 ./User/main.o
                0x0000000000000990                drawCube
 .text.scaleCube
                0x0000000000000b80       0x46 ./User/main.o
                0x0000000000000b80                scaleCube
 .text.moveCube
                0x0000000000000bc6       0x46 ./User/main.o
                0x0000000000000bc6                moveCube
 .text.cos      0x0000000000000c0c      0x3a0 ./User/main.o
                0x0000000000000c0c                cos
 .text.sin      0x0000000000000fac       0x1c ./User/main.o
                0x0000000000000fac                sin
 .text.rotateCubeInX
                0x0000000000000fc8       0xaa ./User/main.o
                0x0000000000000fc8                rotateCubeInX
 .text.rotateCubeInY
                0x0000000000001072       0xa6 ./User/main.o
                0x0000000000001072                rotateCubeInY
 .text.rotateCubeInZ
                0x0000000000001118       0xaa ./User/main.o
                0x0000000000001118                rotateCubeInZ
 .text.rotateCube
                0x00000000000011c2       0x2c ./User/main.o
                0x00000000000011c2                rotateCube
 .text.startup.main
                0x00000000000011ee      0x170 ./User/main.o
                0x00000000000011ee                main
 .text.SystemInit
                0x000000000000135e       0xea ./User/system_ch32v20x.o
                0x000000000000135e                SystemInit
 .text.vector_handler
                0x0000000000001448       0x6c ./Startup/startup_ch32v20x_D6.o
                0x000000000000144c                Ecall_M_Mode_Handler
                0x000000000000144e                Ecall_U_Mode_Handler
                0x0000000000001450                Break_Point_Handler
                0x0000000000001452                SysTick_Handler
                0x0000000000001454                SW_Handler
                0x0000000000001456                WWDG_IRQHandler
                0x0000000000001458                PVD_IRQHandler
                0x000000000000145a                TAMPER_IRQHandler
                0x000000000000145c                RTC_IRQHandler
                0x000000000000145e                FLASH_IRQHandler
                0x0000000000001460                RCC_IRQHandler
                0x0000000000001462                EXTI0_IRQHandler
                0x0000000000001464                EXTI1_IRQHandler
                0x0000000000001466                EXTI2_IRQHandler
                0x0000000000001468                EXTI3_IRQHandler
                0x000000000000146a                EXTI4_IRQHandler
                0x000000000000146c                DMA1_Channel1_IRQHandler
                0x000000000000146e                DMA1_Channel2_IRQHandler
                0x0000000000001470                DMA1_Channel3_IRQHandler
                0x0000000000001472                DMA1_Channel4_IRQHandler
                0x0000000000001474                DMA1_Channel5_IRQHandler
                0x0000000000001476                DMA1_Channel6_IRQHandler
                0x0000000000001478                DMA1_Channel7_IRQHandler
                0x000000000000147a                ADC1_2_IRQHandler
                0x000000000000147c                USB_HP_CAN1_TX_IRQHandler
                0x000000000000147e                USB_LP_CAN1_RX0_IRQHandler
                0x0000000000001480                CAN1_RX1_IRQHandler
                0x0000000000001482                CAN1_SCE_IRQHandler
                0x0000000000001484                EXTI9_5_IRQHandler
                0x0000000000001486                TIM1_BRK_IRQHandler
                0x0000000000001488                TIM1_UP_IRQHandler
                0x000000000000148a                TIM1_TRG_COM_IRQHandler
                0x000000000000148c                TIM1_CC_IRQHandler
                0x000000000000148e                TIM2_IRQHandler
                0x0000000000001492                TIM4_IRQHandler
                0x0000000000001494                I2C1_EV_IRQHandler
                0x0000000000001496                I2C1_ER_IRQHandler
                0x0000000000001498                I2C2_EV_IRQHandler
                0x000000000000149a                I2C2_ER_IRQHandler
                0x000000000000149c                SPI1_IRQHandler
                0x000000000000149e                SPI2_IRQHandler
                0x00000000000014a0                USART1_IRQHandler
                0x00000000000014a2                USART2_IRQHandler
                0x00000000000014a4                USART3_IRQHandler
                0x00000000000014a6                EXTI15_10_IRQHandler
                0x00000000000014a8                RTCAlarm_IRQHandler
                0x00000000000014aa                USBWakeUp_IRQHandler
                0x00000000000014ac                USBHD_IRQHandler
                0x00000000000014ae                USBHDWakeUp_IRQHandler
                0x00000000000014b0                UART4_IRQHandler
                0x00000000000014b2                DMA1_Channel8_IRQHandler
 .text.handle_reset
                0x00000000000014b4       0x86 ./Startup/startup_ch32v20x_D6.o
                0x00000000000014b4                handle_reset
 .text.GPIO_Init
                0x000000000000153a       0xf2 ./Peripheral/src/ch32v20x_gpio.o
                0x000000000000153a                GPIO_Init
 .text.GPIO_SetBits
                0x000000000000162c       0x14 ./Peripheral/src/ch32v20x_gpio.o
                0x000000000000162c                GPIO_SetBits
 .text.GPIO_ResetBits
                0x0000000000001640       0x14 ./Peripheral/src/ch32v20x_gpio.o
                0x0000000000001640                GPIO_ResetBits
 .text.GPIO_WriteBit
                0x0000000000001654       0x1a ./Peripheral/src/ch32v20x_gpio.o
                0x0000000000001654                GPIO_WriteBit
 .text.NVIC_Init
                0x000000000000166e       0xa6 ./Peripheral/src/ch32v20x_misc.o
                0x000000000000166e                NVIC_Init
 .text.RCC_APB2PeriphClockCmd
                0x0000000000001714       0x1e ./Peripheral/src/ch32v20x_rcc.o
                0x0000000000001714                RCC_APB2PeriphClockCmd
 .text.RCC_APB1PeriphClockCmd
                0x0000000000001732       0x1e ./Peripheral/src/ch32v20x_rcc.o
                0x0000000000001732                RCC_APB1PeriphClockCmd
 .text.SPI_Init
                0x0000000000001750       0x3e ./Peripheral/src/ch32v20x_spi.o
                0x0000000000001750                SPI_Init
 .text.SPI_Cmd  0x000000000000178e       0x1a ./Peripheral/src/ch32v20x_spi.o
                0x000000000000178e                SPI_Cmd
 .text.SPI_I2S_SendData
                0x00000000000017a8        0x4 ./Peripheral/src/ch32v20x_spi.o
                0x00000000000017a8                SPI_I2S_SendData
 .text.SPI_I2S_GetFlagStatus
                0x00000000000017ac        0xa ./Peripheral/src/ch32v20x_spi.o
                0x00000000000017ac                SPI_I2S_GetFlagStatus
 .text.TIM_TimeBaseInit
                0x00000000000017b6       0x6a ./Peripheral/src/ch32v20x_tim.o
                0x00000000000017b6                TIM_TimeBaseInit
 .text.TIM_Cmd  0x0000000000001820       0x18 ./Peripheral/src/ch32v20x_tim.o
                0x0000000000001820                TIM_Cmd
 .text.TIM_ITConfig
                0x0000000000001838       0x12 ./Peripheral/src/ch32v20x_tim.o
                0x0000000000001838                TIM_ITConfig
 .text.TIM_GetITStatus
                0x000000000000184a       0x18 ./Peripheral/src/ch32v20x_tim.o
                0x000000000000184a                TIM_GetITStatus
 .text.TIM_ClearITPendingBit
                0x0000000000001862        0xc ./Peripheral/src/ch32v20x_tim.o
                0x0000000000001862                TIM_ClearITPendingBit
 .text.Delay_Init
                0x000000000000186e       0x2a ./Debug/debug.o
                0x000000000000186e                Delay_Init
 .text.Delay_Us
                0x0000000000001898       0x36 ./Debug/debug.o
                0x0000000000001898                Delay_Us
 .text.Delay_Ms
                0x00000000000018ce       0x36 ./Debug/debug.o
                0x00000000000018ce                Delay_Ms
 .text._sbrk    0x0000000000001904       0x26 ./Debug/debug.o
                0x0000000000001904                _sbrk
 .text.__adddf3
                0x000000000000192a      0x730 c:/mounriver/mounriver_studio/toolchain/risc-v embedded gcc/bin/../lib/gcc/riscv-none-embed/8.2.0/rv32imacxw/ilp32\libgcc.a(adddf3.o)
                0x000000000000192a                __adddf3
 .text.__divdf3
                0x000000000000205a      0x5b4 c:/mounriver/mounriver_studio/toolchain/risc-v embedded gcc/bin/../lib/gcc/riscv-none-embed/8.2.0/rv32imacxw/ilp32\libgcc.a(divdf3.o)
                0x000000000000205a                __divdf3
 .text.__ledf2  0x000000000000260e       0xb6 c:/mounriver/mounriver_studio/toolchain/risc-v embedded gcc/bin/../lib/gcc/riscv-none-embed/8.2.0/rv32imacxw/ilp32\libgcc.a(ledf2.o)
                0x000000000000260e                __ledf2
                0x000000000000260e                __ltdf2
 .text.__muldf3
                0x00000000000026c4      0x4b8 c:/mounriver/mounriver_studio/toolchain/risc-v embedded gcc/bin/../lib/gcc/riscv-none-embed/8.2.0/rv32imacxw/ilp32\libgcc.a(muldf3.o)
                0x00000000000026c4                __muldf3
 .text.__subdf3
                0x0000000000002b7c      0x73e c:/mounriver/mounriver_studio/toolchain/risc-v embedded gcc/bin/../lib/gcc/riscv-none-embed/8.2.0/rv32imacxw/ilp32\libgcc.a(subdf3.o)
                0x0000000000002b7c                __subdf3
 .text.__addsf3
                0x00000000000032ba      0x36a c:/mounriver/mounriver_studio/toolchain/risc-v embedded gcc/bin/../lib/gcc/riscv-none-embed/8.2.0/rv32imacxw/ilp32\libgcc.a(addsf3.o)
                0x00000000000032ba                __addsf3
 .text.__divsf3
                0x0000000000003624      0x2ae c:/mounriver/mounriver_studio/toolchain/risc-v embedded gcc/bin/../lib/gcc/riscv-none-embed/8.2.0/rv32imacxw/ilp32\libgcc.a(divsf3.o)
                0x0000000000003624                __divsf3
 .text.__gesf2  0x00000000000038d2       0x86 c:/mounriver/mounriver_studio/toolchain/risc-v embedded gcc/bin/../lib/gcc/riscv-none-embed/8.2.0/rv32imacxw/ilp32\libgcc.a(gesf2.o)
                0x00000000000038d2                __gesf2
                0x00000000000038d2                __gtsf2
 .text.__mulsf3
                0x0000000000003958      0x290 c:/mounriver/mounriver_studio/toolchain/risc-v embedded gcc/bin/../lib/gcc/riscv-none-embed/8.2.0/rv32imacxw/ilp32\libgcc.a(mulsf3.o)
                0x0000000000003958                __mulsf3
 .text.__fixsfsi
                0x0000000000003be8       0x62 c:/mounriver/mounriver_studio/toolchain/risc-v embedded gcc/bin/../lib/gcc/riscv-none-embed/8.2.0/rv32imacxw/ilp32\libgcc.a(fixsfsi.o)
                0x0000000000003be8                __fixsfsi
 .text.__floatsisf
                0x0000000000003c4a       0xc6 c:/mounriver/mounriver_studio/toolchain/risc-v embedded gcc/bin/../lib/gcc/riscv-none-embed/8.2.0/rv32imacxw/ilp32\libgcc.a(floatsisf.o)
                0x0000000000003c4a                __floatsisf
 .text.__extendsfdf2
                0x0000000000003d10       0xac c:/mounriver/mounriver_studio/toolchain/risc-v embedded gcc/bin/../lib/gcc/riscv-none-embed/8.2.0/rv32imacxw/ilp32\libgcc.a(extendsfdf2.o)
                0x0000000000003d10                __extendsfdf2
 .text.__truncdfsf2
                0x0000000000003dbc      0x16a c:/mounriver/mounriver_studio/toolchain/risc-v embedded gcc/bin/../lib/gcc/riscv-none-embed/8.2.0/rv32imacxw/ilp32\libgcc.a(truncdfsf2.o)
                0x0000000000003dbc                __truncdfsf2
 .text.__clzsi2
                0x0000000000003f26       0x6e c:/mounriver/mounriver_studio/toolchain/risc-v embedded gcc/bin/../lib/gcc/riscv-none-embed/8.2.0/rv32imacxw/ilp32\libgcc.a(_clzsi2.o)
                0x0000000000003f26                __clzsi2
 .text.memcpy   0x0000000000003f94       0xb2 c:/mounriver/mounriver_studio/toolchain/risc-v embedded gcc/bin/../lib/gcc/riscv-none-embed/8.2.0/../../../../riscv-none-embed/lib/rv32imacxw/ilp32\libg_nano.a(lib_a-memcpy.o)
                0x0000000000003f94                memcpy
 .text.sprintf  0x0000000000004046       0x44 c:/mounriver/mounriver_studio/toolchain/risc-v embedded gcc/bin/../lib/gcc/riscv-none-embed/8.2.0/../../../../riscv-none-embed/lib/rv32imacxw/ilp32\libg_nano.a(lib_a-sprintf.o)
                0x0000000000004046                siprintf
                0x0000000000004046                sprintf
 .text.strlen   0x000000000000408a       0x12 c:/mounriver/mounriver_studio/toolchain/risc-v embedded gcc/bin/../lib/gcc/riscv-none-embed/8.2.0/../../../../riscv-none-embed/lib/rv32imacxw/ilp32\libg_nano.a(lib_a-strlen.o)
                0x000000000000408a                strlen
 .text.__ssputs_r
                0x000000000000409c       0xde c:/mounriver/mounriver_studio/toolchain/risc-v embedded gcc/bin/../lib/gcc/riscv-none-embed/8.2.0/../../../../riscv-none-embed/lib/rv32imacxw/ilp32\libg_nano.a(lib_a-nano-svfprintf.o)
                0x000000000000409c                __ssputs_r
 .text._svfprintf_r
                0x000000000000417a      0x262 c:/mounriver/mounriver_studio/toolchain/risc-v embedded gcc/bin/../lib/gcc/riscv-none-embed/8.2.0/../../../../riscv-none-embed/lib/rv32imacxw/ilp32\libg_nano.a(lib_a-nano-svfprintf.o)
                0x000000000000417a                _svfiprintf_r
                0x000000000000417a                _svfprintf_r
 .text._printf_common
                0x00000000000043dc      0x10c c:/mounriver/mounriver_studio/toolchain/risc-v embedded gcc/bin/../lib/gcc/riscv-none-embed/8.2.0/../../../../riscv-none-embed/lib/rv32imacxw/ilp32\libg_nano.a(lib_a-nano-vfprintf_i.o)
                0x00000000000043dc                _printf_common
 .text._printf_i
                0x00000000000044e8      0x2a2 c:/mounriver/mounriver_studio/toolchain/risc-v embedded gcc/bin/../lib/gcc/riscv-none-embed/8.2.0/../../../../riscv-none-embed/lib/rv32imacxw/ilp32\libg_nano.a(lib_a-nano-vfprintf_i.o)
                0x00000000000044e8                _printf_i
 .text.memchr   0x000000000000478a       0x18 c:/mounriver/mounriver_studio/toolchain/risc-v embedded gcc/bin/../lib/gcc/riscv-none-embed/8.2.0/../../../../riscv-none-embed/lib/rv32imacxw/ilp32\libg_nano.a(lib_a-memchr.o)
                0x000000000000478a                memchr
 .text.memmove  0x00000000000047a2       0x46 c:/mounriver/mounriver_studio/toolchain/risc-v embedded gcc/bin/../lib/gcc/riscv-none-embed/8.2.0/../../../../riscv-none-embed/lib/rv32imacxw/ilp32\libg_nano.a(lib_a-memmove.o)
                0x00000000000047a2                memmove
 .text._free_r  0x00000000000047e8       0xa4 c:/mounriver/mounriver_studio/toolchain/risc-v embedded gcc/bin/../lib/gcc/riscv-none-embed/8.2.0/../../../../riscv-none-embed/lib/rv32imacxw/ilp32\libg_nano.a(lib_a-nano-freer.o)
                0x00000000000047e8                _free_r
 .text._malloc_r
                0x000000000000488c       0xce c:/mounriver/mounriver_studio/toolchain/risc-v embedded gcc/bin/../lib/gcc/riscv-none-embed/8.2.0/../../../../riscv-none-embed/lib/rv32imacxw/ilp32\libg_nano.a(lib_a-nano-mallocr.o)
                0x000000000000488c                _malloc_r
 .text._realloc_r
                0x000000000000495a       0x58 c:/mounriver/mounriver_studio/toolchain/risc-v embedded gcc/bin/../lib/gcc/riscv-none-embed/8.2.0/../../../../riscv-none-embed/lib/rv32imacxw/ilp32\libg_nano.a(lib_a-nano-reallocr.o)
                0x000000000000495a                _realloc_r
 .text._sbrk_r  0x00000000000049b2       0x2a c:/mounriver/mounriver_studio/toolchain/risc-v embedded gcc/bin/../lib/gcc/riscv-none-embed/8.2.0/../../../../riscv-none-embed/lib/rv32imacxw/ilp32\libg_nano.a(lib_a-sbrkr.o)
                0x00000000000049b2                _sbrk_r
 .text.__malloc_lock
                0x00000000000049dc        0x2 c:/mounriver/mounriver_studio/toolchain/risc-v embedded gcc/bin/../lib/gcc/riscv-none-embed/8.2.0/../../../../riscv-none-embed/lib/rv32imacxw/ilp32\libg_nano.a(lib_a-mlock.o)
                0x00000000000049dc                __malloc_lock
 .text.__malloc_unlock
                0x00000000000049de        0x2 c:/mounriver/mounriver_studio/toolchain/risc-v embedded gcc/bin/../lib/gcc/riscv-none-embed/8.2.0/../../../../riscv-none-embed/lib/rv32imacxw/ilp32\libg_nano.a(lib_a-mlock.o)
                0x00000000000049de                __malloc_unlock
 .text._malloc_usable_size_r
                0x00000000000049e0       0x14 c:/mounriver/mounriver_studio/toolchain/risc-v embedded gcc/bin/../lib/gcc/riscv-none-embed/8.2.0/../../../../riscv-none-embed/lib/rv32imacxw/ilp32\libg_nano.a(lib_a-nano-msizer.o)
                0x00000000000049e0                _malloc_usable_size_r
 *(.rodata)
 *fill*         0x00000000000049f4        0x0 
 .rodata        0x00000000000049f4       0x60 ./User/main.o
 *(.rodata*)
 *fill*         0x0000000000004a54        0x4 
 .rodata.compare_float.cst8
                0x0000000000004a58        0x8 ./User/main.o
 .rodata.cos.cst8
                0x0000000000004a60       0x50 ./User/main.o
 .rodata.main.cst4
                0x0000000000004ab0       0x18 ./User/main.o
 .rodata.main.str1.4
                0x0000000000004ac8       0x16 ./User/main.o
 *fill*         0x0000000000004ade        0x2 
 .rodata.sin.cst8
                0x0000000000004ae0        0x8 ./User/main.o
 .rodata.__divdf3
                0x0000000000004ae8       0x40 c:/mounriver/mounriver_studio/toolchain/risc-v embedded gcc/bin/../lib/gcc/riscv-none-embed/8.2.0/rv32imacxw/ilp32\libgcc.a(divdf3.o)
 .rodata.__muldf3
                0x0000000000004b28       0x40 c:/mounriver/mounriver_studio/toolchain/risc-v embedded gcc/bin/../lib/gcc/riscv-none-embed/8.2.0/rv32imacxw/ilp32\libgcc.a(muldf3.o)
 .rodata.__divsf3
                0x0000000000004b68       0x80 c:/mounriver/mounriver_studio/toolchain/risc-v embedded gcc/bin/../lib/gcc/riscv-none-embed/8.2.0/rv32imacxw/ilp32\libgcc.a(divsf3.o)
 .rodata.__mulsf3
                0x0000000000004be8       0x40 c:/mounriver/mounriver_studio/toolchain/risc-v embedded gcc/bin/../lib/gcc/riscv-none-embed/8.2.0/rv32imacxw/ilp32\libgcc.a(mulsf3.o)
 .rodata.__clz_tab
                0x0000000000004c28      0x100 c:/mounriver/mounriver_studio/toolchain/risc-v embedded gcc/bin/../lib/gcc/riscv-none-embed/8.2.0/rv32imacxw/ilp32\libgcc.a(_clz.o)
                0x0000000000004c28                __clz_tab
 .rodata._svfprintf_r.str1.4
                0x0000000000004d28       0x13 c:/mounriver/mounriver_studio/toolchain/risc-v embedded gcc/bin/../lib/gcc/riscv-none-embed/8.2.0/../../../../riscv-none-embed/lib/rv32imacxw/ilp32\libg_nano.a(lib_a-nano-svfprintf.o)
 *fill*         0x0000000000004d3b        0x1 
 .rodata._printf_i.str1.4
                0x0000000000004d3c       0x28 c:/mounriver/mounriver_studio/toolchain/risc-v embedded gcc/bin/../lib/gcc/riscv-none-embed/8.2.0/../../../../riscv-none-embed/lib/rv32imacxw/ilp32\libg_nano.a(lib_a-nano-vfprintf_i.o)
                                         0x25 (size before relaxing)
 *(.glue_7)
 *(.glue_7t)
 *(.gnu.linkonce.t.*)
                0x0000000000004d64                . = ALIGN (0x4)

.rela.dyn       0x0000000000004d64        0x0
 .rela.init     0x0000000000004d64        0x0 ./User/ch32v20x_it.o
 .rela.vector   0x0000000000004d64        0x0 ./User/ch32v20x_it.o
 .rela.text.handle_reset
                0x0000000000004d64        0x0 ./User/ch32v20x_it.o
 .rela.text._sbrk
                0x0000000000004d64        0x0 ./User/ch32v20x_it.o
 .rela.sdata.curbrk.4579
                0x0000000000004d64        0x0 ./User/ch32v20x_it.o
 .rela.data.impure_data
                0x0000000000004d64        0x0 ./User/ch32v20x_it.o
 .rela.text._svfprintf_r
                0x0000000000004d64        0x0 ./User/ch32v20x_it.o
 .rela.text._sbrk_r
                0x0000000000004d64        0x0 ./User/ch32v20x_it.o

.fini           0x0000000000004d64        0x0
 *(SORT_NONE(.fini))
                0x0000000000004d64                . = ALIGN (0x4)
                [!provide]                        PROVIDE (_etext = .)
                [!provide]                        PROVIDE (_eitcm = .)

.preinit_array  0x0000000000004d64        0x0
                [!provide]                        PROVIDE (__preinit_array_start = .)
 *(.preinit_array)
                [!provide]                        PROVIDE (__preinit_array_end = .)

.init_array     0x0000000000004d64        0x0
                [!provide]                        PROVIDE (__init_array_start = .)
 *(SORT_BY_INIT_PRIORITY(.init_array.*) SORT_BY_INIT_PRIORITY(.ctors.*))
 *(.init_array EXCLUDE_FILE(*crtend?.o *crtend.o *crtbegin?.o *crtbegin.o) .ctors)
                [!provide]                        PROVIDE (__init_array_end = .)

.fini_array     0x0000000000004d64        0x0
                [!provide]                        PROVIDE (__fini_array_start = .)
 *(SORT_BY_INIT_PRIORITY(.fini_array.*) SORT_BY_INIT_PRIORITY(.dtors.*))
 *(.fini_array EXCLUDE_FILE(*crtend?.o *crtend.o *crtbegin?.o *crtbegin.o) .dtors)
                [!provide]                        PROVIDE (__fini_array_end = .)

.ctors
 *crtbegin.o(.ctors)
 *crtbegin?.o(.ctors)
 *(EXCLUDE_FILE(*crtend?.o *crtend.o) .ctors)
 *(SORT_BY_NAME(.ctors.*))
 *(.ctors)

.dtors
 *crtbegin.o(.dtors)
 *crtbegin?.o(.dtors)
 *(EXCLUDE_FILE(*crtend?.o *crtend.o) .dtors)
 *(SORT_BY_NAME(.dtors.*))
 *(.dtors)

.dalign         0x0000000020000000        0x0 load address 0x0000000000004d64
                0x0000000020000000                . = ALIGN (0x4)
                0x0000000020000000                PROVIDE (_data_vma = .)

.dlalign        0x0000000000004d64        0x0
                0x0000000000004d64                . = ALIGN (0x4)
                0x0000000000004d64                PROVIDE (_data_lma = .)

.data           0x0000000020000000      0x470 load address 0x0000000000004d64
 *(.gnu.linkonce.r.*)
 *(.data .data.*)
 .data.font8x8_basic
                0x0000000020000000      0x400 ./User/lcd.o
                0x0000000020000000                font8x8_basic
 .data.impure_data
                0x0000000020000400       0x60 c:/mounriver/mounriver_studio/toolchain/risc-v embedded gcc/bin/../lib/gcc/riscv-none-embed/8.2.0/../../../../riscv-none-embed/lib/rv32imacxw/ilp32\libg_nano.a(lib_a-impure.o)
 *(.gnu.linkonce.d.*)
                0x0000000020000460                . = ALIGN (0x8)
                0x0000000020000c60                PROVIDE (__global_pointer$ = (. + 0x800))
 *(.sdata .sdata.*)
 .sdata.SystemCoreClock
                0x0000000020000460        0x4 ./User/system_ch32v20x.o
                0x0000000020000460                SystemCoreClock
 .sdata.curbrk.4579
                0x0000000020000464        0x4 ./Debug/debug.o
 .sdata._impure_ptr
                0x0000000020000468        0x4 c:/mounriver/mounriver_studio/toolchain/risc-v embedded gcc/bin/../lib/gcc/riscv-none-embed/8.2.0/../../../../riscv-none-embed/lib/rv32imacxw/ilp32\libg_nano.a(lib_a-impure.o)
                0x0000000020000468                _impure_ptr
 *(.sdata2.*)
 *(.gnu.linkonce.s.*)
                0x0000000020000470                . = ALIGN (0x8)
 *fill*         0x000000002000046c        0x4 
 *(.srodata.cst16)
 *(.srodata.cst8)
 *(.srodata.cst4)
 *(.srodata.cst2)
 *(.srodata .srodata.*)
                0x0000000020000470                . = ALIGN (0x4)
                0x0000000020000470                PROVIDE (_edata = .)

.bss            0x0000000020000470       0x20 load address 0x00000000000051d4
                0x0000000020000470                . = ALIGN (0x4)
                0x0000000020000470                PROVIDE (_sbss = .)
 *(.sbss*)
 .sbss.i        0x0000000020000470        0x1 ./User/main.o
                0x0000000020000470                i
 *fill*         0x0000000020000471        0x3 
 .sbss.myCount  0x0000000020000474        0x4 ./User/main.o
                0x0000000020000474                myCount
 .sbss.MCU_Version
                0x0000000020000478        0x1 ./Peripheral/src/ch32v20x_gpio.o
                0x0000000020000478                MCU_Version
 *fill*         0x0000000020000479        0x3 
 .sbss.NVIC_Priority_Group
                0x000000002000047c        0x4 ./Peripheral/src/ch32v20x_misc.o
                0x000000002000047c                NVIC_Priority_Group
 .sbss.p_ms     0x0000000020000480        0x2 ./Debug/debug.o
 .sbss.p_us     0x0000000020000482        0x1 ./Debug/debug.o
 *fill*         0x0000000020000483        0x1 
 .sbss.__malloc_free_list
                0x0000000020000484        0x4 c:/mounriver/mounriver_studio/toolchain/risc-v embedded gcc/bin/../lib/gcc/riscv-none-embed/8.2.0/../../../../riscv-none-embed/lib/rv32imacxw/ilp32\libg_nano.a(lib_a-nano-mallocr.o)
                0x0000000020000484                __malloc_free_list
 .sbss.__malloc_sbrk_start
                0x0000000020000488        0x4 c:/mounriver/mounriver_studio/toolchain/risc-v embedded gcc/bin/../lib/gcc/riscv-none-embed/8.2.0/../../../../riscv-none-embed/lib/rv32imacxw/ilp32\libg_nano.a(lib_a-nano-mallocr.o)
                0x0000000020000488                __malloc_sbrk_start
 *(.gnu.linkonce.sb.*)
 *(.bss*)
 *(.gnu.linkonce.b.*)
 *(COMMON*)
 COMMON         0x000000002000048c        0x4 c:/mounriver/mounriver_studio/toolchain/risc-v embedded gcc/bin/../lib/gcc/riscv-none-embed/8.2.0/../../../../riscv-none-embed/lib/rv32imacxw/ilp32\libg_nano.a(lib_a-reent.o)
                0x000000002000048c                errno
                0x0000000020000490                . = ALIGN (0x4)
                0x0000000020000490                PROVIDE (_ebss = .)
                0x0000000020000490                PROVIDE (_end = _ebss)
                [!provide]                        PROVIDE (end = .)

.stack          0x0000000020004800      0x800
                0x0000000020004800                PROVIDE (_heap_end = .)
                0x0000000020004800                . = ALIGN (0x4)
                [!provide]                        PROVIDE (_susrstack = .)
                0x0000000020005000                . = (. + __stack_size)
 *fill*         0x0000000020004800      0x800 
                0x0000000020005000                PROVIDE (_eusrstack = .)
OUTPUT(cube3d.elf elf32-littleriscv)

.debug_info     0x0000000000000000     0xd663
 .debug_info    0x0000000000000000      0x962 ./User/ch32v20x_it.o
 .debug_info    0x0000000000000962     0x2393 ./User/lcd.o
 .debug_info    0x0000000000002cf5     0x2097 ./User/main.o
 .debug_info    0x0000000000004d8c      0xb89 ./User/system_ch32v20x.o
 .debug_info    0x0000000000005915       0x22 ./Startup/startup_ch32v20x_D6.o
 .debug_info    0x0000000000005937     0x10d9 ./Peripheral/src/ch32v20x_gpio.o
 .debug_info    0x0000000000006a10      0xe7c ./Peripheral/src/ch32v20x_misc.o
 .debug_info    0x000000000000788c     0x125c ./Peripheral/src/ch32v20x_rcc.o
 .debug_info    0x0000000000008ae8     0x12be ./Peripheral/src/ch32v20x_spi.o
 .debug_info    0x0000000000009da6     0x29a2 ./Peripheral/src/ch32v20x_tim.o
 .debug_info    0x000000000000c748      0xf1b ./Debug/debug.o

.debug_abbrev   0x0000000000000000     0x2122
 .debug_abbrev  0x0000000000000000      0x1cf ./User/ch32v20x_it.o
 .debug_abbrev  0x00000000000001cf      0x42c ./User/lcd.o
 .debug_abbrev  0x00000000000005fb      0x4da ./User/main.o
 .debug_abbrev  0x0000000000000ad5      0x2c0 ./User/system_ch32v20x.o
 .debug_abbrev  0x0000000000000d95       0x12 ./Startup/startup_ch32v20x_D6.o
 .debug_abbrev  0x0000000000000da7      0x33a ./Peripheral/src/ch32v20x_gpio.o
 .debug_abbrev  0x00000000000010e1      0x2fb ./Peripheral/src/ch32v20x_misc.o
 .debug_abbrev  0x00000000000013dc      0x351 ./Peripheral/src/ch32v20x_rcc.o
 .debug_abbrev  0x000000000000172d      0x307 ./Peripheral/src/ch32v20x_spi.o
 .debug_abbrev  0x0000000000001a34      0x408 ./Peripheral/src/ch32v20x_tim.o
 .debug_abbrev  0x0000000000001e3c      0x2e6 ./Debug/debug.o

.debug_aranges  0x0000000000000000      0x788
 .debug_aranges
                0x0000000000000000       0x28 ./User/ch32v20x_it.o
 .debug_aranges
                0x0000000000000028       0x88 ./User/lcd.o
 .debug_aranges
                0x00000000000000b0       0xa0 ./User/main.o
 .debug_aranges
                0x0000000000000150       0x28 ./User/system_ch32v20x.o
 .debug_aranges
                0x0000000000000178       0x30 ./Startup/startup_ch32v20x_D6.o
 .debug_aranges
                0x00000000000001a8       0xa8 ./Peripheral/src/ch32v20x_gpio.o
 .debug_aranges
                0x0000000000000250       0x28 ./Peripheral/src/ch32v20x_misc.o
 .debug_aranges
                0x0000000000000278      0x128 ./Peripheral/src/ch32v20x_rcc.o
 .debug_aranges
                0x00000000000003a0       0xd0 ./Peripheral/src/ch32v20x_spi.o
 .debug_aranges
                0x0000000000000470      0x2d0 ./Peripheral/src/ch32v20x_tim.o
 .debug_aranges
                0x0000000000000740       0x48 ./Debug/debug.o

.debug_ranges   0x0000000000000000      0x950
 .debug_ranges  0x0000000000000000       0x18 ./User/ch32v20x_it.o
 .debug_ranges  0x0000000000000018      0x170 ./User/lcd.o
 .debug_ranges  0x0000000000000188      0x188 ./User/main.o
 .debug_ranges  0x0000000000000310       0x38 ./User/system_ch32v20x.o
 .debug_ranges  0x0000000000000348       0x28 ./Startup/startup_ch32v20x_D6.o
 .debug_ranges  0x0000000000000370       0x98 ./Peripheral/src/ch32v20x_gpio.o
 .debug_ranges  0x0000000000000408       0x48 ./Peripheral/src/ch32v20x_misc.o
 .debug_ranges  0x0000000000000450      0x118 ./Peripheral/src/ch32v20x_rcc.o
 .debug_ranges  0x0000000000000568       0xc0 ./Peripheral/src/ch32v20x_spi.o
 .debug_ranges  0x0000000000000628      0x2f0 ./Peripheral/src/ch32v20x_tim.o
 .debug_ranges  0x0000000000000918       0x38 ./Debug/debug.o

.debug_line     0x0000000000000000     0x9a74
 .debug_line    0x0000000000000000      0x214 ./User/ch32v20x_it.o
 .debug_line    0x0000000000000214     0x12c0 ./User/lcd.o
 .debug_line    0x00000000000014d4     0x1321 ./User/main.o
 .debug_line    0x00000000000027f5      0x666 ./User/system_ch32v20x.o
 .debug_line    0x0000000000002e5b      0x25f ./Startup/startup_ch32v20x_D6.o
 .debug_line    0x00000000000030ba      0xfe4 ./Peripheral/src/ch32v20x_gpio.o
 .debug_line    0x000000000000409e      0x48a ./Peripheral/src/ch32v20x_misc.o
 .debug_line    0x0000000000004528     0x1128 ./Peripheral/src/ch32v20x_rcc.o
 .debug_line    0x0000000000005650      0xcc0 ./Peripheral/src/ch32v20x_spi.o
 .debug_line    0x0000000000006310     0x30a9 ./Peripheral/src/ch32v20x_tim.o
 .debug_line    0x00000000000093b9      0x6bb ./Debug/debug.o

.debug_str      0x0000000000000000     0x26af
 .debug_str     0x0000000000000000      0x53a ./User/ch32v20x_it.o
                                        0x59b (size before relaxing)
 .debug_str     0x000000000000053a      0x497 ./User/lcd.o
                                        0xa2d (size before relaxing)
 .debug_str     0x00000000000009d1      0x76f ./User/main.o
                                        0xf5d (size before relaxing)
 .debug_str     0x0000000000001140      0x10b ./User/system_ch32v20x.o
                                        0x6b1 (size before relaxing)
 .debug_str     0x000000000000124b       0x2d ./Startup/startup_ch32v20x_D6.o
                                         0x4e (size before relaxing)
 .debug_str     0x0000000000001278      0x232 ./Peripheral/src/ch32v20x_gpio.o
                                        0x962 (size before relaxing)
 .debug_str     0x00000000000014aa       0xa3 ./Peripheral/src/ch32v20x_misc.o
                                        0xa6a (size before relaxing)
 .debug_str     0x000000000000154d      0x3ae ./Peripheral/src/ch32v20x_rcc.o
                                        0xaa1 (size before relaxing)
 .debug_str     0x00000000000018fb      0x27a ./Peripheral/src/ch32v20x_spi.o
                                        0xa74 (size before relaxing)
 .debug_str     0x0000000000001b75      0x9f3 ./Peripheral/src/ch32v20x_tim.o
                                       0x1260 (size before relaxing)
 .debug_str     0x0000000000002568      0x147 ./Debug/debug.o
                                        0x8e4 (size before relaxing)

.comment        0x0000000000000000       0x33
 .comment       0x0000000000000000       0x33 ./User/ch32v20x_it.o
                                         0x34 (size before relaxing)
 .comment       0x0000000000000033       0x34 ./User/lcd.o
 .comment       0x0000000000000033       0x34 ./User/main.o
 .comment       0x0000000000000033       0x34 ./User/system_ch32v20x.o
 .comment       0x0000000000000033       0x34 ./Peripheral/src/ch32v20x_gpio.o
 .comment       0x0000000000000033       0x34 ./Peripheral/src/ch32v20x_misc.o
 .comment       0x0000000000000033       0x34 ./Peripheral/src/ch32v20x_rcc.o
 .comment       0x0000000000000033       0x34 ./Peripheral/src/ch32v20x_spi.o
 .comment       0x0000000000000033       0x34 ./Peripheral/src/ch32v20x_tim.o
 .comment       0x0000000000000033       0x34 ./Debug/debug.o

.debug_frame    0x0000000000000000     0x18d0
 .debug_frame   0x0000000000000000       0x30 ./User/ch32v20x_it.o
 .debug_frame   0x0000000000000030      0x264 ./User/lcd.o
 .debug_frame   0x0000000000000294      0x2ec ./User/main.o
 .debug_frame   0x0000000000000580       0x3c ./User/system_ch32v20x.o
 .debug_frame   0x00000000000005bc      0x148 ./Peripheral/src/ch32v20x_gpio.o
 .debug_frame   0x0000000000000704       0x30 ./Peripheral/src/ch32v20x_misc.o
 .debug_frame   0x0000000000000734      0x244 ./Peripheral/src/ch32v20x_rcc.o
 .debug_frame   0x0000000000000978      0x1a8 ./Peripheral/src/ch32v20x_spi.o
 .debug_frame   0x0000000000000b20      0x614 ./Peripheral/src/ch32v20x_tim.o
 .debug_frame   0x0000000000001134       0x9c ./Debug/debug.o
 .debug_frame   0x00000000000011d0       0x44 c:/mounriver/mounriver_studio/toolchain/risc-v embedded gcc/bin/../lib/gcc/riscv-none-embed/8.2.0/rv32imacxw/ilp32\libgcc.a(adddf3.o)
 .debug_frame   0x0000000000001214       0x50 c:/mounriver/mounriver_studio/toolchain/risc-v embedded gcc/bin/../lib/gcc/riscv-none-embed/8.2.0/rv32imacxw/ilp32\libgcc.a(divdf3.o)
 .debug_frame   0x0000000000001264       0x20 c:/mounriver/mounriver_studio/toolchain/risc-v embedded gcc/bin/../lib/gcc/riscv-none-embed/8.2.0/rv32imacxw/ilp32\libgcc.a(ledf2.o)
 .debug_frame   0x0000000000001284       0x54 c:/mounriver/mounriver_studio/toolchain/risc-v embedded gcc/bin/../lib/gcc/riscv-none-embed/8.2.0/rv32imacxw/ilp32\libgcc.a(muldf3.o)
 .debug_frame   0x00000000000012d8       0x44 c:/mounriver/mounriver_studio/toolchain/risc-v embedded gcc/bin/../lib/gcc/riscv-none-embed/8.2.0/rv32imacxw/ilp32\libgcc.a(subdf3.o)
 .debug_frame   0x000000000000131c       0x40 c:/mounriver/mounriver_studio/toolchain/risc-v embedded gcc/bin/../lib/gcc/riscv-none-embed/8.2.0/rv32imacxw/ilp32\libgcc.a(addsf3.o)
 .debug_frame   0x000000000000135c       0x50 c:/mounriver/mounriver_studio/toolchain/risc-v embedded gcc/bin/../lib/gcc/riscv-none-embed/8.2.0/rv32imacxw/ilp32\libgcc.a(divsf3.o)
 .debug_frame   0x00000000000013ac       0x20 c:/mounriver/mounriver_studio/toolchain/risc-v embedded gcc/bin/../lib/gcc/riscv-none-embed/8.2.0/rv32imacxw/ilp32\libgcc.a(gesf2.o)
 .debug_frame   0x00000000000013cc       0x50 c:/mounriver/mounriver_studio/toolchain/risc-v embedded gcc/bin/../lib/gcc/riscv-none-embed/8.2.0/rv32imacxw/ilp32\libgcc.a(mulsf3.o)
 .debug_frame   0x000000000000141c       0x20 c:/mounriver/mounriver_studio/toolchain/risc-v embedded gcc/bin/../lib/gcc/riscv-none-embed/8.2.0/rv32imacxw/ilp32\libgcc.a(fixsfsi.o)
 .debug_frame   0x000000000000143c       0x38 c:/mounriver/mounriver_studio/toolchain/risc-v embedded gcc/bin/../lib/gcc/riscv-none-embed/8.2.0/rv32imacxw/ilp32\libgcc.a(floatsisf.o)
 .debug_frame   0x0000000000001474       0x38 c:/mounriver/mounriver_studio/toolchain/risc-v embedded gcc/bin/../lib/gcc/riscv-none-embed/8.2.0/rv32imacxw/ilp32\libgcc.a(extendsfdf2.o)
 .debug_frame   0x00000000000014ac       0x20 c:/mounriver/mounriver_studio/toolchain/risc-v embedded gcc/bin/../lib/gcc/riscv-none-embed/8.2.0/rv32imacxw/ilp32\libgcc.a(truncdfsf2.o)
 .debug_frame   0x00000000000014cc       0x20 c:/mounriver/mounriver_studio/toolchain/risc-v embedded gcc/bin/../lib/gcc/riscv-none-embed/8.2.0/rv32imacxw/ilp32\libgcc.a(_clzsi2.o)
 .debug_frame   0x00000000000014ec       0x20 c:/mounriver/mounriver_studio/toolchain/risc-v embedded gcc/bin/../lib/gcc/riscv-none-embed/8.2.0/../../../../riscv-none-embed/lib/rv32imacxw/ilp32\libg_nano.a(lib_a-memcpy.o)
 .debug_frame   0x000000000000150c       0x48 c:/mounriver/mounriver_studio/toolchain/risc-v embedded gcc/bin/../lib/gcc/riscv-none-embed/8.2.0/../../../../riscv-none-embed/lib/rv32imacxw/ilp32\libg_nano.a(lib_a-sprintf.o)
 .debug_frame   0x0000000000001554       0x20 c:/mounriver/mounriver_studio/toolchain/risc-v embedded gcc/bin/../lib/gcc/riscv-none-embed/8.2.0/../../../../riscv-none-embed/lib/rv32imacxw/ilp32\libg_nano.a(lib_a-strlen.o)
 .debug_frame   0x0000000000001574       0xe0 c:/mounriver/mounriver_studio/toolchain/risc-v embedded gcc/bin/../lib/gcc/riscv-none-embed/8.2.0/../../../../riscv-none-embed/lib/rv32imacxw/ilp32\libg_nano.a(lib_a-nano-svfprintf.o)
 .debug_frame   0x0000000000001654       0x8c c:/mounriver/mounriver_studio/toolchain/risc-v embedded gcc/bin/../lib/gcc/riscv-none-embed/8.2.0/../../../../riscv-none-embed/lib/rv32imacxw/ilp32\libg_nano.a(lib_a-nano-vfprintf_i.o)
 .debug_frame   0x00000000000016e0       0x20 c:/mounriver/mounriver_studio/toolchain/risc-v embedded gcc/bin/../lib/gcc/riscv-none-embed/8.2.0/../../../../riscv-none-embed/lib/rv32imacxw/ilp32\libg_nano.a(lib_a-memchr.o)
 .debug_frame   0x0000000000001700       0x20 c:/mounriver/mounriver_studio/toolchain/risc-v embedded gcc/bin/../lib/gcc/riscv-none-embed/8.2.0/../../../../riscv-none-embed/lib/rv32imacxw/ilp32\libg_nano.a(lib_a-memmove.o)
 .debug_frame   0x0000000000001720       0x40 c:/mounriver/mounriver_studio/toolchain/risc-v embedded gcc/bin/../lib/gcc/riscv-none-embed/8.2.0/../../../../riscv-none-embed/lib/rv32imacxw/ilp32\libg_nano.a(lib_a-nano-freer.o)
 .debug_frame   0x0000000000001760       0x40 c:/mounriver/mounriver_studio/toolchain/risc-v embedded gcc/bin/../lib/gcc/riscv-none-embed/8.2.0/../../../../riscv-none-embed/lib/rv32imacxw/ilp32\libg_nano.a(lib_a-nano-mallocr.o)
 .debug_frame   0x00000000000017a0       0x40 c:/mounriver/mounriver_studio/toolchain/risc-v embedded gcc/bin/../lib/gcc/riscv-none-embed/8.2.0/../../../../riscv-none-embed/lib/rv32imacxw/ilp32\libg_nano.a(lib_a-nano-reallocr.o)
 .debug_frame   0x00000000000017e0       0x30 c:/mounriver/mounriver_studio/toolchain/risc-v embedded gcc/bin/../lib/gcc/riscv-none-embed/8.2.0/../../../../riscv-none-embed/lib/rv32imacxw/ilp32\libg_nano.a(lib_a-sbrkr.o)
 .debug_frame   0x0000000000001810       0x30 c:/mounriver/mounriver_studio/toolchain/risc-v embedded gcc/bin/../lib/gcc/riscv-none-embed/8.2.0/../../../../riscv-none-embed/lib/rv32imacxw/ilp32\libg_nano.a(lib_a-mlock.o)
 .debug_frame   0x0000000000001840       0x20 c:/mounriver/mounriver_studio/toolchain/risc-v embedded gcc/bin/../lib/gcc/riscv-none-embed/8.2.0/../../../../riscv-none-embed/lib/rv32imacxw/ilp32\libg_nano.a(lib_a-nano-msizer.o)
 .debug_frame   0x0000000000001860       0x70 c:/mounriver/mounriver_studio/toolchain/risc-v embedded gcc/bin/../lib/gcc/riscv-none-embed/8.2.0/../../../../riscv-none-embed/lib/rv32imacxw/ilp32\libg_nano.a(lib_a-reent.o)

.debug_loc      0x0000000000000000     0x4445
 .debug_loc     0x0000000000000000      0xbc9 ./User/lcd.o
 .debug_loc     0x0000000000000bc9      0x762 ./User/main.o
 .debug_loc     0x000000000000132b       0xac ./User/system_ch32v20x.o
 .debug_loc     0x00000000000013d7      0x805 ./Peripheral/src/ch32v20x_gpio.o
 .debug_loc     0x0000000000001bdc       0xce ./Peripheral/src/ch32v20x_misc.o
 .debug_loc     0x0000000000001caa      0x797 ./Peripheral/src/ch32v20x_rcc.o
 .debug_loc     0x0000000000002441      0x57f ./Peripheral/src/ch32v20x_spi.o
 .debug_loc     0x00000000000029c0     0x190e ./Peripheral/src/ch32v20x_tim.o
 .debug_loc     0x00000000000042ce      0x177 ./Debug/debug.o
