Archive member included to satisfy reference by file (symbol)

c:/mounriver/mounriver_studio/toolchain/risc-v embedded gcc/bin/../lib/gcc/riscv-none-embed/8.2.0/rv32imacxw/ilp32\libgcc.a(save-restore.o)
                              ./User/USB_Host/app_km.o (__riscv_save_12)
c:/mounriver/mounriver_studio/toolchain/risc-v embedded gcc/bin/../lib/gcc/riscv-none-embed/8.2.0/../../../../riscv-none-embed/lib/rv32imacxw/ilp32\libg_nano.a(lib_a-memchr.o)
                              ./User/USB_Host/app_km.o (memchr)
c:/mounriver/mounriver_studio/toolchain/risc-v embedded gcc/bin/../lib/gcc/riscv-none-embed/8.2.0/../../../../riscv-none-embed/lib/rv32imacxw/ilp32\libg_nano.a(lib_a-memcpy.o)
                              ./User/USB_Host/ch32v20x_usbfs_host.o (memcpy)
c:/mounriver/mounriver_studio/toolchain/risc-v embedded gcc/bin/../lib/gcc/riscv-none-embed/8.2.0/../../../../riscv-none-embed/lib/rv32imacxw/ilp32\libg_nano.a(lib_a-memset.o)
                              ./User/USB_Host/app_km.o (memset)
c:/mounriver/mounriver_studio/toolchain/risc-v embedded gcc/bin/../lib/gcc/riscv-none-embed/8.2.0/../../../../riscv-none-embed/lib/rv32imacxw/ilp32\libg_nano.a(lib_a-printf.o)
                              ./User/USB_Host/app_km.o (printf)
c:/mounriver/mounriver_studio/toolchain/risc-v embedded gcc/bin/../lib/gcc/riscv-none-embed/8.2.0/../../../../riscv-none-embed/lib/rv32imacxw/ilp32\libg_nano.a(lib_a-puts.o)
                              ./User/USB_Host/app_km.o (puts)
c:/mounriver/mounriver_studio/toolchain/risc-v embedded gcc/bin/../lib/gcc/riscv-none-embed/8.2.0/../../../../riscv-none-embed/lib/rv32imacxw/ilp32\libg_nano.a(lib_a-sprintf.o)
                              ./User/kbcontrol.o (sprintf)
c:/mounriver/mounriver_studio/toolchain/risc-v embedded gcc/bin/../lib/gcc/riscv-none-embed/8.2.0/../../../../riscv-none-embed/lib/rv32imacxw/ilp32\libg_nano.a(lib_a-strlen.o)
                              ./User/lcd.o (strlen)
c:/mounriver/mounriver_studio/toolchain/risc-v embedded gcc/bin/../lib/gcc/riscv-none-embed/8.2.0/../../../../riscv-none-embed/lib/rv32imacxw/ilp32\libg_nano.a(lib_a-wbuf.o)
                              c:/mounriver/mounriver_studio/toolchain/risc-v embedded gcc/bin/../lib/gcc/riscv-none-embed/8.2.0/../../../../riscv-none-embed/lib/rv32imacxw/ilp32\libg_nano.a(lib_a-puts.o) (__swbuf_r)
c:/mounriver/mounriver_studio/toolchain/risc-v embedded gcc/bin/../lib/gcc/riscv-none-embed/8.2.0/../../../../riscv-none-embed/lib/rv32imacxw/ilp32\libg_nano.a(lib_a-wsetup.o)
                              c:/mounriver/mounriver_studio/toolchain/risc-v embedded gcc/bin/../lib/gcc/riscv-none-embed/8.2.0/../../../../riscv-none-embed/lib/rv32imacxw/ilp32\libg_nano.a(lib_a-puts.o) (__swsetup_r)
c:/mounriver/mounriver_studio/toolchain/risc-v embedded gcc/bin/../lib/gcc/riscv-none-embed/8.2.0/../../../../riscv-none-embed/lib/rv32imacxw/ilp32\libg_nano.a(lib_a-fflush.o)
                              c:/mounriver/mounriver_studio/toolchain/risc-v embedded gcc/bin/../lib/gcc/riscv-none-embed/8.2.0/../../../../riscv-none-embed/lib/rv32imacxw/ilp32\libg_nano.a(lib_a-wbuf.o) (_fflush_r)
c:/mounriver/mounriver_studio/toolchain/risc-v embedded gcc/bin/../lib/gcc/riscv-none-embed/8.2.0/../../../../riscv-none-embed/lib/rv32imacxw/ilp32\libg_nano.a(lib_a-findfp.o)
                              c:/mounriver/mounriver_studio/toolchain/risc-v embedded gcc/bin/../lib/gcc/riscv-none-embed/8.2.0/../../../../riscv-none-embed/lib/rv32imacxw/ilp32\libg_nano.a(lib_a-printf.o) (__sinit)
c:/mounriver/mounriver_studio/toolchain/risc-v embedded gcc/bin/../lib/gcc/riscv-none-embed/8.2.0/../../../../riscv-none-embed/lib/rv32imacxw/ilp32\libg_nano.a(lib_a-fwalk.o)
                              c:/mounriver/mounriver_studio/toolchain/risc-v embedded gcc/bin/../lib/gcc/riscv-none-embed/8.2.0/../../../../riscv-none-embed/lib/rv32imacxw/ilp32\libg_nano.a(lib_a-findfp.o) (_fwalk)
c:/mounriver/mounriver_studio/toolchain/risc-v embedded gcc/bin/../lib/gcc/riscv-none-embed/8.2.0/../../../../riscv-none-embed/lib/rv32imacxw/ilp32\libg_nano.a(lib_a-impure.o)
                              c:/mounriver/mounriver_studio/toolchain/risc-v embedded gcc/bin/../lib/gcc/riscv-none-embed/8.2.0/../../../../riscv-none-embed/lib/rv32imacxw/ilp32\libg_nano.a(lib_a-fflush.o) (_global_impure_ptr)
c:/mounriver/mounriver_studio/toolchain/risc-v embedded gcc/bin/../lib/gcc/riscv-none-embed/8.2.0/../../../../riscv-none-embed/lib/rv32imacxw/ilp32\libg_nano.a(lib_a-makebuf.o)
                              c:/mounriver/mounriver_studio/toolchain/risc-v embedded gcc/bin/../lib/gcc/riscv-none-embed/8.2.0/../../../../riscv-none-embed/lib/rv32imacxw/ilp32\libg_nano.a(lib_a-wsetup.o) (__smakebuf_r)
c:/mounriver/mounriver_studio/toolchain/risc-v embedded gcc/bin/../lib/gcc/riscv-none-embed/8.2.0/../../../../riscv-none-embed/lib/rv32imacxw/ilp32\libg_nano.a(lib_a-nano-freer.o)
[...]
Memory Configuration

Name             Origin             Length             Attributes
FLASH            0x0000000000000000 0x0000000000010000 xr
RAM              0x0000000020000000 0x0000000000005000 xrw
*default*        0x0000000000000000 0xffffffffffffffff

Linker script and memory map

LOAD ./User/USB_Host/app_km.o
LOAD ./User/USB_Host/ch32v20x_usbfs_host.o
LOAD ./User/USB_Host/usb_host_hid.o
LOAD ./User/USB_Host/usb_host_hub.o
LOAD ./User/ch32v20x_it.o
LOAD ./User/kbcontrol.o
LOAD ./User/lcd.o
LOAD ./User/main.o
LOAD ./User/system_ch32v20x.o
LOAD ./Startup/startup_ch32v20x_D6.o
LOAD ./Peripheral/src/ch32v20x_adc.o
LOAD ./Peripheral/src/ch32v20x_bkp.o
LOAD ./Peripheral/src/ch32v20x_can.o
LOAD ./Peripheral/src/ch32v20x_crc.o
LOAD ./Peripheral/src/ch32v20x_dbgmcu.o
LOAD ./Peripheral/src/ch32v20x_dma.o
LOAD ./Peripheral/src/ch32v20x_exti.o
LOAD ./Peripheral/src/ch32v20x_flash.o
LOAD ./Peripheral/src/ch32v20x_gpio.o
LOAD ./Peripheral/src/ch32v20x_i2c.o
LOAD ./Peripheral/src/ch32v20x_iwdg.o
LOAD ./Peripheral/src/ch32v20x_misc.o
LOAD ./Peripheral/src/ch32v20x_opa.o
LOAD ./Peripheral/src/ch32v20x_pwr.o
LOAD ./Peripheral/src/ch32v20x_rcc.o
LOAD ./Peripheral/src/ch32v20x_rtc.o
LOAD ./Peripheral/src/ch32v20x_spi.o
LOAD ./Peripheral/src/ch32v20x_tim.o
LOAD ./Peripheral/src/ch32v20x_usart.o
LOAD ./Peripheral/src/ch32v20x_wwdg.o
LOAD ./Debug/debug.o
LOAD ./Core/core_riscv.o
LOAD c:/mounriver/mounriver_studio/toolchain/risc-v embedded gcc/bin/../lib/gcc/riscv-none-embed/8.2.0/rv32imacxw/ilp32\libgcc.a
LOAD c:/mounriver/mounriver_studio/toolchain/risc-v embedded gcc/bin/../lib/gcc/riscv-none-embed/8.2.0/../../../../riscv-none-embed/lib/rv32imacxw/ilp32\libg_nano.a
LOAD c:/mounriver/mounriver_studio/toolchain/risc-v embedded gcc/bin/../lib/gcc/riscv-none-embed/8.2.0/../../../../riscv-none-embed/lib/rv32imacxw/ilp32\libc_nano.a
LOAD c:/mounriver/mounriver_studio/toolchain/risc-v embedded gcc/bin/../lib/gcc/riscv-none-embed/8.2.0/rv32imacxw/ilp32\libgcc.a
START GROUP
LOAD c:/mounriver/mounriver_studio/toolchain/risc-v embedded gcc/bin/../lib/gcc/riscv-none-embed/8.2.0/rv32imacxw/ilp32\libgcc.a
LOAD c:/mounriver/mounriver_studio/toolchain/risc-v embedded gcc/bin/../lib/gcc/riscv-none-embed/8.2.0/../../../../riscv-none-embed/lib/rv32imacxw/ilp32\libc_nano.a
LOAD c:/mounriver/mounriver_studio/toolchain/risc-v embedded gcc/bin/../lib/gcc/riscv-none-embed/8.2.0/../../../../riscv-none-embed/lib/rv32imacxw/ilp32\libnosys.a
END GROUP
START GROUP
LOAD c:/mounriver/mounriver_studio/toolchain/risc-v embedded gcc/bin/../lib/gcc/riscv-none-embed/8.2.0/rv32imacxw/ilp32\libgcc.a
LOAD c:/mounriver/mounriver_studio/toolchain/risc-v embedded gcc/bin/../lib/gcc/riscv-none-embed/8.2.0/../../../../riscv-none-embed/lib/rv32imacxw/ilp32\libc_nano.a
LOAD c:/mounriver/mounriver_studio/toolchain/risc-v embedded gcc/bin/../lib/gcc/riscv-none-embed/8.2.0/../../../../riscv-none-embed/lib/rv32imacxw/ilp32\libnosys.a
END GROUP
                0x0000000000000800                __stack_size = 0x800
                [!provide]                        PROVIDE (_stack_size = __stack_size)

.init           0x0000000000000000       0x38
                0x0000000000000000                _sinit = .
                0x0000000000000000                . = ALIGN (0x4)
 *(SORT_NONE(.init))
 .init          0x0000000000000000       0x38 ./Startup/startup_ch32v20x_D6.o
                0x0000000000000000                _start
                0x0000000000000038                . = ALIGN (0x4)
                0x0000000000000038                _einit = .

.vector         0x0000000000000038      0x108
 *(.vector)
 .vector        0x0000000000000038       0xfc ./Startup/startup_ch32v20x_D6.o
                0x0000000000000140                . = ALIGN (0x40)
 *fill*         0x0000000000000134        0xc 

.text           0x0000000000000140     0x4df0
                0x0000000000000140                . = ALIGN (0x4)
 *(.text)
 .text          0x0000000000000140       0x60 c:/mounriver/mounriver_studio/toolchain/risc-v embedded gcc/bin/../lib/gcc/riscv-none-embed/8.2.0/rv32imacxw/ilp32\libgcc.a(save-restore.o)
                0x0000000000000140                __riscv_save_12
                0x0000000000000148                __riscv_save_9
                0x0000000000000148                __riscv_save_11
                0x0000000000000148                __riscv_save_10
                0x0000000000000148                __riscv_save_8
                0x0000000000000156                __riscv_save_4
                0x0000000000000156                __riscv_save_6
                0x0000000000000156                __riscv_save_5
                0x0000000000000156                __riscv_save_7
                0x0000000000000170                __riscv_save_3
                0x0000000000000170                __riscv_save_2
                0x0000000000000170                __riscv_save_1
                0x0000000000000170                __riscv_save_0
                0x000000000000017c                __riscv_restore_12
                0x0000000000000180                __riscv_restore_11
                0x0000000000000180                __riscv_restore_9
                0x0000000000000180                __riscv_restore_10
                0x0000000000000180                __riscv_restore_8
                0x000000000000018a                __riscv_restore_5
                0x000000000000018a                __riscv_restore_7
                0x000000000000018a                __riscv_restore_6
                0x000000000000018a                __riscv_restore_4
                0x0000000000000194                __riscv_restore_3
                0x0000000000000194                __riscv_restore_0
                0x0000000000000194                __riscv_restore_2
                0x0000000000000194                __riscv_restore_1
 .text          0x00000000000001a0       0xa8 c:/mounriver/mounriver_studio/toolchain/risc-v embedded gcc/bin/../lib/gcc/riscv-none-embed/8.2.0/../../../../riscv-none-embed/lib/rv32imacxw/ilp32\libg_nano.a(lib_a-memset.o)
                0x00000000000001a0                memset
 *(.text.*)
 .text.TIM3_Init
                0x0000000000000248       0x70 ./User/USB_Host/app_km.o
                0x0000000000000248                TIM3_Init
 .text.TIM3_IRQHandler
                0x00000000000002b8      0x10a ./User/USB_Host/app_km.o
                0x00000000000002b8                TIM3_IRQHandler
 .text.USBH_AnalyseType
                0x00000000000003c2       0x42 ./User/USB_Host/app_km.o
                0x00000000000003c2                USBH_AnalyseType
 .text.USBH_EnumRootDevice
                0x0000000000000404      0x1ec ./User/USB_Host/app_km.o
                0x0000000000000404                USBH_EnumRootDevice
 .text.KM_AnalyzeConfigDesc
                0x00000000000005f0      0x1ea ./User/USB_Host/app_km.o
                0x00000000000005f0                KM_AnalyzeConfigDesc
 .text.KM_AnalyzeHidReportDesc
                0x00000000000007da      0x192 ./User/USB_Host/app_km.o
                0x00000000000007da                KM_AnalyzeHidReportDesc
 .text.KM_DealHidReportDesc
                0x000000000000096c       0xdc ./User/USB_Host/app_km.o
                0x000000000000096c                KM_DealHidReportDesc
 .text.HUB_AnalyzeConfigDesc
                0x0000000000000a48       0xaa ./User/USB_Host/app_km.o
                0x0000000000000a48                HUB_AnalyzeConfigDesc
 .text.USBH_EnumHubDevice
                0x0000000000000af2      0x2ac ./User/USB_Host/app_km.o
                0x0000000000000af2                USBH_EnumHubDevice
 .text.HUB_Port_PreEnum1
                0x0000000000000d9e       0xba ./User/USB_Host/app_km.o
                0x0000000000000d9e                HUB_Port_PreEnum1
 .text.HUB_Port_PreEnum2
                0x0000000000000e58       0xe0 ./User/USB_Host/app_km.o
                0x0000000000000e58                HUB_Port_PreEnum2
 .text.HUB_CheckPortSpeed
                0x0000000000000f38       0x2a ./User/USB_Host/app_km.o
                0x0000000000000f38                HUB_CheckPortSpeed
 .text.USBH_EnumHubPortDevice
                0x0000000000000f62      0x1aa ./User/USB_Host/app_km.o
                0x0000000000000f62                USBH_EnumHubPortDevice
 .text.KB_AnalyzeKeyValue
                0x000000000000110c       0x9e ./User/USB_Host/app_km.o
                0x000000000000110c                KB_AnalyzeKeyValue
 .text.KB_SetReport
                0x00000000000011aa       0x98 ./User/USB_Host/app_km.o
                0x00000000000011aa                KB_SetReport
 .text.USBH_EnumHidDevice
                0x0000000000001242      0x220 ./User/USB_Host/app_km.o
                0x0000000000001242                USBH_EnumHidDevice
 .text.USBH_MainDeal
                0x0000000000001462      0x65c ./User/USB_Host/app_km.o
                0x0000000000001462                USBH_MainDeal
 .text.USBFSH_SetSelfSpeed.part.0
                0x0000000000001abe       0x26 ./User/USB_Host/ch32v20x_usbfs_host.o
 .text.USBFS_RCC_Init
                0x0000000000001ae4       0x46 ./User/USB_Host/ch32v20x_usbfs_host.o
                0x0000000000001ae4                USBFS_RCC_Init
 .text.USBFS_Host_Init
                0x0000000000001b2a       0x48 ./User/USB_Host/ch32v20x_usbfs_host.o
                0x0000000000001b2a                USBFS_Host_Init
 .text.USBFSH_CheckRootHubPortStatus
                0x0000000000001b72       0x2e ./User/USB_Host/ch32v20x_usbfs_host.o
                0x0000000000001b72                USBFSH_CheckRootHubPortStatus
 .text.USBFSH_CheckRootHubPortSpeed
                0x0000000000001ba0       0x10 ./User/USB_Host/ch32v20x_usbfs_host.o
                0x0000000000001ba0                USBFSH_CheckRootHubPortSpeed
 .text.USBFSH_SetSelfAddr
                0x0000000000001bb0       0x14 ./User/USB_Host/ch32v20x_usbfs_host.o
                0x0000000000001bb0                USBFSH_SetSelfAddr
 .text.USBFSH_SetSelfSpeed
                0x0000000000001bc4       0x2e ./User/USB_Host/ch32v20x_usbfs_host.o
                0x0000000000001bc4                USBFSH_SetSelfSpeed
 .text.USBFSH_ResetRootHubPort
                0x0000000000001bf2       0x50 ./User/USB_Host/ch32v20x_usbfs_host.o
                0x0000000000001bf2                USBFSH_ResetRootHubPort
 .text.USBFSH_EnableRootHubPort
                0x0000000000001c42       0x3c ./User/USB_Host/ch32v20x_usbfs_host.o
                0x0000000000001c42                USBFSH_EnableRootHubPort
 .text.USBFSH_Transact
                0x0000000000001c7e       0xf4 ./User/USB_Host/ch32v20x_usbfs_host.o
                0x0000000000001c7e                USBFSH_Transact
 .text.USBFSH_CtrlTransfer
                0x0000000000001d72      0x196 ./User/USB_Host/ch32v20x_usbfs_host.o
                0x0000000000001d72                USBFSH_CtrlTransfer
 .text.USBFSH_GetDeviceDescr
                0x0000000000001f08       0x3e ./User/USB_Host/ch32v20x_usbfs_host.o
                0x0000000000001f08                USBFSH_GetDeviceDescr
 .text.USBFSH_GetConfigDescr
                0x0000000000001f46       0x68 ./User/USB_Host/ch32v20x_usbfs_host.o
                0x0000000000001f46                USBFSH_GetConfigDescr
 .text.USBFSH_GetStrDescr
                0x0000000000001fae       0x56 ./User/USB_Host/ch32v20x_usbfs_host.o
                0x0000000000001fae                USBFSH_GetStrDescr
 .text.USBFSH_SetUsbAddress
                0x0000000000002004       0x34 ./User/USB_Host/ch32v20x_usbfs_host.o
                0x0000000000002004                USBFSH_SetUsbAddress
 .text.USBFSH_SetUsbConfig
                0x0000000000002038       0x22 ./User/USB_Host/ch32v20x_usbfs_host.o
                0x0000000000002038                USBFSH_SetUsbConfig
 .text.USBFSH_ClearEndpStall
                0x000000000000205a       0x22 ./User/USB_Host/ch32v20x_usbfs_host.o
                0x000000000000205a                USBFSH_ClearEndpStall
 .text.USBFSH_GetEndpData
                0x000000000000207c       0x44 ./User/USB_Host/ch32v20x_usbfs_host.o
                0x000000000000207c                USBFSH_GetEndpData
 .text.USBFSH_SendEndpData
                0x00000000000020c0       0x3c ./User/USB_Host/ch32v20x_usbfs_host.o
                0x00000000000020c0                USBFSH_SendEndpData
 .text.HID_GetHidDesr
                0x00000000000020fc       0x2a ./User/USB_Host/usb_host_hid.o
                0x00000000000020fc                HID_GetHidDesr
 .text.HID_SetReport
                0x0000000000002126       0x26 ./User/USB_Host/usb_host_hid.o
                0x0000000000002126                HID_SetReport
 .text.HID_SetIdle
                0x000000000000214c       0x2c ./User/USB_Host/usb_host_hid.o
                0x000000000000214c                HID_SetIdle
 .text.HUB_GetPortStatus
                0x0000000000002178       0x2c ./User/USB_Host/usb_host_hub.o
                0x0000000000002178                HUB_GetPortStatus
 .text.HUB_ClearPortFeature
                0x00000000000021a4       0x26 ./User/USB_Host/usb_host_hub.o
                0x00000000000021a4                HUB_ClearPortFeature
 .text.HUB_SetPortFeature
                0x00000000000021ca       0x26 ./User/USB_Host/usb_host_hub.o
                0x00000000000021ca                HUB_SetPortFeature
 .text.HUB_GetClassDevDescr
                0x00000000000021f0       0x38 ./User/USB_Host/usb_host_hub.o
                0x00000000000021f0                HUB_GetClassDevDescr
 .text.NMI_Handler
                0x0000000000002228        0x4 ./User/ch32v20x_it.o
                0x0000000000002228                NMI_Handler
 .text.HardFault_Handler
                0x000000000000222c        0x2 ./User/ch32v20x_it.o
                0x000000000000222c                HardFault_Handler
 .text.kbpresent
                0x000000000000222e       0x1c ./User/kbcontrol.o
                0x000000000000222e                kbpresent
 .text.kbhandledata
                0x000000000000224a       0xd2 ./User/kbcontrol.o
                0x000000000000224a                kbhandledata
 .text.LCD_Writ_Bus
                0x000000000000231c       0x48 ./User/lcd.o
                0x000000000000231c                LCD_Writ_Bus
 .text.LCD_WR_DATA
                0x0000000000002364       0x14 ./User/lcd.o
                0x0000000000002364                LCD_WR_DATA
 .text.LCD_WR_REG
                0x0000000000002378       0x2a ./User/lcd.o
                0x0000000000002378                LCD_WR_REG
 .text.LCD_Address_Set
                0x00000000000023a2       0x3c ./User/lcd.o
                0x00000000000023a2                LCD_Address_Set
 .text.lcd_gpio_init
                0x00000000000023de       0xba ./User/lcd.o
                0x00000000000023de                lcd_gpio_init
 .text.LCD_Fill_Fast
                0x0000000000002498       0x8a ./User/lcd.o
                0x0000000000002498                LCD_Fill_Fast
 .text.lcd_init
                0x0000000000002522      0x204 ./User/lcd.o
                0x0000000000002522                lcd_init
 .text.LCDTextXY
                0x0000000000002726      0x23c ./User/lcd.o
                0x0000000000002726                LCDTextXY
 .text.startup.main
                0x0000000000002962      0x118 ./User/main.o
                0x0000000000002962                main
 .text.SystemInit
                0x0000000000002a7a       0xea ./User/system_ch32v20x.o
                0x0000000000002a7a                SystemInit
 .text.SystemCoreClockUpdate
                0x0000000000002b64       0x92 ./User/system_ch32v20x.o
                0x0000000000002b64                SystemCoreClockUpdate
 .text.vector_handler
                0x0000000000002bf6       0x6c ./Startup/startup_ch32v20x_D6.o
                0x0000000000002bfa                Ecall_M_Mode_Handler
                0x0000000000002bfc                Ecall_U_Mode_Handler
                0x0000000000002bfe                Break_Point_Handler
                0x0000000000002c00                SysTick_Handler
                0x0000000000002c02                SW_Handler
                0x0000000000002c04                WWDG_IRQHandler
                0x0000000000002c06                PVD_IRQHandler
                0x0000000000002c08                TAMPER_IRQHandler
                0x0000000000002c0a                RTC_IRQHandler
                0x0000000000002c0c                FLASH_IRQHandler
                0x0000000000002c0e                RCC_IRQHandler
                0x0000000000002c10                EXTI0_IRQHandler
                0x0000000000002c12                EXTI1_IRQHandler
                0x0000000000002c14                EXTI2_IRQHandler
                0x0000000000002c16                EXTI3_IRQHandler
                0x0000000000002c18                EXTI4_IRQHandler
                0x0000000000002c1a                DMA1_Channel1_IRQHandler
                0x0000000000002c1c                DMA1_Channel2_IRQHandler
                0x0000000000002c1e                DMA1_Channel3_IRQHandler
                0x0000000000002c20                DMA1_Channel4_IRQHandler
                0x0000000000002c22                DMA1_Channel5_IRQHandler
                0x0000000000002c24                DMA1_Channel6_IRQHandler
                0x0000000000002c26                DMA1_Channel7_IRQHandler
                0x0000000000002c28                ADC1_2_IRQHandler
                0x0000000000002c2a                USB_HP_CAN1_TX_IRQHandler
                0x0000000000002c2c                USB_LP_CAN1_RX0_IRQHandler
                0x0000000000002c2e                CAN1_RX1_IRQHandler
                0x0000000000002c30                CAN1_SCE_IRQHandler
                0x0000000000002c32                EXTI9_5_IRQHandler
                0x0000000000002c34                TIM1_BRK_IRQHandler
                0x0000000000002c36                TIM1_UP_IRQHandler
                0x0000000000002c38                TIM1_TRG_COM_IRQHandler
                0x0000000000002c3a                TIM1_CC_IRQHandler
                0x0000000000002c3c                TIM2_IRQHandler
                0x0000000000002c40                TIM4_IRQHandler
                0x0000000000002c42                I2C1_EV_IRQHandler
                0x0000000000002c44                I2C1_ER_IRQHandler
                0x0000000000002c46                I2C2_EV_IRQHandler
                0x0000000000002c48                I2C2_ER_IRQHandler
                0x0000000000002c4a                SPI1_IRQHandler
                0x0000000000002c4c                SPI2_IRQHandler
                0x0000000000002c4e                USART1_IRQHandler
                0x0000000000002c50                USART2_IRQHandler
                0x0000000000002c52                USART3_IRQHandler
                0x0000000000002c54                EXTI15_10_IRQHandler
                0x0000000000002c56                RTCAlarm_IRQHandler
                0x0000000000002c58                USBWakeUp_IRQHandler
                0x0000000000002c5a                USBHD_IRQHandler
                0x0000000000002c5c                USBHDWakeUp_IRQHandler
                0x0000000000002c5e                UART4_IRQHandler
                0x0000000000002c60                DMA1_Channel8_IRQHandler
 .text.handle_reset
                0x0000000000002c62       0x86 ./Startup/startup_ch32v20x_D6.o
                0x0000000000002c62                handle_reset
 .text.GPIO_Init
                0x0000000000002ce8       0xf2 ./Peripheral/src/ch32v20x_gpio.o
                0x0000000000002ce8                GPIO_Init
 .text.GPIO_SetBits
                0x0000000000002dda       0x14 ./Peripheral/src/ch32v20x_gpio.o
                0x0000000000002dda                GPIO_SetBits
 .text.GPIO_ResetBits
                0x0000000000002dee       0x14 ./Peripheral/src/ch32v20x_gpio.o
                0x0000000000002dee                GPIO_ResetBits
 .text.NVIC_PriorityGroupConfig
                0x0000000000002e02        0x6 ./Peripheral/src/ch32v20x_misc.o
                0x0000000000002e02                NVIC_PriorityGroupConfig
 .text.NVIC_Init
                0x0000000000002e08       0xa6 ./Peripheral/src/ch32v20x_misc.o
                0x0000000000002e08                NVIC_Init
 .text.RCC_USBCLKConfig
                0x0000000000002eae       0x1a ./Peripheral/src/ch32v20x_rcc.o
                0x0000000000002eae                RCC_USBCLKConfig
 .text.RCC_GetClocksFreq
                0x0000000000002ec8       0xbe ./Peripheral/src/ch32v20x_rcc.o
                0x0000000000002ec8                RCC_GetClocksFreq
 .text.RCC_AHBPeriphClockCmd
                0x0000000000002f86       0x1e ./Peripheral/src/ch32v20x_rcc.o
                0x0000000000002f86                RCC_AHBPeriphClockCmd
 .text.RCC_APB2PeriphClockCmd
                0x0000000000002fa4       0x1e ./Peripheral/src/ch32v20x_rcc.o
                0x0000000000002fa4                RCC_APB2PeriphClockCmd
 .text.RCC_APB1PeriphClockCmd
                0x0000000000002fc2       0x1e ./Peripheral/src/ch32v20x_rcc.o
                0x0000000000002fc2                RCC_APB1PeriphClockCmd
 .text.SPI_Init
                0x0000000000002fe0       0x3e ./Peripheral/src/ch32v20x_spi.o
                0x0000000000002fe0                SPI_Init
 .text.SPI_Cmd  0x000000000000301e       0x1a ./Peripheral/src/ch32v20x_spi.o
                0x000000000000301e                SPI_Cmd
 .text.SPI_I2S_SendData
                0x0000000000003038        0x4 ./Peripheral/src/ch32v20x_spi.o
                0x0000000000003038                SPI_I2S_SendData
 .text.SPI_I2S_GetFlagStatus
                0x000000000000303c        0xa ./Peripheral/src/ch32v20x_spi.o
                0x000000000000303c                SPI_I2S_GetFlagStatus
 .text.TIM_TimeBaseInit
                0x0000000000003046       0x6a ./Peripheral/src/ch32v20x_tim.o
                0x0000000000003046                TIM_TimeBaseInit
 .text.TIM_Cmd  0x00000000000030b0       0x18 ./Peripheral/src/ch32v20x_tim.o
                0x00000000000030b0                TIM_Cmd
 .text.TIM_ITConfig
                0x00000000000030c8       0x12 ./Peripheral/src/ch32v20x_tim.o
                0x00000000000030c8                TIM_ITConfig
 .text.TIM_GetITStatus
                0x00000000000030da       0x18 ./Peripheral/src/ch32v20x_tim.o
                0x00000000000030da                TIM_GetITStatus
 .text.TIM_ClearITPendingBit
                0x00000000000030f2        0xc ./Peripheral/src/ch32v20x_tim.o
                0x00000000000030f2                TIM_ClearITPendingBit
 .text.USART_Init
                0x00000000000030fe       0xbc ./Peripheral/src/ch32v20x_usart.o
                0x00000000000030fe                USART_Init
 .text.USART_Cmd
                0x00000000000031ba       0x16 ./Peripheral/src/ch32v20x_usart.o
                0x00000000000031ba                USART_Cmd
 .text.USART_SendData
                0x00000000000031d0        0x8 ./Peripheral/src/ch32v20x_usart.o
                0x00000000000031d0                USART_SendData
 .text.USART_GetFlagStatus
                0x00000000000031d8        0xa ./Peripheral/src/ch32v20x_usart.o
                0x00000000000031d8                USART_GetFlagStatus
 .text.Delay_Init
                0x00000000000031e2       0x2a ./Debug/debug.o
                0x00000000000031e2                Delay_Init
 .text.Delay_Us
                0x000000000000320c       0x36 ./Debug/debug.o
                0x000000000000320c                Delay_Us
 .text.Delay_Ms
                0x0000000000003242       0x36 ./Debug/debug.o
                0x0000000000003242                Delay_Ms
 .text.USART_Printf_Init
                0x0000000000003278       0x5a ./Debug/debug.o
                0x0000000000003278                USART_Printf_Init
 .text._write   0x00000000000032d2       0x3e ./Debug/debug.o
                0x00000000000032d2                _write
 .text._sbrk    0x0000000000003310       0x26 ./Debug/debug.o
                0x0000000000003310                _sbrk
 .text.memchr   0x0000000000003336       0x18 c:/mounriver/mounriver_studio/toolchain/risc-v embedded gcc/bin/../lib/gcc/riscv-none-embed/8.2.0/../../../../riscv-none-embed/lib/rv32imacxw/ilp32\libg_nano.a(lib_a-memchr.o)
                0x0000000000003336                memchr
 .text.memcpy   0x000000000000334e       0xb2 c:/mounriver/mounriver_studio/toolchain/risc-v embedded gcc/bin/../lib/gcc/riscv-none-embed/8.2.0/../../../../riscv-none-embed/lib/rv32imacxw/ilp32\libg_nano.a(lib_a-memcpy.o)
                0x000000000000334e                memcpy
 .text.printf   0x0000000000003400       0x40 c:/mounriver/mounriver_studio/toolchain/risc-v embedded gcc/bin/../lib/gcc/riscv-none-embed/8.2.0/../../../../riscv-none-embed/lib/rv32imacxw/ilp32\libg_nano.a(lib_a-printf.o)
                0x0000000000003400                iprintf
                0x0000000000003400                printf
 .text._puts_r  0x0000000000003440       0xd4 c:/mounriver/mounriver_studio/toolchain/risc-v embedded gcc/bin/../lib/gcc/riscv-none-embed/8.2.0/../../../../riscv-none-embed/lib/rv32imacxw/ilp32\libg_nano.a(lib_a-puts.o)
                0x0000000000003440                _puts_r
 .text.puts     0x0000000000003514        0xc c:/mounriver/mounriver_studio/toolchain/risc-v embedded gcc/bin/../lib/gcc/riscv-none-embed/8.2.0/../../../../riscv-none-embed/lib/rv32imacxw/ilp32\libg_nano.a(lib_a-puts.o)
                0x0000000000003514                puts
 .text.sprintf  0x0000000000003520       0x46 c:/mounriver/mounriver_studio/toolchain/risc-v embedded gcc/bin/../lib/gcc/riscv-none-embed/8.2.0/../../../../riscv-none-embed/lib/rv32imacxw/ilp32\libg_nano.a(lib_a-sprintf.o)
                0x0000000000003520                siprintf
                0x0000000000003520                sprintf
 .text.strlen   0x0000000000003566       0x12 c:/mounriver/mounriver_studio/toolchain/risc-v embedded gcc/bin/../lib/gcc/riscv-none-embed/8.2.0/../../../../riscv-none-embed/lib/rv32imacxw/ilp32\libg_nano.a(lib_a-strlen.o)
                0x0000000000003566                strlen
 .text.__swbuf_r
                0x0000000000003578       0xbc c:/mounriver/mounriver_studio/toolchain/risc-v embedded gcc/bin/../lib/gcc/riscv-none-embed/8.2.0/../../../../riscv-none-embed/lib/rv32imacxw/ilp32\libg_nano.a(lib_a-wbuf.o)
                0x0000000000003578                __swbuf_r
 .text.__swsetup_r
                0x0000000000003634       0xfc c:/mounriver/mounriver_studio/toolchain/risc-v embedded gcc/bin/../lib/gcc/riscv-none-embed/8.2.0/../../../../riscv-none-embed/lib/rv32imacxw/ilp32\libg_nano.a(lib_a-wsetup.o)
                0x0000000000003634                __swsetup_r
 .text.__sflush_r
                0x0000000000003730      0x130 c:/mounriver/mounriver_studio/toolchain/risc-v embedded gcc/bin/../lib/gcc/riscv-none-embed/8.2.0/../../../../riscv-none-embed/lib/rv32imacxw/ilp32\libg_nano.a(lib_a-fflush.o)
                0x0000000000003730                __sflush_r
 .text._fflush_r
                0x0000000000003860       0x66 c:/mounriver/mounriver_studio/toolchain/risc-v embedded gcc/bin/../lib/gcc/riscv-none-embed/8.2.0/../../../../riscv-none-embed/lib/rv32imacxw/ilp32\libg_nano.a(lib_a-fflush.o)
                0x0000000000003860                _fflush_r
 .text.std      0x00000000000038c6       0x66 c:/mounriver/mounriver_studio/toolchain/risc-v embedded gcc/bin/../lib/gcc/riscv-none-embed/8.2.0/../../../../riscv-none-embed/lib/rv32imacxw/ilp32\libg_nano.a(lib_a-findfp.o)
 .text._cleanup_r
                0x000000000000392c        0xa c:/mounriver/mounriver_studio/toolchain/risc-v embedded gcc/bin/../lib/gcc/riscv-none-embed/8.2.0/../../../../riscv-none-embed/lib/rv32imacxw/ilp32\libg_nano.a(lib_a-findfp.o)
                0x000000000000392c                _cleanup_r
 .text.__sfmoreglue
                0x0000000000003936       0x46 c:/mounriver/mounriver_studio/toolchain/risc-v embedded gcc/bin/../lib/gcc/riscv-none-embed/8.2.0/../../../../riscv-none-embed/lib/rv32imacxw/ilp32\libg_nano.a(lib_a-findfp.o)
                0x0000000000003936                __sfmoreglue
 .text.__sinit  0x000000000000397c       0x6c c:/mounriver/mounriver_studio/toolchain/risc-v embedded gcc/bin/../lib/gcc/riscv-none-embed/8.2.0/../../../../riscv-none-embed/lib/rv32imacxw/ilp32\libg_nano.a(lib_a-findfp.o)
                0x000000000000397c                __sinit
 .text.__sfp    0x00000000000039e8       0xa0 c:/mounriver/mounriver_studio/toolchain/risc-v embedded gcc/bin/../lib/gcc/riscv-none-embed/8.2.0/../../../../riscv-none-embed/lib/rv32imacxw/ilp32\libg_nano.a(lib_a-findfp.o)
                0x00000000000039e8                __sfp
 .text._fwalk_reent
                0x0000000000003a88       0x6a c:/mounriver/mounriver_studio/toolchain/risc-v embedded gcc/bin/../lib/gcc/riscv-none-embed/8.2.0/../../../../riscv-none-embed/lib/rv32imacxw/ilp32\libg_nano.a(lib_a-fwalk.o)
                0x0000000000003a88                _fwalk_reent
 .text.__swhatbuf_r
                0x0000000000003af2       0x58 c:/mounriver/mounriver_studio/toolchain/risc-v embedded gcc/bin/../lib/gcc/riscv-none-embed/8.2.0/../../../../riscv-none-embed/lib/rv32imacxw/ilp32\libg_nano.a(lib_a-makebuf.o)
                0x0000000000003af2                __swhatbuf_r
 .text.__smakebuf_r
                0x0000000000003b4a       0x92 c:/mounriver/mounriver_studio/toolchain/risc-v embedded gcc/bin/../lib/gcc/riscv-none-embed/8.2.0/../../../../riscv-none-embed/lib/rv32imacxw/ilp32\libg_nano.a(lib_a-makebuf.o)
                0x0000000000003b4a                __smakebuf_r
 .text._free_r  0x0000000000003bdc       0xa8 c:/mounriver/mounriver_studio/toolchain/risc-v embedded gcc/bin/../lib/gcc/riscv-none-embed/8.2.0/../../../../riscv-none-embed/lib/rv32imacxw/ilp32\libg_nano.a(lib_a-nano-freer.o)
                0x0000000000003bdc                _free_r
 .text._malloc_r
                0x0000000000003c84       0xda c:/mounriver/mounriver_studio/toolchain/risc-v embedded gcc/bin/../lib/gcc/riscv-none-embed/8.2.0/../../../../riscv-none-embed/lib/rv32imacxw/ilp32\libg_nano.a(lib_a-nano-mallocr.o)
                0x0000000000003c84                _malloc_r
 .text.__ssputs_r
                0x0000000000003d5e       0xe4 c:/mounriver/mounriver_studio/toolchain/risc-v embedded gcc/bin/../lib/gcc/riscv-none-embed/8.2.0/../../../../riscv-none-embed/lib/rv32imacxw/ilp32\libg_nano.a(lib_a-nano-svfprintf.o)
                0x0000000000003d5e                __ssputs_r
 .text._svfprintf_r
                0x0000000000003e42      0x26a c:/mounriver/mounriver_studio/toolchain/risc-v embedded gcc/bin/../lib/gcc/riscv-none-embed/8.2.0/../../../../riscv-none-embed/lib/rv32imacxw/ilp32\libg_nano.a(lib_a-nano-svfprintf.o)
                0x0000000000003e42                _svfiprintf_r
                0x0000000000003e42                _svfprintf_r
 .text.__sfputc_r
                0x00000000000040ac       0x28 c:/mounriver/mounriver_studio/toolchain/risc-v embedded gcc/bin/../lib/gcc/riscv-none-embed/8.2.0/../../../../riscv-none-embed/lib/rv32imacxw/ilp32\libg_nano.a(lib_a-nano-vfprintf.o)
 .text.__sfputs_r
                0x00000000000040d4       0x42 c:/mounriver/mounriver_studio/toolchain/risc-v embedded gcc/bin/../lib/gcc/riscv-none-embed/8.2.0/../../../../riscv-none-embed/lib/rv32imacxw/ilp32\libg_nano.a(lib_a-nano-vfprintf.o)
                0x00000000000040d4                __sfputs_r
 .text._vfprintf_r
                0x0000000000004116      0x28e c:/mounriver/mounriver_studio/toolchain/risc-v embedded gcc/bin/../lib/gcc/riscv-none-embed/8.2.0/../../../../riscv-none-embed/lib/rv32imacxw/ilp32\libg_nano.a(lib_a-nano-vfprintf.o)
                0x0000000000004116                _vfprintf_r
                0x0000000000004116                _vfiprintf_r
 .text._printf_common
                0x00000000000043a4      0x10c c:/mounriver/mounriver_studio/toolchain/risc-v embedded gcc/bin/../lib/gcc/riscv-none-embed/8.2.0/../../../../riscv-none-embed/lib/rv32imacxw/ilp32\libg_nano.a(lib_a-nano-vfprintf_i.o)
                0x00000000000043a4                _printf_common
 .text._printf_i
                0x00000000000044b0      0x2a4 c:/mounriver/mounriver_studio/toolchain/risc-v embedded gcc/bin/../lib/gcc/riscv-none-embed/8.2.0/../../../../riscv-none-embed/lib/rv32imacxw/ilp32\libg_nano.a(lib_a-nano-vfprintf_i.o)
                0x00000000000044b0                _printf_i
 .text._sbrk_r  0x0000000000004754       0x2a c:/mounriver/mounriver_studio/toolchain/risc-v embedded gcc/bin/../lib/gcc/riscv-none-embed/8.2.0/../../../../riscv-none-embed/lib/rv32imacxw/ilp32\libg_nano.a(lib_a-sbrkr.o)
                0x0000000000004754                _sbrk_r
 .text.__sread  0x000000000000477e       0x2c c:/mounriver/mounriver_studio/toolchain/risc-v embedded gcc/bin/../lib/gcc/riscv-none-embed/8.2.0/../../../../riscv-none-embed/lib/rv32imacxw/ilp32\libg_nano.a(lib_a-stdio.o)
                0x000000000000477e                __sread
 .text.__swrite
                0x00000000000047aa       0x48 c:/mounriver/mounriver_studio/toolchain/risc-v embedded gcc/bin/../lib/gcc/riscv-none-embed/8.2.0/../../../../riscv-none-embed/lib/rv32imacxw/ilp32\libg_nano.a(lib_a-stdio.o)
                0x00000000000047aa                __swrite
 .text.__sseek  0x00000000000047f2       0x30 c:/mounriver/mounriver_studio/toolchain/risc-v embedded gcc/bin/../lib/gcc/riscv-none-embed/8.2.0/../../../../riscv-none-embed/lib/rv32imacxw/ilp32\libg_nano.a(lib_a-stdio.o)
                0x00000000000047f2                __sseek
 .text.__sclose
                0x0000000000004822        0x6 c:/mounriver/mounriver_studio/toolchain/risc-v embedded gcc/bin/../lib/gcc/riscv-none-embed/8.2.0/../../../../riscv-none-embed/lib/rv32imacxw/ilp32\libg_nano.a(lib_a-stdio.o)
                0x0000000000004822                __sclose
 .text._write_r
                0x0000000000004828       0x2e c:/mounriver/mounriver_studio/toolchain/risc-v embedded gcc/bin/../lib/gcc/riscv-none-embed/8.2.0/../../../../riscv-none-embed/lib/rv32imacxw/ilp32\libg_nano.a(lib_a-writer.o)
                0x0000000000004828                _write_r
 .text._close_r
                0x0000000000004856       0x28 c:/mounriver/mounriver_studio/toolchain/risc-v embedded gcc/bin/../lib/gcc/riscv-none-embed/8.2.0/../../../../riscv-none-embed/lib/rv32imacxw/ilp32\libg_nano.a(lib_a-closer.o)
                0x0000000000004856                _close_r
 .text._fstat_r
                0x000000000000487e       0x2a c:/mounriver/mounriver_studio/toolchain/risc-v embedded gcc/bin/../lib/gcc/riscv-none-embed/8.2.0/../../../../riscv-none-embed/lib/rv32imacxw/ilp32\libg_nano.a(lib_a-fstatr.o)
                0x000000000000487e                _fstat_r
 .text._isatty_r
                0x00000000000048a8       0x28 c:/mounriver/mounriver_studio/toolchain/risc-v embedded gcc/bin/../lib/gcc/riscv-none-embed/8.2.0/../../../../riscv-none-embed/lib/rv32imacxw/ilp32\libg_nano.a(lib_a-isattyr.o)
                0x00000000000048a8                _isatty_r
 .text._lseek_r
                0x00000000000048d0       0x2c c:/mounriver/mounriver_studio/toolchain/risc-v embedded gcc/bin/../lib/gcc/riscv-none-embed/8.2.0/../../../../riscv-none-embed/lib/rv32imacxw/ilp32\libg_nano.a(lib_a-lseekr.o)
                0x00000000000048d0                _lseek_r
 .text.memmove  0x00000000000048fc       0x46 c:/mounriver/mounriver_studio/toolchain/risc-v embedded gcc/bin/../lib/gcc/riscv-none-embed/8.2.0/../../../../riscv-none-embed/lib/rv32imacxw/ilp32\libg_nano.a(lib_a-memmove.o)
                0x00000000000048fc                memmove
 .text.__malloc_lock
                0x0000000000004942        0x2 c:/mounriver/mounriver_studio/toolchain/risc-v embedded gcc/bin/../lib/gcc/riscv-none-embed/8.2.0/../../../../riscv-none-embed/lib/rv32imacxw/ilp32\libg_nano.a(lib_a-mlock.o)
                0x0000000000004942                __malloc_lock
 .text.__malloc_unlock
                0x0000000000004944        0x2 c:/mounriver/mounriver_studio/toolchain/risc-v embedded gcc/bin/../lib/gcc/riscv-none-embed/8.2.0/../../../../riscv-none-embed/lib/rv32imacxw/ilp32\libg_nano.a(lib_a-mlock.o)
                0x0000000000004944                __malloc_unlock
 .text._realloc_r
                0x0000000000004946       0x58 c:/mounriver/mounriver_studio/toolchain/risc-v embedded gcc/bin/../lib/gcc/riscv-none-embed/8.2.0/../../../../riscv-none-embed/lib/rv32imacxw/ilp32\libg_nano.a(lib_a-nano-reallocr.o)
                0x0000000000004946                _realloc_r
 .text._read_r  0x000000000000499e       0x2c c:/mounriver/mounriver_studio/toolchain/risc-v embedded gcc/bin/../lib/gcc/riscv-none-embed/8.2.0/../../../../riscv-none-embed/lib/rv32imacxw/ilp32\libg_nano.a(lib_a-readr.o)
                0x000000000000499e                _read_r
 .text._malloc_usable_size_r
                0x00000000000049ca       0x14 c:/mounriver/mounriver_studio/toolchain/risc-v embedded gcc/bin/../lib/gcc/riscv-none-embed/8.2.0/../../../../riscv-none-embed/lib/rv32imacxw/ilp32\libg_nano.a(lib_a-nano-msizer.o)
                0x00000000000049ca                _malloc_usable_size_r
 .text._close   0x00000000000049de        0xc c:/mounriver/mounriver_studio/toolchain/risc-v embedded gcc/bin/../lib/gcc/riscv-none-embed/8.2.0/../../../../riscv-none-embed/lib/rv32imacxw/ilp32\libnosys.a(close.o)
                0x00000000000049de                _close
 .text._fstat   0x00000000000049ea        0xc c:/mounriver/mounriver_studio/toolchain/risc-v embedded gcc/bin/../lib/gcc/riscv-none-embed/8.2.0/../../../../riscv-none-embed/lib/rv32imacxw/ilp32\libnosys.a(fstat.o)
                0x00000000000049ea                _fstat
 .text._isatty  0x00000000000049f6        0xc c:/mounriver/mounriver_studio/toolchain/risc-v embedded gcc/bin/../lib/gcc/riscv-none-embed/8.2.0/../../../../riscv-none-embed/lib/rv32imacxw/ilp32\libnosys.a(isatty.o)
                0x00000000000049f6                _isatty
 .text._lseek   0x0000000000004a02        0xc c:/mounriver/mounriver_studio/toolchain/risc-v embedded gcc/bin/../lib/gcc/riscv-none-embed/8.2.0/../../../../riscv-none-embed/lib/rv32imacxw/ilp32\libnosys.a(lseek.o)
                0x0000000000004a02                _lseek
 .text._read    0x0000000000004a0e        0xc c:/mounriver/mounriver_studio/toolchain/risc-v embedded gcc/bin/../lib/gcc/riscv-none-embed/8.2.0/../../../../riscv-none-embed/lib/rv32imacxw/ilp32\libnosys.a(read.o)
                0x0000000000004a0e                _read
 *(.rodata)
 *(.rodata*)
 *fill*         0x0000000000004a1a        0x2 
 .rodata.HUB_Port_PreEnum1.str1.4
                0x0000000000004a1c       0x4d ./User/USB_Host/app_km.o
 *fill*         0x0000000000004a69        0x3 
 .rodata.HUB_Port_PreEnum2.str1.4
                0x0000000000004a6c       0x4c ./User/USB_Host/app_km.o
 .rodata.KM_DealHidReportDesc.str1.4
                0x0000000000004ab8       0x1a ./User/USB_Host/app_km.o
 *fill*         0x0000000000004ad2        0x2 
 .rodata.USBH_EnumHidDevice.str1.4
                0x0000000000004ad4        0xb ./User/USB_Host/app_km.o
 *fill*         0x0000000000004adf        0x1 
 .rodata.USBH_EnumHubDevice.str1.4
                0x0000000000004ae0       0x9c ./User/USB_Host/app_km.o
 .rodata.USBH_EnumHubPortDevice.str1.4
                0x0000000000004b7c       0x48 ./User/USB_Host/app_km.o
 .rodata.USBH_EnumRootDevice.str1.4
                0x0000000000004bc4       0x6a ./User/USB_Host/app_km.o
                                         0x6e (size before relaxing)
 *fill*         0x0000000000004c2e        0x2 
 .rodata.USBH_MainDeal.str1.4
                0x0000000000004c30      0x197 ./User/USB_Host/app_km.o
 *fill*         0x0000000000004dc7        0x1 
 .rodata.kbhandledata.str1.4
                0x0000000000004dc8       0x13 ./User/kbcontrol.o
 *fill*         0x0000000000004ddb        0x1 
 .rodata.kbpresent.str1.4
                0x0000000000004ddc        0xc ./User/kbcontrol.o
 .rodata.main.str1.4
                0x0000000000004de8       0xac ./User/main.o
 .rodata.__sf_fake_stderr
                0x0000000000004e94       0x20 c:/mounriver/mounriver_studio/toolchain/risc-v embedded gcc/bin/../lib/gcc/riscv-none-embed/8.2.0/../../../../riscv-none-embed/lib/rv32imacxw/ilp32\libg_nano.a(lib_a-findfp.o)
                0x0000000000004e94                __sf_fake_stderr
 .rodata.__sf_fake_stdin
                0x0000000000004eb4       0x20 c:/mounriver/mounriver_studio/toolchain/risc-v embedded gcc/bin/../lib/gcc/riscv-none-embed/8.2.0/../../../../riscv-none-embed/lib/rv32imacxw/ilp32\libg_nano.a(lib_a-findfp.o)
                0x0000000000004eb4                __sf_fake_stdin
 .rodata.__sf_fake_stdout
                0x0000000000004ed4       0x20 c:/mounriver/mounriver_studio/toolchain/risc-v embedded gcc/bin/../lib/gcc/riscv-none-embed/8.2.0/../../../../riscv-none-embed/lib/rv32imacxw/ilp32\libg_nano.a(lib_a-findfp.o)
                0x0000000000004ed4                __sf_fake_stdout
 .rodata._svfprintf_r.str1.4
                0x0000000000004ef4       0x13 c:/mounriver/mounriver_studio/toolchain/risc-v embedded gcc/bin/../lib/gcc/riscv-none-embed/8.2.0/../../../../riscv-none-embed/lib/rv32imacxw/ilp32\libg_nano.a(lib_a-nano-svfprintf.o)
 .rodata._vfprintf_r.str1.4
                0x0000000000004f07       0x13 c:/mounriver/mounriver_studio/toolchain/risc-v embedded gcc/bin/../lib/gcc/riscv-none-embed/8.2.0/../../../../riscv-none-embed/lib/rv32imacxw/ilp32\libg_nano.a(lib_a-nano-vfprintf.o)
 *fill*         0x0000000000004f07        0x1 
 .rodata._printf_i.str1.4
                0x0000000000004f08       0x28 c:/mounriver/mounriver_studio/toolchain/risc-v embedded gcc/bin/../lib/gcc/riscv-none-embed/8.2.0/../../../../riscv-none-embed/lib/rv32imacxw/ilp32\libg_nano.a(lib_a-nano-vfprintf_i.o)
                                         0x25 (size before relaxing)
 *(.glue_7)
 *(.glue_7t)
 *(.gnu.linkonce.t.*)
                0x0000000000004f30                . = ALIGN (0x4)

.rela.dyn       0x0000000000004f30        0x0
 .rela.init     0x0000000000004f30        0x0 ./User/USB_Host/app_km.o
 .rela.vector   0x0000000000004f30        0x0 ./User/USB_Host/app_km.o
 .rela.text.handle_reset
                0x0000000000004f30        0x0 ./User/USB_Host/app_km.o
 .rela.text._sbrk
                0x0000000000004f30        0x0 ./User/USB_Host/app_km.o
 .rela.sdata.curbrk.4579
                0x0000000000004f30        0x0 ./User/USB_Host/app_km.o
 .rela.text._svfprintf_r
                0x0000000000004f30        0x0 ./User/USB_Host/app_km.o
 .rela.text._vfprintf_r
                0x0000000000004f30        0x0 ./User/USB_Host/app_km.o
 .rela.text._sbrk_r
                0x0000000000004f30        0x0 ./User/USB_Host/app_km.o
 .rela.text._write_r
                0x0000000000004f30        0x0 ./User/USB_Host/app_km.o
 .rela.text._close_r
                0x0000000000004f30        0x0 ./User/USB_Host/app_km.o
 .rela.text._fstat_r
                0x0000000000004f30        0x0 ./User/USB_Host/app_km.o
 .rela.text._isatty_r
                0x0000000000004f30        0x0 ./User/USB_Host/app_km.o
 .rela.text._lseek_r
                0x0000000000004f30        0x0 ./User/USB_Host/app_km.o
 .rela.text._read_r
                0x0000000000004f30        0x0 ./User/USB_Host/app_km.o
 .rela.text._close
                0x0000000000004f30        0x0 ./User/USB_Host/app_km.o
 .rela.text._fstat
                0x0000000000004f30        0x0 ./User/USB_Host/app_km.o
 .rela.text._isatty
                0x0000000000004f30        0x0 ./User/USB_Host/app_km.o
 .rela.text._lseek
                0x0000000000004f30        0x0 ./User/USB_Host/app_km.o
 .rela.text._read
                0x0000000000004f30        0x0 ./User/USB_Host/app_km.o

.fini           0x0000000000004f30        0x0
 *(SORT_NONE(.fini))
                0x0000000000004f30                . = ALIGN (0x4)
                [!provide]                        PROVIDE (_etext = .)
                [!provide]                        PROVIDE (_eitcm = .)

.preinit_array  0x0000000000004f30        0x0
                [!provide]                        PROVIDE (__preinit_array_start = .)
 *(.preinit_array)
                [!provide]                        PROVIDE (__preinit_array_end = .)

.init_array     0x0000000000004f30        0x0
                [!provide]                        PROVIDE (__init_array_start = .)
 *(SORT_BY_INIT_PRIORITY(.init_array.*) SORT_BY_INIT_PRIORITY(.ctors.*))
 *(.init_array EXCLUDE_FILE(*crtend?.o *crtend.o *crtbegin?.o *crtbegin.o) .ctors)
                [!provide]                        PROVIDE (__init_array_end = .)

.fini_array     0x0000000000004f30        0x0
                [!provide]                        PROVIDE (__fini_array_start = .)
 *(SORT_BY_INIT_PRIORITY(.fini_array.*) SORT_BY_INIT_PRIORITY(.dtors.*))
 *(.fini_array EXCLUDE_FILE(*crtend?.o *crtend.o *crtbegin?.o *crtbegin.o) .dtors)
                [!provide]                        PROVIDE (__fini_array_end = .)

.ctors
 *crtbegin.o(.ctors)
 *crtbegin?.o(.ctors)
 *(EXCLUDE_FILE(*crtend?.o *crtend.o) .ctors)
 *(SORT_BY_NAME(.ctors.*))
 *(.ctors)

.dtors
 *crtbegin.o(.dtors)
 *crtbegin?.o(.dtors)
 *(EXCLUDE_FILE(*crtend?.o *crtend.o) .dtors)
 *(SORT_BY_NAME(.dtors.*))
 *(.dtors)

.dalign         0x0000000020000000        0x0 load address 0x0000000000004f30
                0x0000000020000000                . = ALIGN (0x4)
                0x0000000020000000                PROVIDE (_data_vma = .)

.dlalign        0x0000000000004f30        0x0
                0x0000000000004f30                . = ALIGN (0x4)
                0x0000000000004f30                PROVIDE (_data_lma = .)

.data           0x0000000020000000      0x500 load address 0x0000000000004f30
 *(.gnu.linkonce.r.*)
 *(.data .data.*)
 .data.font8x8_basic
                0x0000000020000000      0x400 ./User/lcd.o
                0x0000000020000000                font8x8_basic
 .data.AHBPrescTable
                0x0000000020000400       0x10 ./User/system_ch32v20x.o
                0x0000000020000400                AHBPrescTable
 .data.APBAHBPrescTable
                0x0000000020000410       0x10 ./Peripheral/src/ch32v20x_rcc.o
 .data.impure_data
                0x0000000020000420       0x60 c:/mounriver/mounriver_studio/toolchain/risc-v embedded gcc/bin/../lib/gcc/riscv-none-embed/8.2.0/../../../../riscv-none-embed/lib/rv32imacxw/ilp32\libg_nano.a(lib_a-impure.o)
 *(.gnu.linkonce.d.*)
                0x0000000020000480                . = ALIGN (0x8)
                0x0000000020000c80                PROVIDE (__global_pointer$ = (. + 0x800))
 *(.sdata .sdata.*)
 .sdata.SystemCoreClock
                0x0000000020000480        0x4 ./User/system_ch32v20x.o
                0x0000000020000480                SystemCoreClock
 .sdata.ADCPrescTable
                0x0000000020000484        0x4 ./Peripheral/src/ch32v20x_rcc.o
 .sdata.curbrk.4579
                0x0000000020000488        0x4 ./Debug/debug.o
 .sdata._impure_ptr
                0x000000002000048c        0x4 c:/mounriver/mounriver_studio/toolchain/risc-v embedded gcc/bin/../lib/gcc/riscv-none-embed/8.2.0/../../../../riscv-none-embed/lib/rv32imacxw/ilp32\libg_nano.a(lib_a-impure.o)
                0x000000002000048c                _impure_ptr
 *(.sdata2.*)
 .sdata2.SetupClearEndpStall
                0x0000000020000490        0x8 ./User/USB_Host/ch32v20x_usbfs_host.o
 .sdata2.SetupGetCfgDesc
                0x0000000020000498        0x8 ./User/USB_Host/ch32v20x_usbfs_host.o
 .sdata2.SetupGetDevDesc
                0x00000000200004a0        0x8 ./User/USB_Host/ch32v20x_usbfs_host.o
 .sdata2.SetupGetStrDesc
                0x00000000200004a8        0x8 ./User/USB_Host/ch32v20x_usbfs_host.o
 .sdata2.SetupSetAddr
                0x00000000200004b0        0x8 ./User/USB_Host/ch32v20x_usbfs_host.o
 .sdata2.SetupSetConfig
                0x00000000200004b8        0x8 ./User/USB_Host/ch32v20x_usbfs_host.o
 .sdata2.SetupGetHidDes
                0x00000000200004c0        0x8 ./User/USB_Host/usb_host_hid.o
 .sdata2.SetupSetReport
                0x00000000200004c8        0x8 ./User/USB_Host/usb_host_hid.o
 .sdata2.SetupSetidle
                0x00000000200004d0        0x8 ./User/USB_Host/usb_host_hid.o
 .sdata2.ClearPortFeature
                0x00000000200004d8        0x8 ./User/USB_Host/usb_host_hub.o
 .sdata2.GetHubDescr
                0x00000000200004e0        0x8 ./User/USB_Host/usb_host_hub.o
 .sdata2.GetPortStatus
                0x00000000200004e8        0x8 ./User/USB_Host/usb_host_hub.o
 .sdata2.SetPortFeature
                0x00000000200004f0        0x8 ./User/USB_Host/usb_host_hub.o
 .sdata2._global_impure_ptr
                0x00000000200004f8        0x4 c:/mounriver/mounriver_studio/toolchain/risc-v embedded gcc/bin/../lib/gcc/riscv-none-embed/8.2.0/../../../../riscv-none-embed/lib/rv32imacxw/ilp32\libg_nano.a(lib_a-impure.o)
                0x00000000200004f8                _global_impure_ptr
 *(.gnu.linkonce.s.*)
                0x0000000020000500                . = ALIGN (0x8)
 *fill*         0x00000000200004fc        0x4 
 *(.srodata.cst16)
 *(.srodata.cst8)
 *(.srodata.cst4)
 *(.srodata.cst2)
 *(.srodata .srodata.*)
                0x0000000020000500                . = ALIGN (0x4)
                0x0000000020000500                PROVIDE (_edata = .)

.bss            0x0000000020000500      0xa00 load address 0x0000000000005430
                0x0000000020000500                . = ALIGN (0x4)
                0x0000000020000500                PROVIDE (_sbss = .)
 *(.sbss*)
 .sbss.MCU_Version
                0x0000000020000500        0x1 ./Peripheral/src/ch32v20x_gpio.o
                0x0000000020000500                MCU_Version
 *fill*         0x0000000020000501        0x3 
 .sbss.NVIC_Priority_Group
                0x0000000020000504        0x4 ./Peripheral/src/ch32v20x_misc.o
                0x0000000020000504                NVIC_Priority_Group
 .sbss.p_ms     0x0000000020000508        0x2 ./Debug/debug.o
 .sbss.p_us     0x000000002000050a        0x1 ./Debug/debug.o
 *fill*         0x000000002000050b        0x1 
 .sbss.__malloc_free_list
                0x000000002000050c        0x4 c:/mounriver/mounriver_studio/toolchain/risc-v embedded gcc/bin/../lib/gcc/riscv-none-embed/8.2.0/../../../../riscv-none-embed/lib/rv32imacxw/ilp32\libg_nano.a(lib_a-nano-mallocr.o)
                0x000000002000050c                __malloc_free_list
 .sbss.__malloc_sbrk_start
                0x0000000020000510        0x4 c:/mounriver/mounriver_studio/toolchain/risc-v embedded gcc/bin/../lib/gcc/riscv-none-embed/8.2.0/../../../../riscv-none-embed/lib/rv32imacxw/ilp32\libg_nano.a(lib_a-nano-mallocr.o)
                0x0000000020000510                __malloc_sbrk_start
 *(.gnu.linkonce.sb.*)
 *(.bss*)
 .bss.Com_Buf   0x0000000020000514      0x400 ./User/USB_Host/app_km.o
                0x0000000020000514                Com_Buf
 .bss.DevDesc_Buf
                0x0000000020000914       0x12 ./User/USB_Host/app_km.o
                0x0000000020000914                DevDesc_Buf
 *fill*         0x0000000020000926        0x2 
 .bss.HostCtl   0x0000000020000928      0x532 ./User/USB_Host/app_km.o
                0x0000000020000928                HostCtl
 *fill*         0x0000000020000e5a        0x2 
 .bss.RootHubDev
                0x0000000020000e5c       0x1f ./User/USB_Host/app_km.o
                0x0000000020000e5c                RootHubDev
 *fill*         0x0000000020000e7b        0x1 
 .bss.USBFS_RX_Buf
                0x0000000020000e7c       0x40 ./User/USB_Host/ch32v20x_usbfs_host.o
                0x0000000020000e7c                USBFS_RX_Buf
 .bss.USBFS_TX_Buf
                0x0000000020000ebc       0x40 ./User/USB_Host/ch32v20x_usbfs_host.o
                0x0000000020000ebc                USBFS_TX_Buf
 *(.gnu.linkonce.b.*)
 *(COMMON*)
 COMMON         0x0000000020000efc        0x4 c:/mounriver/mounriver_studio/toolchain/risc-v embedded gcc/bin/../lib/gcc/riscv-none-embed/8.2.0/../../../../riscv-none-embed/lib/rv32imacxw/ilp32\libg_nano.a(lib_a-reent.o)
                0x0000000020000efc                errno
                0x0000000020000f00                . = ALIGN (0x4)
                0x0000000020000f00                PROVIDE (_ebss = .)
                0x0000000020000f00                PROVIDE (_end = _ebss)
                [!provide]                        PROVIDE (end = .)

.stack          0x0000000020004800      0x800
                0x0000000020004800                PROVIDE (_heap_end = .)
                0x0000000020004800                . = ALIGN (0x4)
                [!provide]                        PROVIDE (_susrstack = .)
                0x0000000020005000                . = (. + __stack_size)
 *fill*         0x0000000020004800      0x800 
                0x0000000020005000                PROVIDE (_eusrstack = .)
OUTPUT(KBTest.elf elf32-littleriscv)

.debug_info     0x0000000000000000    0x156fc
 .debug_info    0x0000000000000000     0x3857 ./User/USB_Host/app_km.o
 .debug_info    0x0000000000003857     0x1b7a ./User/USB_Host/ch32v20x_usbfs_host.o
 .debug_info    0x00000000000053d1      0xf8b ./User/USB_Host/usb_host_hid.o
 .debug_info    0x000000000000635c      0xff7 ./User/USB_Host/usb_host_hub.o
 .debug_info    0x0000000000007353      0x962 ./User/ch32v20x_it.o
 .debug_info    0x0000000000007cb5      0xaf4 ./User/kbcontrol.o
 .debug_info    0x00000000000087a9     0x21cb ./User/lcd.o
 .debug_info    0x000000000000a974     0x10fd ./User/main.o
 .debug_info    0x000000000000ba71      0xb89 ./User/system_ch32v20x.o
 .debug_info    0x000000000000c5fa       0x22 ./Startup/startup_ch32v20x_D6.o
 .debug_info    0x000000000000c61c     0x10d9 ./Peripheral/src/ch32v20x_gpio.o
 .debug_info    0x000000000000d6f5      0xe7c ./Peripheral/src/ch32v20x_misc.o
 .debug_info    0x000000000000e571     0x125c ./Peripheral/src/ch32v20x_rcc.o
 .debug_info    0x000000000000f7cd     0x12be ./Peripheral/src/ch32v20x_spi.o
 .debug_info    0x0000000000010a8b     0x29a2 ./Peripheral/src/ch32v20x_tim.o
 .debug_info    0x000000000001342d     0x13b4 ./Peripheral/src/ch32v20x_usart.o
 .debug_info    0x00000000000147e1      0xf1b ./Debug/debug.o

.debug_abbrev   0x0000000000000000     0x3240
 .debug_abbrev  0x0000000000000000      0x53e ./User/USB_Host/app_km.o
 .debug_abbrev  0x000000000000053e      0x47c ./User/USB_Host/ch32v20x_usbfs_host.o
 .debug_abbrev  0x00000000000009ba      0x251 ./User/USB_Host/usb_host_hid.o
 .debug_abbrev  0x0000000000000c0b      0x280 ./User/USB_Host/usb_host_hub.o
 .debug_abbrev  0x0000000000000e8b      0x1cf ./User/ch32v20x_it.o
 .debug_abbrev  0x000000000000105a      0x233 ./User/kbcontrol.o
 .debug_abbrev  0x000000000000128d      0x3dd ./User/lcd.o
 .debug_abbrev  0x000000000000166a      0x277 ./User/main.o
 .debug_abbrev  0x00000000000018e1      0x2c0 ./User/system_ch32v20x.o
 .debug_abbrev  0x0000000000001ba1       0x12 ./Startup/startup_ch32v20x_D6.o
 .debug_abbrev  0x0000000000001bb3      0x33a ./Peripheral/src/ch32v20x_gpio.o
 .debug_abbrev  0x0000000000001eed      0x2fb ./Peripheral/src/ch32v20x_misc.o
 .debug_abbrev  0x00000000000021e8      0x351 ./Peripheral/src/ch32v20x_rcc.o
 .debug_abbrev  0x0000000000002539      0x307 ./Peripheral/src/ch32v20x_spi.o
 .debug_abbrev  0x0000000000002840      0x408 ./Peripheral/src/ch32v20x_tim.o
 .debug_abbrev  0x0000000000002c48      0x312 ./Peripheral/src/ch32v20x_usart.o
 .debug_abbrev  0x0000000000002f5a      0x2e6 ./Debug/debug.o

.debug_loc      0x0000000000000000     0x609c
 .debug_loc     0x0000000000000000     0x12ce ./User/USB_Host/app_km.o
 .debug_loc     0x00000000000012ce      0x7bd ./User/USB_Host/ch32v20x_usbfs_host.o
 .debug_loc     0x0000000000001a8b      0x1a2 ./User/USB_Host/usb_host_hid.o
 .debug_loc     0x0000000000001c2d      0x1af ./User/USB_Host/usb_host_hub.o
 .debug_loc     0x0000000000001ddc       0x67 ./User/kbcontrol.o
 .debug_loc     0x0000000000001e43      0x9e8 ./User/lcd.o
 .debug_loc     0x000000000000282b       0xac ./User/system_ch32v20x.o
 .debug_loc     0x00000000000028d7      0x805 ./Peripheral/src/ch32v20x_gpio.o
 .debug_loc     0x00000000000030dc       0xce ./Peripheral/src/ch32v20x_misc.o
 .debug_loc     0x00000000000031aa      0x797 ./Peripheral/src/ch32v20x_rcc.o
 .debug_loc     0x0000000000003941      0x57f ./Peripheral/src/ch32v20x_spi.o
 .debug_loc     0x0000000000003ec0     0x190e ./Peripheral/src/ch32v20x_tim.o
 .debug_loc     0x00000000000057ce      0x757 ./Peripheral/src/ch32v20x_usart.o
 .debug_loc     0x0000000000005f25      0x177 ./Debug/debug.o

.debug_aranges  0x0000000000000000      0x9e0
 .debug_aranges
                0x0000000000000000       0xa0 ./User/USB_Host/app_km.o
 .debug_aranges
                0x00000000000000a0       0xb8 ./User/USB_Host/ch32v20x_usbfs_host.o
 .debug_aranges
                0x0000000000000158       0x30 ./User/USB_Host/usb_host_hid.o
 .debug_aranges
                0x0000000000000188       0x38 ./User/USB_Host/usb_host_hub.o
 .debug_aranges
                0x00000000000001c0       0x28 ./User/ch32v20x_it.o
 .debug_aranges
                0x00000000000001e8       0x28 ./User/kbcontrol.o
 .debug_aranges
                0x0000000000000210       0x78 ./User/lcd.o
 .debug_aranges
                0x0000000000000288       0x20 ./User/main.o
 .debug_aranges
                0x00000000000002a8       0x28 ./User/system_ch32v20x.o
 .debug_aranges
                0x00000000000002d0       0x30 ./Startup/startup_ch32v20x_D6.o
 .debug_aranges
                0x0000000000000300       0xa8 ./Peripheral/src/ch32v20x_gpio.o
 .debug_aranges
                0x00000000000003a8       0x28 ./Peripheral/src/ch32v20x_misc.o
 .debug_aranges
                0x00000000000003d0      0x128 ./Peripheral/src/ch32v20x_rcc.o
 .debug_aranges
                0x00000000000004f8       0xd0 ./Peripheral/src/ch32v20x_spi.o
 .debug_aranges
                0x00000000000005c8      0x2d0 ./Peripheral/src/ch32v20x_tim.o
 .debug_aranges
                0x0000000000000898      0x100 ./Peripheral/src/ch32v20x_usart.o
 .debug_aranges
                0x0000000000000998       0x48 ./Debug/debug.o

.debug_ranges   0x0000000000000000      0xa98
 .debug_ranges  0x0000000000000000       0xd8 ./User/USB_Host/app_km.o
 .debug_ranges  0x00000000000000d8       0xc0 ./User/USB_Host/ch32v20x_usbfs_host.o
 .debug_ranges  0x0000000000000198       0x20 ./User/USB_Host/usb_host_hid.o
 .debug_ranges  0x00000000000001b8       0x28 ./User/USB_Host/usb_host_hub.o
 .debug_ranges  0x00000000000001e0       0x18 ./User/ch32v20x_it.o
 .debug_ranges  0x00000000000001f8       0x18 ./User/kbcontrol.o
 .debug_ranges  0x0000000000000210      0x148 ./User/lcd.o
 .debug_ranges  0x0000000000000358       0x10 ./User/main.o
 .debug_ranges  0x0000000000000368       0x38 ./User/system_ch32v20x.o
 .debug_ranges  0x00000000000003a0       0x28 ./Startup/startup_ch32v20x_D6.o
 .debug_ranges  0x00000000000003c8       0x98 ./Peripheral/src/ch32v20x_gpio.o
 .debug_ranges  0x0000000000000460       0x48 ./Peripheral/src/ch32v20x_misc.o
 .debug_ranges  0x00000000000004a8      0x118 ./Peripheral/src/ch32v20x_rcc.o
 .debug_ranges  0x00000000000005c0       0xc0 ./Peripheral/src/ch32v20x_spi.o
 .debug_ranges  0x0000000000000680      0x2f0 ./Peripheral/src/ch32v20x_tim.o
 .debug_ranges  0x0000000000000970       0xf0 ./Peripheral/src/ch32v20x_usart.o
 .debug_ranges  0x0000000000000a60       0x38 ./Debug/debug.o

.debug_line     0x0000000000000000     0xeda2
 .debug_line    0x0000000000000000     0x34be ./User/USB_Host/app_km.o
 .debug_line    0x00000000000034be     0x145b ./User/USB_Host/ch32v20x_usbfs_host.o
 .debug_line    0x0000000000004919      0x38d ./User/USB_Host/usb_host_hid.o
 .debug_line    0x0000000000004ca6      0x40d ./User/USB_Host/usb_host_hub.o
 .debug_line    0x00000000000050b3      0x214 ./User/ch32v20x_it.o
 .debug_line    0x00000000000052c7      0x3d4 ./User/kbcontrol.o
 .debug_line    0x000000000000569b     0x10e2 ./User/lcd.o
 .debug_line    0x000000000000677d      0x446 ./User/main.o
 .debug_line    0x0000000000006bc3      0x666 ./User/system_ch32v20x.o
 .debug_line    0x0000000000007229      0x25f ./Startup/startup_ch32v20x_D6.o
 .debug_line    0x0000000000007488      0xfe4 ./Peripheral/src/ch32v20x_gpio.o
 .debug_line    0x000000000000846c      0x48a ./Peripheral/src/ch32v20x_misc.o
 .debug_line    0x00000000000088f6     0x1128 ./Peripheral/src/ch32v20x_rcc.o
 .debug_line    0x0000000000009a1e      0xcc0 ./Peripheral/src/ch32v20x_spi.o
 .debug_line    0x000000000000a6de     0x30a9 ./Peripheral/src/ch32v20x_tim.o
 .debug_line    0x000000000000d787      0xf60 ./Peripheral/src/ch32v20x_usart.o
 .debug_line    0x000000000000e6e7      0x6bb ./Debug/debug.o

.debug_str      0x0000000000000000     0x35cf
 .debug_str     0x0000000000000000     0x16d3 ./User/USB_Host/app_km.o
                                       0x1831 (size before relaxing)
 .debug_str     0x00000000000016d3      0x1b4 ./User/USB_Host/ch32v20x_usbfs_host.o
                                        0xe63 (size before relaxing)
 .debug_str     0x0000000000001887       0x32 ./User/USB_Host/usb_host_hid.o
                                        0x93f (size before relaxing)
 .debug_str     0x00000000000018b9       0x36 ./User/USB_Host/usb_host_hub.o
                                        0x960 (size before relaxing)
 .debug_str     0x00000000000018ef       0x34 ./User/ch32v20x_it.o
                                        0x59b (size before relaxing)
 .debug_str     0x0000000000001923       0x3b ./User/kbcontrol.o
                                        0x5b3 (size before relaxing)
 .debug_str     0x000000000000195e      0x3a6 ./User/lcd.o
                                        0xa05 (size before relaxing)
 .debug_str     0x0000000000001d04       0xe6 ./User/main.o
                                        0x9f3 (size before relaxing)
 .debug_str     0x0000000000001dea       0xf5 ./User/system_ch32v20x.o
                                        0x6b1 (size before relaxing)
 .debug_str     0x0000000000001edf       0x2d ./Startup/startup_ch32v20x_D6.o
                                         0x4e (size before relaxing)
 .debug_str     0x0000000000001f0c      0x252 ./Peripheral/src/ch32v20x_gpio.o
                                        0x962 (size before relaxing)
 .debug_str     0x000000000000215e       0x8a ./Peripheral/src/ch32v20x_misc.o
                                        0xa6a (size before relaxing)
 .debug_str     0x00000000000021e8      0x312 ./Peripheral/src/ch32v20x_rcc.o
                                        0xaa1 (size before relaxing)
 .debug_str     0x00000000000024fa      0x274 ./Peripheral/src/ch32v20x_spi.o
                                        0xa74 (size before relaxing)
 .debug_str     0x000000000000276e      0x9f3 ./Peripheral/src/ch32v20x_tim.o
                                       0x1260 (size before relaxing)
 .debug_str     0x0000000000003161      0x3f8 ./Peripheral/src/ch32v20x_usart.o
                                        0xafc (size before relaxing)
 .debug_str     0x0000000000003559       0x76 ./Debug/debug.o
                                        0x8e4 (size before relaxing)

.comment        0x0000000000000000       0x33
 .comment       0x0000000000000000       0x33 ./User/USB_Host/app_km.o
                                         0x34 (size before relaxing)
 .comment       0x0000000000000033       0x34 ./User/USB_Host/ch32v20x_usbfs_host.o
 .comment       0x0000000000000033       0x34 ./User/USB_Host/usb_host_hid.o
 .comment       0x0000000000000033       0x34 ./User/USB_Host/usb_host_hub.o
 .comment       0x0000000000000033       0x34 ./User/ch32v20x_it.o
 .comment       0x0000000000000033       0x34 ./User/kbcontrol.o
 .comment       0x0000000000000033       0x34 ./User/lcd.o
 .comment       0x0000000000000033       0x34 ./User/main.o
 .comment       0x0000000000000033       0x34 ./User/system_ch32v20x.o
 .comment       0x0000000000000033       0x34 ./Peripheral/src/ch32v20x_gpio.o
 .comment       0x0000000000000033       0x34 ./Peripheral/src/ch32v20x_misc.o
 .comment       0x0000000000000033       0x34 ./Peripheral/src/ch32v20x_rcc.o
 .comment       0x0000000000000033       0x34 ./Peripheral/src/ch32v20x_spi.o
 .comment       0x0000000000000033       0x34 ./Peripheral/src/ch32v20x_tim.o
 .comment       0x0000000000000033       0x34 ./Peripheral/src/ch32v20x_usart.o
 .comment       0x0000000000000033       0x34 ./Debug/debug.o

.debug_frame    0x0000000000000000     0x2310
 .debug_frame   0x0000000000000000      0x360 ./User/USB_Host/app_km.o
 .debug_frame   0x0000000000000360      0x2a4 ./User/USB_Host/ch32v20x_usbfs_host.o
 .debug_frame   0x0000000000000604       0x64 ./User/USB_Host/usb_host_hid.o
 .debug_frame   0x0000000000000668       0x90 ./User/USB_Host/usb_host_hub.o
 .debug_frame   0x00000000000006f8       0x30 ./User/ch32v20x_it.o
 .debug_frame   0x0000000000000728       0x60 ./User/kbcontrol.o
 .debug_frame   0x0000000000000788      0x20c ./User/lcd.o
 .debug_frame   0x0000000000000994       0x2c ./User/main.o
 .debug_frame   0x00000000000009c0       0x3c ./User/system_ch32v20x.o
 .debug_frame   0x00000000000009fc      0x148 ./Peripheral/src/ch32v20x_gpio.o
 .debug_frame   0x0000000000000b44       0x30 ./Peripheral/src/ch32v20x_misc.o
 .debug_frame   0x0000000000000b74      0x244 ./Peripheral/src/ch32v20x_rcc.o
 .debug_frame   0x0000000000000db8      0x1a8 ./Peripheral/src/ch32v20x_spi.o
 .debug_frame   0x0000000000000f60      0x614 ./Peripheral/src/ch32v20x_tim.o
 .debug_frame   0x0000000000001574      0x204 ./Peripheral/src/ch32v20x_usart.o
 .debug_frame   0x0000000000001778       0x9c ./Debug/debug.o
 .debug_frame   0x0000000000001814       0x20 c:/mounriver/mounriver_studio/toolchain/risc-v embedded gcc/bin/../lib/gcc/riscv-none-embed/8.2.0/../../../../riscv-none-embed/lib/rv32imacxw/ilp32\libg_nano.a(lib_a-memchr.o)
 .debug_frame   0x0000000000001834       0x20 c:/mounriver/mounriver_studio/toolchain/risc-v embedded gcc/bin/../lib/gcc/riscv-none-embed/8.2.0/../../../../riscv-none-embed/lib/rv32imacxw/ilp32\libg_nano.a(lib_a-memcpy.o)
 .debug_frame   0x0000000000001854       0x54 c:/mounriver/mounriver_studio/toolchain/risc-v embedded gcc/bin/../lib/gcc/riscv-none-embed/8.2.0/../../../../riscv-none-embed/lib/rv32imacxw/ilp32\libg_nano.a(lib_a-printf.o)
 .debug_frame   0x00000000000018a8       0x54 c:/mounriver/mounriver_studio/toolchain/risc-v embedded gcc/bin/../lib/gcc/riscv-none-embed/8.2.0/../../../../riscv-none-embed/lib/rv32imacxw/ilp32\libg_nano.a(lib_a-puts.o)
 .debug_frame   0x00000000000018fc       0x48 c:/mounriver/mounriver_studio/toolchain/risc-v embedded gcc/bin/../lib/gcc/riscv-none-embed/8.2.0/../../../../riscv-none-embed/lib/rv32imacxw/ilp32\libg_nano.a(lib_a-sprintf.o)
 .debug_frame   0x0000000000001944       0x20 c:/mounriver/mounriver_studio/toolchain/risc-v embedded gcc/bin/../lib/gcc/riscv-none-embed/8.2.0/../../../../riscv-none-embed/lib/rv32imacxw/ilp32\libg_nano.a(lib_a-strlen.o)
 .debug_frame   0x0000000000001964       0x50 c:/mounriver/mounriver_studio/toolchain/risc-v embedded gcc/bin/../lib/gcc/riscv-none-embed/8.2.0/../../../../riscv-none-embed/lib/rv32imacxw/ilp32\libg_nano.a(lib_a-wbuf.o)
 .debug_frame   0x00000000000019b4       0x3c c:/mounriver/mounriver_studio/toolchain/risc-v embedded gcc/bin/../lib/gcc/riscv-none-embed/8.2.0/../../../../riscv-none-embed/lib/rv32imacxw/ilp32\libg_nano.a(lib_a-wsetup.o)
 .debug_frame   0x00000000000019f0       0x7c c:/mounriver/mounriver_studio/toolchain/risc-v embedded gcc/bin/../lib/gcc/riscv-none-embed/8.2.0/../../../../riscv-none-embed/lib/rv32imacxw/ilp32\libg_nano.a(lib_a-fflush.o)
 .debug_frame   0x0000000000001a6c      0x148 c:/mounriver/mounriver_studio/toolchain/risc-v embedded gcc/bin/../lib/gcc/riscv-none-embed/8.2.0/../../../../riscv-none-embed/lib/rv32imacxw/ilp32\libg_nano.a(lib_a-findfp.o)
 .debug_frame   0x0000000000001bb4       0x88 c:/mounriver/mounriver_studio/toolchain/risc-v embedded gcc/bin/../lib/gcc/riscv-none-embed/8.2.0/../../../../riscv-none-embed/lib/rv32imacxw/ilp32\libg_nano.a(lib_a-fwalk.o)
 .debug_frame   0x0000000000001c3c       0x64 c:/mounriver/mounriver_studio/toolchain/risc-v embedded gcc/bin/../lib/gcc/riscv-none-embed/8.2.0/../../../../riscv-none-embed/lib/rv32imacxw/ilp32\libg_nano.a(lib_a-makebuf.o)
 .debug_frame   0x0000000000001ca0       0x40 c:/mounriver/mounriver_studio/toolchain/risc-v embedded gcc/bin/../lib/gcc/riscv-none-embed/8.2.0/../../../../riscv-none-embed/lib/rv32imacxw/ilp32\libg_nano.a(lib_a-nano-freer.o)
 .debug_frame   0x0000000000001ce0       0x40 c:/mounriver/mounriver_studio/toolchain/risc-v embedded gcc/bin/../lib/gcc/riscv-none-embed/8.2.0/../../../../riscv-none-embed/lib/rv32imacxw/ilp32\libg_nano.a(lib_a-nano-mallocr.o)
 .debug_frame   0x0000000000001d20       0xe0 c:/mounriver/mounriver_studio/toolchain/risc-v embedded gcc/bin/../lib/gcc/riscv-none-embed/8.2.0/../../../../riscv-none-embed/lib/rv32imacxw/ilp32\libg_nano.a(lib_a-nano-svfprintf.o)
 .debug_frame   0x0000000000001e00       0xd0 c:/mounriver/mounriver_studio/toolchain/risc-v embedded gcc/bin/../lib/gcc/riscv-none-embed/8.2.0/../../../../riscv-none-embed/lib/rv32imacxw/ilp32\libg_nano.a(lib_a-nano-vfprintf.o)
 .debug_frame   0x0000000000001ed0       0x8c c:/mounriver/mounriver_studio/toolchain/risc-v embedded gcc/bin/../lib/gcc/riscv-none-embed/8.2.0/../../../../riscv-none-embed/lib/rv32imacxw/ilp32\libg_nano.a(lib_a-nano-vfprintf_i.o)
 .debug_frame   0x0000000000001f5c       0x30 c:/mounriver/mounriver_studio/toolchain/risc-v embedded gcc/bin/../lib/gcc/riscv-none-embed/8.2.0/../../../../riscv-none-embed/lib/rv32imacxw/ilp32\libg_nano.a(lib_a-sbrkr.o)
 .debug_frame   0x0000000000001f8c       0xa4 c:/mounriver/mounriver_studio/toolchain/risc-v embedded gcc/bin/../lib/gcc/riscv-none-embed/8.2.0/../../../../riscv-none-embed/lib/rv32imacxw/ilp32\libg_nano.a(lib_a-stdio.o)
 .debug_frame   0x0000000000002030       0x30 c:/mounriver/mounriver_studio/toolchain/risc-v embedded gcc/bin/../lib/gcc/riscv-none-embed/8.2.0/../../../../riscv-none-embed/lib/rv32imacxw/ilp32\libg_nano.a(lib_a-writer.o)
 .debug_frame   0x0000000000002060       0x30 c:/mounriver/mounriver_studio/toolchain/risc-v embedded gcc/bin/../lib/gcc/riscv-none-embed/8.2.0/../../../../riscv-none-embed/lib/rv32imacxw/ilp32\libg_nano.a(lib_a-closer.o)
 .debug_frame   0x0000000000002090       0x30 c:/mounriver/mounriver_studio/toolchain/risc-v embedded gcc/bin/../lib/gcc/riscv-none-embed/8.2.0/../../../../riscv-none-embed/lib/rv32imacxw/ilp32\libg_nano.a(lib_a-fstatr.o)
 .debug_frame   0x00000000000020c0       0x30 c:/mounriver/mounriver_studio/toolchain/risc-v embedded gcc/bin/../lib/gcc/riscv-none-embed/8.2.0/../../../../riscv-none-embed/lib/rv32imacxw/ilp32\libg_nano.a(lib_a-isattyr.o)
 .debug_frame   0x00000000000020f0       0x30 c:/mounriver/mounriver_studio/toolchain/risc-v embedded gcc/bin/../lib/gcc/riscv-none-embed/8.2.0/../../../../riscv-none-embed/lib/rv32imacxw/ilp32\libg_nano.a(lib_a-lseekr.o)
 .debug_frame   0x0000000000002120       0x20 c:/mounriver/mounriver_studio/toolchain/risc-v embedded gcc/bin/../lib/gcc/riscv-none-embed/8.2.0/../../../../riscv-none-embed/lib/rv32imacxw/ilp32\libg_nano.a(lib_a-memmove.o)
 .debug_frame   0x0000000000002140       0x30 c:/mounriver/mounriver_studio/toolchain/risc-v embedded gcc/bin/../lib/gcc/riscv-none-embed/8.2.0/../../../../riscv-none-embed/lib/rv32imacxw/ilp32\libg_nano.a(lib_a-mlock.o)
 .debug_frame   0x0000000000002170       0x40 c:/mounriver/mounriver_studio/toolchain/risc-v embedded gcc/bin/../lib/gcc/riscv-none-embed/8.2.0/../../../../riscv-none-embed/lib/rv32imacxw/ilp32\libg_nano.a(lib_a-nano-reallocr.o)
 .debug_frame   0x00000000000021b0       0x30 c:/mounriver/mounriver_studio/toolchain/risc-v embedded gcc/bin/../lib/gcc/riscv-none-embed/8.2.0/../../../../riscv-none-embed/lib/rv32imacxw/ilp32\libg_nano.a(lib_a-readr.o)
 .debug_frame   0x00000000000021e0       0x70 c:/mounriver/mounriver_studio/toolchain/risc-v embedded gcc/bin/../lib/gcc/riscv-none-embed/8.2.0/../../../../riscv-none-embed/lib/rv32imacxw/ilp32\libg_nano.a(lib_a-reent.o)
 .debug_frame   0x0000000000002250       0x20 c:/mounriver/mounriver_studio/toolchain/risc-v embedded gcc/bin/../lib/gcc/riscv-none-embed/8.2.0/../../../../riscv-none-embed/lib/rv32imacxw/ilp32\libg_nano.a(lib_a-nano-msizer.o)
 .debug_frame   0x0000000000002270       0x20 c:/mounriver/mounriver_studio/toolchain/risc-v embedded gcc/bin/../lib/gcc/riscv-none-embed/8.2.0/../../../../riscv-none-embed/lib/rv32imacxw/ilp32\libnosys.a(close.o)
 .debug_frame   0x0000000000002290       0x20 c:/mounriver/mounriver_studio/toolchain/risc-v embedded gcc/bin/../lib/gcc/riscv-none-embed/8.2.0/../../../../riscv-none-embed/lib/rv32imacxw/ilp32\libnosys.a(fstat.o)
 .debug_frame   0x00000000000022b0       0x20 c:/mounriver/mounriver_studio/toolchain/risc-v embedded gcc/bin/../lib/gcc/riscv-none-embed/8.2.0/../../../../riscv-none-embed/lib/rv32imacxw/ilp32\libnosys.a(isatty.o)
 .debug_frame   0x00000000000022d0       0x20 c:/mounriver/mounriver_studio/toolchain/risc-v embedded gcc/bin/../lib/gcc/riscv-none-embed/8.2.0/../../../../riscv-none-embed/lib/rv32imacxw/ilp32\libnosys.a(lseek.o)
 .debug_frame   0x00000000000022f0       0x20 c:/mounriver/mounriver_studio/toolchain/risc-v embedded gcc/bin/../lib/gcc/riscv-none-embed/8.2.0/../../../../riscv-none-embed/lib/rv32imacxw/ilp32\libnosys.a(read.o)

.stab           0x0000000000000000       0x84
 .stab          0x0000000000000000       0x24 c:/mounriver/mounriver_studio/toolchain/risc-v embedded gcc/bin/../lib/gcc/riscv-none-embed/8.2.0/../../../../riscv-none-embed/lib/rv32imacxw/ilp32\libnosys.a(close.o)
 .stab          0x0000000000000024       0x18 c:/mounriver/mounriver_studio/toolchain/risc-v embedded gcc/bin/../lib/gcc/riscv-none-embed/8.2.0/../../../../riscv-none-embed/lib/rv32imacxw/ilp32\libnosys.a(fstat.o)
                                         0x24 (size before relaxing)
 .stab          0x000000000000003c       0x18 c:/mounriver/mounriver_studio/toolchain/risc-v embedded gcc/bin/../lib/gcc/riscv-none-embed/8.2.0/../../../../riscv-none-embed/lib/rv32imacxw/ilp32\libnosys.a(isatty.o)
                                         0x24 (size before relaxing)
 .stab          0x0000000000000054       0x18 c:/mounriver/mounriver_studio/toolchain/risc-v embedded gcc/bin/../lib/gcc/riscv-none-embed/8.2.0/../../../../riscv-none-embed/lib/rv32imacxw/ilp32\libnosys.a(lseek.o)
                                         0x24 (size before relaxing)
 .stab          0x000000000000006c       0x18 c:/mounriver/mounriver_studio/toolchain/risc-v embedded gcc/bin/../lib/gcc/riscv-none-embed/8.2.0/../../../../riscv-none-embed/lib/rv32imacxw/ilp32\libnosys.a(read.o)
                                         0x24 (size before relaxing)

.stabstr        0x0000000000000000      0x117
 .stabstr       0x0000000000000000      0x117 c:/mounriver/mounriver_studio/toolchain/risc-v embedded gcc/bin/../lib/gcc/riscv-none-embed/8.2.0/../../../../riscv-none-embed/lib/rv32imacxw/ilp32\libnosys.a(close.o)
